08-27 18:57:36.431  1911  2038 D CryptdConnector: RCV <- {200 522 0}
08-27 18:57:36.431  1911  1925 D CryptdConnector: SND -> {523 cryptfs getpwtype}
08-27 18:57:36.431   144   169 D VoldCryptCmdListener: cryptfs getpwtype
08-27 18:57:36.431   144   169 I Ext4Crypt: ext4 crypto complete called on /data
08-27 18:57:36.431   144   169 I Ext4Crypt: No master key, so not ext4enc
08-27 18:57:36.432  1911  2038 D CryptdConnector: RCV <- {213 523 pattern}
08-27 18:57:37.007  1911  1923 D WifiService: releaseWifiLockLocked: WifiLock{NlpWifiLock type=2 binder=android.os.BinderProxy@fd08af3}
08-27 18:57:39.279  1911  2383 D CryptdConnector: SND -> {524 cryptfs cryptocomplete}
08-27 18:57:39.279   144   169 I Ext4Crypt: ext4 crypto complete called on /data
08-27 18:57:39.279   144   169 I Ext4Crypt: No master key, so not ext4enc
08-27 18:57:39.280  1911  2038 D CryptdConnector: RCV <- {200 524 0}
08-27 18:57:39.280  1911  2383 D CryptdConnector: SND -> {525 cryptfs getpwtype}
08-27 18:57:39.280   144   169 D VoldCryptCmdListener: cryptfs getpwtype
08-27 18:57:39.280   144   169 I Ext4Crypt: ext4 crypto complete called on /data
08-27 18:57:39.280   144   169 I Ext4Crypt: No master key, so not ext4enc
08-27 18:57:39.281  1911  2038 D CryptdConnector: RCV <- {213 525 pattern}
08-27 19:00:14.408  1911  2651 D WifiService: acquireWifiLockLocked: WifiLock{NlpWifiLock type=2 binder=android.os.BinderProxy@7027864}
08-27 19:00:14.522  1911  1923 D WifiService: acquireWifiLockLocked: WifiLock{NlpWifiLock type=2 binder=android.os.BinderProxy@e13eacd}
08-27 19:00:14.746  1911  1925 D WifiService: releaseWifiLockLocked: WifiLock{NlpWifiLock type=2 binder=android.os.BinderProxy@e13eacd}
08-27 19:00:14.747  1911  3817 D WifiService: releaseWifiLockLocked: WifiLock{NlpWifiLock type=2 binder=android.os.BinderProxy@7027864}
08-27 19:03:36.417  1911  4213 D WifiService: acquireWifiLockLocked: WifiLock{NlpWifiLock type=2 binder=android.os.BinderProxy@2413af5}
08-27 19:03:37.092  1911  4010 D WifiService: releaseWifiLockLocked: WifiLock{NlpWifiLock type=2 binder=android.os.BinderProxy@2413af5}
08-27 19:09:36.533  1911  2789 D WifiService: acquireWifiLockLocked: WifiLock{NlpWifiLock type=2 binder=android.os.BinderProxy@eae99e4}
08-27 19:09:37.227  1911  2383 D WifiService: releaseWifiLockLocked: WifiLock{NlpWifiLock type=2 binder=android.os.BinderProxy@eae99e4}
08-27 19:10:14.190  1911  1935 I ProcessStatsService: Prepared write state in 11ms
08-27 19:10:14.209  1911  1934 I ProcessStatsService: Pruning old procstats: /data/system/procstats/state-2017-08-24-12-01-17.bin
08-27 19:15:36.600  1911  4213 D WifiService: acquireWifiLockLocked: WifiLock{NlpWifiLock type=2 binder=android.os.BinderProxy@eae99e4}
08-27 19:15:37.307  1911  4192 D WifiService: releaseWifiLockLocked: WifiLock{NlpWifiLock type=2 binder=android.os.BinderProxy@eae99e4}
08-27 19:21:36.725  1911  2789 D WifiService: acquireWifiLockLocked: WifiLock{NlpWifiLock type=2 binder=android.os.BinderProxy@eae99e4}
08-27 19:21:37.419  1911  4192 D WifiService: acquireWifiLockLocked: WifiLock{NlpWifiLock type=2 binder=android.os.BinderProxy@4b8169c}
08-27 19:21:37.483  1911  4192 D WifiService: releaseWifiLockLocked: WifiLock{NlpWifiLock type=2 binder=android.os.BinderProxy@eae99e4}
08-27 19:21:43.140  1911  3817 D WifiService: releaseWifiLockLocked: WifiLock{NlpWifiLock type=2 binder=android.os.BinderProxy@4b8169c}
08-27 19:22:10.003  1911  4287 I ActivityManager: Start proc 26432:com.google.android.gms.ui/u0a10 for service com.google.android.gms/.chimera.UiIntentOperationService
08-27 19:22:44.142  1911  4287 I ActivityManager: Killing 26534:com.google.android.apps.gcs/u0a9 (adj 15): empty #17
08-27 19:22:44.154  1911  2044 D WifiService: Client connection lost with reason: 4
08-27 19:22:44.161  1911  4192 D ActivityManager: cleanUpApplicationRecord -- 26534
08-27 19:27:36.837  1911  3754 D WifiService: acquireWifiLockLocked: WifiLock{NlpWifiLock type=2 binder=android.os.BinderProxy@d8979b1}
08-27 19:27:37.534  1911  3817 D WifiService: releaseWifiLockLocked: WifiLock{NlpWifiLock type=2 binder=android.os.BinderProxy@d8979b1}
08-27 19:33:36.902  1911  4192 D WifiService: acquireWifiLockLocked: WifiLock{NlpWifiLock type=2 binder=android.os.BinderProxy@d8979b1}
08-27 19:33:37.676  1911  3754 D WifiService: releaseWifiLockLocked: WifiLock{NlpWifiLock type=2 binder=android.os.BinderProxy@d8979b1}
08-27 19:38:43.143  1911  2789 D WifiService: acquireWifiLockLocked: WifiLock{NlpWifiLock type=2 binder=android.os.BinderProxy@620699a}
08-27 19:38:50.223  1911  4192 I ActivityManager: Start proc 27586:com.google.android.apps.gcs/u0a9 for broadcast com.google.android.apps.gcs/.receiver.WifiConnectionChangeReceiver
08-27 19:38:50.361  1911  2044 D WifiService: New client listening to asynchronous messages
08-27 19:38:50.393  1911  2492 I ActivityManager: Killing 14854:com.google.android.gms:snet/u0a10 (adj 15): empty #17
08-27 19:38:50.418  1911  1923 D ActivityManager: cleanUpApplicationRecord -- 14854
08-27 19:38:51.144  1911  2108 D WifiService: acquireWifiLockLocked: WifiLock{NlpWifiLock type=2 binder=android.os.BinderProxy@788b838}
08-27 19:38:51.339  1911  3754 D WifiService: releaseWifiLockLocked: WifiLock{NlpWifiLock type=2 binder=android.os.BinderProxy@788b838}
08-27 19:38:51.340  1911  3754 D WifiService: releaseWifiLockLocked: WifiLock{NlpWifiLock type=2 binder=android.os.BinderProxy@620699a}
08-27 19:39:38.066  1911  3817 D WifiService: acquireWifiLockLocked: WifiLock{NlpWifiLock type=2 binder=android.os.BinderProxy@2c75049}
08-27 19:39:38.119  1911  2185 D WifiService: acquireWifiLockLocked: WifiLock{NlpWifiLock type=2 binder=android.os.BinderProxy@ac99d4e}
08-27 19:39:38.121  1911  2492 D WifiService: acquireWifiLockLocked: WifiLock{NlpWifiLock type=2 binder=android.os.BinderProxy@788b838}
08-27 19:39:38.414  1911  4287 D WifiService: releaseWifiLockLocked: WifiLock{NlpWifiLock type=2 binder=android.os.BinderProxy@788b838}
08-27 19:39:38.415  1911  2492 D WifiService: releaseWifiLockLocked: WifiLock{NlpWifiLock type=2 binder=android.os.BinderProxy@ac99d4e}
08-27 19:39:38.833  1911  2108 D WifiService: releaseWifiLockLocked: WifiLock{NlpWifiLock type=2 binder=android.os.BinderProxy@2c75049}
08-27 19:44:51.339  1911  4287 D ConnectivityService: reportNetworkConnectivity(157, false) by 10010
08-27 19:44:51.619  1911  2045 D ConnectivityService: setProvNotificationVisibleIntent null visible=false networkType=MOBILE extraInfo=null highPriority=false
08-27 19:44:51.619  1911  2045 D ConnectivityService: NetworkAgentInfo [WIFI () - 157] validation  passed
08-27 19:45:51.400  1911  3816 D WifiService: acquireWifiLockLocked: WifiLock{NlpWifiLock type=2 binder=android.os.BinderProxy@b408065}
08-27 19:45:52.114  1911  3754 D WifiService: releaseWifiLockLocked: WifiLock{NlpWifiLock type=2 binder=android.os.BinderProxy@b408065}
08-27 19:52:14.054  1911  4287 D WifiService: acquireWifiLockLocked: WifiLock{NlpWifiLock type=2 binder=android.os.BinderProxy@b408065}
08-27 19:52:14.750  1911  2108 D WifiService: releaseWifiLockLocked: WifiLock{NlpWifiLock type=2 binder=android.os.BinderProxy@b408065}
08-27 19:58:14.331  1911  3754 D WifiService: acquireWifiLockLocked: WifiLock{NlpWifiLock type=2 binder=android.os.BinderProxy@76f5817}
08-27 19:58:15.122  1911  4010 D WifiService: releaseWifiLockLocked: WifiLock{NlpWifiLock type=2 binder=android.os.BinderProxy@76f5817}
08-27 20:02:31.671  1911  2789 D ConnectivityService: reportNetworkConnectivity(157, false) by 10010
08-27 20:02:31.676  1911  2045 D ConnectivityService: NetworkAgentInfo [WIFI () - 157] validation failed
08-27 20:02:31.676  1911  2045 D ConnectivityService: notifyType CAP_CHANGED for NetworkAgentInfo [WIFI () - 157]
08-27 20:02:31.681  1911  2045 D ConnectivityService: sendStickyBroadcast: action=android.net.conn.INET_CONDITION_ACTION
08-27 20:02:31.703  1911  2045 D ConnectivityService: NetworkAgentInfo [WIFI () - 157] EVENT_NETWORK_INFO_CHANGED, going from CONNECTED to DISCONNECTED
08-27 20:02:31.703  1911  2045 D ConnectivityService: NetworkAgentInfo [WIFI () - 157] got DISCONNECTED, was satisfying 9
08-27 20:02:31.770  1911  2045 D ConnectivityService: notifyType LOST for NetworkAgentInfo [WIFI () - 157]
08-27 20:02:31.892  1911  2045 D CSLegacyTypeTracker: Sending DISCONNECTED broadcast for type 1 NetworkAgentInfo [WIFI () - 157] isDefaultNetwork=true
08-27 20:02:31.893  1911  2045 D ConnectivityService: sendStickyBroadcast: action=android.net.conn.CONNECTIVITY_CHANGE
08-27 20:02:32.067  1911  2045 D ConnectivityService: setProvNotificationVisibleIntent null visible=false networkType=MOBILE extraInfo=null highPriority=false
08-27 20:02:32.855  1911  2043 D ConnectivityService: registerNetworkAgent NetworkAgentInfo{ ni{[type: WIFI[], state: CONNECTING/CONNECTING, reason: (unspecified), extra: "siekesor", roaming: false, failover: false, isAvailable: true]}  network{158}  lp{{InterfaceName: wlan0 LinkAddresses: []  Routes: [] DnsAddresses: [] Domains: null MTU: 0 TcpBufferSizes: 524288,1048576,2097152,262144,524288,1048576}}  nc{[ Transports: WIFI Capabilities: INTERNET&NOT_RESTRICTED&TRUSTED&NOT_VPN LinkUpBandwidth>=1048576Kbps LinkDnBandwidth>=1048576Kbps]}  Score{20}  everValidated{false}  lastValidated{false}  created{false} lingering{false} explicitlySelected{false} acceptUnvalidated{false} everCaptivePortalDetected{false} lastCaptivePortalDetected{false} }
08-27 20:02:32.855  1911  2045 D ConnectivityService: NetworkAgentInfo [WIFI () - 158] EVENT_NETWORK_INFO_CHANGED, going from null to CONNECTING
08-27 20:02:33.041  1911  2045 D ConnectivityService: NetworkAgentInfo [WIFI () - 158] EVENT_NETWORK_INFO_CHANGED, going from CONNECTING to CONNECTED
08-27 20:02:33.042  1911  2045 D ConnectivityService: Adding iface wlan0 to network 158
08-27 20:02:33.121  1911  2045 E ConnectivityService: Unexpected mtu value: 0, wlan0
08-27 20:02:33.122  1911  2045 D ConnectivityService: Adding Route [fe80::/64 -> :: wlan0] to network 158
08-27 20:02:33.123  1911  2045 D ConnectivityService: Adding Route [192.168.86.0/24 -> 0.0.0.0 wlan0] to network 158
08-27 20:02:33.124  1911  2045 D ConnectivityService: Adding Route [0.0.0.0/0 -> 192.168.86.1 wlan0] to network 158
08-27 20:02:33.125  1911  2045 D ConnectivityService: Setting Dns servers for network 158 to [/192.168.86.1]
08-27 20:02:33.143  1911  2045 D ConnectivityService: notifyType IP_CHANGED for NetworkAgentInfo [WIFI () - 158]
08-27 20:02:33.167  1911  2045 D ConnectivityService: scheduleUnvalidatedPrompt 158
08-27 20:02:33.167  1911  2045 D ConnectivityService: updateSignalStrengthThresholds: CONNECT, sending [] to NetworkAgentInfo [WIFI () - 158]
08-27 20:02:33.168  1911  2045 D ConnectivityService: rematch for NetworkAgentInfo [WIFI () - 158]
08-27 20:02:33.168  1911  2045 D ConnectivityService:    accepting network in place of null
08-27 20:02:33.169  1911  2045 D ConnectivityService: Switching to new default network: NetworkAgentInfo{ ni{[type: WIFI[], state: CONNECTED/CONNECTED, reason: (unspecified), extra: "siekesor", roaming: false, failover: false, isAvailable: true]}  network{158}  lp{{InterfaceName: wlan0 LinkAddresses: [fe80::c69a:2ff:fe59:dbb0/64,192.168.86.40/24,]  Routes: [fe80::/64 -> :: wlan0,192.168.86.0/24 -> 0.0.0.0 wlan0,0.0.0.0/0 -> 192.168.86.1 wlan0,] DnsAddresses: [192.168.86.1,] Domains: lan MTU: 0 TcpBufferSizes: 524288,1048576,2097152,262144,524288,1048576}}  nc{[ Transports: WIFI Capabilities: INTERNET&NOT_RESTRICTED&TRUSTED&NOT_VPN LinkUpBandwidth>=1048576Kbps LinkDnBandwidth>=1048576Kbps]}  Score{20}  everValidated{false}  lastValidated{false}  created{true} lingering{false} explicitlySelected{false} acceptUnvalidated{false} everCaptivePortalDetected{false} lastCaptivePortalDetected{false} }
08-27 20:02:33.225  1911  2045 D CSLegacyTypeTracker: Sending CONNECTED broadcast for type 1 NetworkAgentInfo [WIFI () - 158] isDefaultNetwork=true
08-27 20:02:33.225  1911  2045 D ConnectivityService: sendStickyBroadcast: action=android.net.conn.CONNECTIVITY_CHANGE
08-27 20:02:33.225  1911  2045 D ConnectivityService: notifyType PRECHECK for NetworkAgentInfo [WIFI () - 158]
08-27 20:02:33.272  1911  2045 D ConnectivityService: setProvNotificationVisibleIntent null visible=false networkType=MOBILE extraInfo=null highPriority=false
08-27 20:02:33.272  1911  2045 D ConnectivityService: NetworkAgentInfo [WIFI () - 158] validation  passed
08-27 20:02:33.272  1911  2045 D ConnectivityService: notifyType CAP_CHANGED for NetworkAgentInfo [WIFI () - 158]
08-27 20:02:33.275  1911  2045 D ConnectivityService: sendStickyBroadcast: action=android.net.conn.INET_CONDITION_ACTION
08-27 20:02:34.223  1911  2045 D ConnectivityService: NetTransition Wakelock (NetworkAgentInfo [WIFI () - 157] cleared because we found a replacement network
08-27 20:02:41.175  1911  2045 D ConnectivityService: handlePromptUnvalidated 158
08-27 20:04:14.441  1911  4287 D WifiService: acquireWifiLockLocked: WifiLock{NlpWifiLock type=2 binder=android.os.BinderProxy@2e9d979}
08-27 20:04:15.115  1911  2108 D WifiService: releaseWifiLockLocked: WifiLock{NlpWifiLock type=2 binder=android.os.BinderProxy@2e9d979}
08-27 20:10:14.491  1911  4010 D WifiService: acquireWifiLockLocked: WifiLock{NlpWifiLock type=2 binder=android.os.BinderProxy@2e9d979}
08-27 20:10:15.232  1911  4010 D WifiService: releaseWifiLockLocked: WifiLock{NlpWifiLock type=2 binder=android.os.BinderProxy@2e9d979}
08-27 20:16:14.540  1911  3817 D WifiService: acquireWifiLockLocked: WifiLock{NlpWifiLock type=2 binder=android.os.BinderProxy@2e9d979}
08-27 20:16:14.592  1911  4010 D WifiService: acquireWifiLockLocked: WifiLock{NlpWifiLock type=2 binder=android.os.BinderProxy@8cc63b6}
08-27 20:16:14.597  1911  1923 D WifiService: acquireWifiLockLocked: WifiLock{NlpWifiLock type=2 binder=android.os.BinderProxy@a2c18b7}
08-27 20:16:15.011  1911  3819 D WifiService: releaseWifiLockLocked: WifiLock{NlpWifiLock type=2 binder=android.os.BinderProxy@a2c18b7}
08-27 20:16:15.014  1911  2651 D WifiService: releaseWifiLockLocked: WifiLock{NlpWifiLock type=2 binder=android.os.BinderProxy@8cc63b6}
08-27 20:16:15.262  1911  3754 D WifiService: releaseWifiLockLocked: WifiLock{NlpWifiLock type=2 binder=android.os.BinderProxy@2e9d979}
08-27 20:20:04.233  1911  3754 I ActivityManager: Start proc 30490:com.google.android.gms:snet/u0a10 for service com.google.android.gms/.chimera.SnetIntentOperationService
08-27 20:22:10.136  1911  1934 I UsageStatsService: User[0] Flushing usage stats to disk
08-27 20:22:15.091  1911  2185 D WifiService: acquireWifiLockLocked: WifiLock{NlpWifiLock type=2 binder=android.os.BinderProxy@85b940}
08-27 20:22:15.765  1911  4287 D WifiService: releaseWifiLockLocked: WifiLock{NlpWifiLock type=2 binder=android.os.BinderProxy@85b940}
08-27 20:28:09.260  1911  1923 I ActivityManager: Killing 23506:com.google.process.gapps/u0a47 (adj 15): empty #17
08-27 20:28:11.188  1911  2108 D ActivityManager: cleanUpApplicationRecord -- 23506
08-27 20:28:15.171  1911  3817 D WifiService: acquireWifiLockLocked: WifiLock{NlpWifiLock type=2 binder=android.os.BinderProxy@fdd4a45}
08-27 20:28:15.887  1911  1925 D WifiService: acquireWifiLockLocked: WifiLock{NlpWifiLock type=2 binder=android.os.BinderProxy@32da99f}
08-27 20:28:16.087  1911  4192 D WifiService: releaseWifiLockLocked: WifiLock{NlpWifiLock type=2 binder=android.os.BinderProxy@32da99f}
08-27 20:28:16.148  1911  2789 D WifiService: releaseWifiLockLocked: WifiLock{NlpWifiLock type=2 binder=android.os.BinderProxy@fdd4a45}
08-27 20:34:15.286  1911  3816 D WifiService: acquireWifiLockLocked: WifiLock{NlpWifiLock type=2 binder=android.os.BinderProxy@e37f288}
08-27 20:34:16.015  1911  3819 D WifiService: releaseWifiLockLocked: WifiLock{NlpWifiLock type=2 binder=android.os.BinderProxy@e37f288}
08-27 20:35:16.193  1911  1935 I ActivityManager: Start proc 1102:com.google.android.talk/u0a54 for broadcast com.google.android.talk/com.google.android.apps.hangouts.realtimechat.MessagesAvailableReceiver
08-27 20:35:18.025  1911  4010 D CryptdConnector: SND -> {526 cryptfs cryptocomplete}
08-27 20:35:18.025   144   169 I Ext4Crypt: ext4 crypto complete called on /data
08-27 20:35:18.025   144   169 I Ext4Crypt: No master key, so not ext4enc
08-27 20:35:18.028  1911  2038 D CryptdConnector: RCV <- {200 526 0}
08-27 20:35:18.028  1911  4010 D CryptdConnector: SND -> {527 cryptfs getpwtype}
08-27 20:35:18.028   144   169 D VoldCryptCmdListener: cryptfs getpwtype
08-27 20:35:18.028   144   169 I Ext4Crypt: ext4 crypto complete called on /data
08-27 20:35:18.028   144   169 I Ext4Crypt: No master key, so not ext4enc
08-27 20:35:18.029  1911  2038 D CryptdConnector: RCV <- {213 527 pattern}
08-27 20:35:57.146  1911  2383 I ActivityManager: Killing 23538:com.google.android.keep/u0a71 (adj 15): empty #17
08-27 20:35:57.207  1911  3816 D ActivityManager: cleanUpApplicationRecord -- 23538
08-27 20:37:35.157  1911  4213 I Telecom : PhoneAccountRegistrar: SimCallManager queried, returning: null
08-27 20:37:35.183  1911  2108 I Telecom : PhoneAccountRegistrar: SimCallManager queried, returning: null
08-27 20:40:15.424  1911  2492 D WifiService: acquireWifiLockLocked: WifiLock{NlpWifiLock type=2 binder=android.os.BinderProxy@97c11d9}
08-27 20:40:16.184  1911  2789 D WifiService: releaseWifiLockLocked: WifiLock{NlpWifiLock type=2 binder=android.os.BinderProxy@97c11d9}
08-27 20:46:15.476  1911  3819 D WifiService: acquireWifiLockLocked: WifiLock{NlpWifiLock type=2 binder=android.os.BinderProxy@97c11d9}
08-27 20:46:16.219  1911  2651 D WifiService: releaseWifiLockLocked: WifiLock{NlpWifiLock type=2 binder=android.os.BinderProxy@97c11d9}
08-27 20:52:00.900  1911  4213 I ActivityManager: Start proc 3195:com.google.android.youtube/u0a80 for service com.google.android.youtube/com.google.android.libraries.youtube.common.gcore.gcoreclient.gcm.impl.GcmTaskServiceDelegator
08-27 20:52:00.963  1911  3817 I ActivityManager: Start proc 3208:com.google.android.music:main/u0a60 for service com.google.android.music/.sync.google.MusicGcmTaskService
08-27 20:52:02.585  1911  2185 D ConnectivityService: listenForNetwork for Listen from uid/pid:10080/3195 for NetworkRequest [ id=290, legacyType=-1, [ Capabilities: INTERNET&NOT_RESTRICTED&TRUSTED] ]
08-27 20:52:03.264  1911  2185 I ActivityManager: Killing 31423:android.process.acore/u0a2 (adj 15): empty #17
08-27 20:52:03.275  1911  3817 D ActivityManager: cleanUpApplicationRecord -- 31423
08-27 20:52:15.652  1911  2383 D WifiService: acquireWifiLockLocked: WifiLock{NlpWifiLock type=2 binder=android.os.BinderProxy@1afe23c}
08-27 20:52:16.331  1911  4010 D WifiService: acquireWifiLockLocked: WifiLock{NlpWifiLock type=2 binder=android.os.BinderProxy@50ff91a}
08-27 20:52:16.334  1911  2492 D WifiService: acquireWifiLockLocked: WifiLock{NlpWifiLock type=2 binder=android.os.BinderProxy@9cf2c4b}
08-27 20:52:16.395  1911  1925 D WifiService: releaseWifiLockLocked: WifiLock{NlpWifiLock type=2 binder=android.os.BinderProxy@1afe23c}
08-27 20:52:16.544  1911  4192 D WifiService: releaseWifiLockLocked: WifiLock{NlpWifiLock type=2 binder=android.os.BinderProxy@9cf2c4b}
08-27 20:52:16.545  1911  2383 D WifiService: releaseWifiLockLocked: WifiLock{NlpWifiLock type=2 binder=android.os.BinderProxy@50ff91a}
08-27 20:52:17.168  1911  2383 I ActivityManager: Killing 9030:com.google.android.apps.enterprise.dmagent/u0a38 (adj 15): empty #17
08-27 20:52:17.199  1911  2044 D WifiService: Client connection lost with reason: 4
08-27 20:52:17.207  1911  2651 D ActivityManager: cleanUpApplicationRecord -- 9030
08-27 20:58:15.806  1911  3817 D WifiService: acquireWifiLockLocked: WifiLock{NlpWifiLock type=2 binder=android.os.BinderProxy@7714fda}
08-27 20:58:16.507  1911  2185 D WifiService: releaseWifiLockLocked: WifiLock{NlpWifiLock type=2 binder=android.os.BinderProxy@7714fda}
08-27 21:04:15.969  1911  2789 D WifiService: acquireWifiLockLocked: WifiLock{NlpWifiLock type=2 binder=android.os.BinderProxy@17f0425}
08-27 21:04:16.724  1911  2651 D WifiService: releaseWifiLockLocked: WifiLock{NlpWifiLock type=2 binder=android.os.BinderProxy@17f0425}
08-27 21:10:16.079  1911  3819 D WifiService: acquireWifiLockLocked: WifiLock{NlpWifiLock type=2 binder=android.os.BinderProxy@17f0425}
08-27 21:10:16.773  1911  2492 D WifiService: releaseWifiLockLocked: WifiLock{NlpWifiLock type=2 binder=android.os.BinderProxy@17f0425}
08-27 21:16:16.203  1911  4287 D WifiService: acquireWifiLockLocked: WifiLock{NlpWifiLock type=2 binder=android.os.BinderProxy@9a5ae2c}
08-27 21:16:16.972  1911  3754 D WifiService: releaseWifiLockLocked: WifiLock{NlpWifiLock type=2 binder=android.os.BinderProxy@9a5ae2c}
08-27 21:19:54.137  1911  4213 I ActivityManager: Start proc 6073:android.process.acore/u0a2 for content provider com.android.providers.contacts/.ContactsProvider2
08-27 21:19:54.394  1911  3819 I ActivityManager: Killing 26432:com.google.android.gms.ui/u0a10 (adj 15): empty #17
08-27 21:19:54.443  1911  2789 D ActivityManager: cleanUpApplicationRecord -- 26432
08-27 21:19:54.539  1911  2383 I ActivityManager: Start proc 6094:com.google.process.gapps/u0a47 for content provider com.google.android.syncadapters.contacts/.GalProvider
08-27 21:19:54.552  1911  1923 I ActivityManager: Killing 2770:com.google.android.apps.maps/u0a58 (adj 15): empty #17
08-27 21:19:54.566  1911  2044 D WifiService: Client connection lost with reason: 4
08-27 21:19:54.566  1911  3817 D ConnectivityService: ConnectivityService NetworkRequestInfo binderDied(NetworkRequest [ id=287, legacyType=-1, [ Capabilities: INTERNET&NOT_RESTRICTED&TRUSTED] ], android.os.BinderProxy@91acaab)
08-27 21:19:54.567  1911  2045 D ConnectivityService: releasing NetworkRequest NetworkRequest [ id=287, legacyType=-1, [ Capabilities: INTERNET&NOT_RESTRICTED&TRUSTED] ]
08-27 21:19:54.572  1911  2045 E ConnectivityService: RemoteException caught trying to send a callback msg for NetworkRequest [ id=287, legacyType=-1, [ Capabilities: INTERNET&NOT_RESTRICTED&TRUSTED] ]
08-27 21:19:54.589  1911  3817 D ActivityManager: cleanUpApplicationRecord -- 2770
08-27 21:20:22.142  1911  4213 W ActivityManager: SLOW OOM ADJ: 1263ms for pid 4918 = 13
08-27 21:20:38.178  1911  2048 W ActivityManager: Slow operation: 1960ms so far, now at getContentProviderImpl: after updateOomAdj
08-27 21:20:38.185  1911  2048 W ActivityManager: Slow operation: 1967ms so far, now at getContentProviderImpl: done!
08-27 21:22:16.271  1911  1911 V BackupManagerService: Scheduling immediate backup pass
08-27 21:22:16.273  1911  1911 V BackupManagerService: Running a backup pass
08-27 21:22:16.292  1911  2059 V BackupManagerService: clearing pending backups
08-27 21:22:16.295  1911  2108 D WifiService: acquireWifiLockLocked: WifiLock{NlpWifiLock type=2 binder=android.os.BinderProxy@d62ff77}
08-27 21:22:16.333  1911  2059 V PerformBackupTask: Beginning backup of 3 targets
08-27 21:22:16.382  1911  2059 D PerformBackupTask: invokeAgentForBackup on @pm@
08-27 21:22:16.394  1911  2059 I BackupRestoreController: Getting widget state for user: 0
08-27 21:22:16.396  1911  2059 D PerformBackupTask: starting key/value backup of BackupRequest{pkg=com.google.android.music}
08-27 21:22:16.399  1911  2059 D BackupManagerService: awaiting agent for ApplicationInfo{36ca49e com.google.android.music}
08-27 21:22:16.404  1911  2492 D BackupManagerService: agentConnected pkg=com.google.android.music agent=android.os.BinderProxy@e2d185a
08-27 21:22:16.404  1911  2059 I BackupManagerService: got agent android.app.IBackupAgent$Stub$Proxy@63afa8b
08-27 21:22:16.404  1911  2059 D PerformBackupTask: invokeAgentForBackup on com.google.android.music
08-27 21:22:16.418  1911  2059 I BackupRestoreController: Getting widget state for user: 0
08-27 21:22:16.974  1911  3819 D WifiService: releaseWifiLockLocked: WifiLock{NlpWifiLock type=2 binder=android.os.BinderProxy@d62ff77}
08-27 21:22:18.043  1911  2059 D PerformBackupTask: starting key/value backup of BackupRequest{pkg=com.google.android.apps.gcs}
08-27 21:22:18.081  1911  2059 D BackupManagerService: awaiting agent for ApplicationInfo{77b83b3 com.google.android.apps.gcs}
08-27 21:22:18.094  1911  3816 D BackupManagerService: agentConnected pkg=com.google.android.apps.gcs agent=android.os.BinderProxy@7325262
08-27 21:22:18.094  1911  2059 I BackupManagerService: got agent android.app.IBackupAgent$Stub$Proxy@f531ff3
08-27 21:22:18.094  1911  2059 D PerformBackupTask: invokeAgentForBackup on com.google.android.apps.gcs
08-27 21:22:18.130  1911  2059 I BackupRestoreController: Getting widget state for user: 0
08-27 21:22:19.537  1911  2059 D PerformBackupTask: starting key/value backup of BackupRequest{pkg=com.google.android.inputmethod.latin}
08-27 21:22:19.551  1911  2059 D BackupManagerService: awaiting agent for ApplicationInfo{af5e5a2 com.google.android.inputmethod.latin}
08-27 21:22:19.567  1911  4192 D BackupManagerService: agentConnected pkg=com.google.android.inputmethod.latin agent=android.os.BinderProxy@e488bdc
08-27 21:22:19.567  1911  2059 I BackupManagerService: got agent android.app.IBackupAgent$Stub$Proxy@7a8c4e5
08-27 21:22:19.567  1911  2059 D PerformBackupTask: invokeAgentForBackup on com.google.android.inputmethod.latin
08-27 21:22:19.569  1911  2059 I BackupRestoreController: Getting widget state for user: 0
08-27 21:22:20.668  1911  2059 I BackupManagerService: Backup pass finished.
08-27 21:28:16.488  1911  2492 D WifiService: acquireWifiLockLocked: WifiLock{NlpWifiLock type=2 binder=android.os.BinderProxy@2e63d6e}
08-27 21:28:16.544  1911  2383 D WifiService: acquireWifiLockLocked: WifiLock{NlpWifiLock type=2 binder=android.os.BinderProxy@7793e88}
08-27 21:28:16.681  1911  2108 D WifiService: acquireWifiLockLocked: WifiLock{NlpWifiLock type=2 binder=android.os.BinderProxy@4dd4021}
08-27 21:28:17.159  1911  2789 D WifiService: releaseWifiLockLocked: WifiLock{NlpWifiLock type=2 binder=android.os.BinderProxy@2e63d6e}
08-27 21:28:17.180  1911  2789 D WifiService: releaseWifiLockLocked: WifiLock{NlpWifiLock type=2 binder=android.os.BinderProxy@4dd4021}
08-27 21:28:17.182  1911  2383 D WifiService: releaseWifiLockLocked: WifiLock{NlpWifiLock type=2 binder=android.os.BinderProxy@7793e88}
08-27 21:34:18.166  1911  1925 D WifiService: acquireWifiLockLocked: WifiLock{NlpWifiLock type=2 binder=android.os.BinderProxy@77ed225}
08-27 21:34:18.894  1911  3754 D WifiService: releaseWifiLockLocked: WifiLock{NlpWifiLock type=2 binder=android.os.BinderProxy@77ed225}
08-27 21:40:18.264  1911  2108 D WifiService: acquireWifiLockLocked: WifiLock{NlpWifiLock type=2 binder=android.os.BinderProxy@cd24d1}
08-27 21:40:18.954  1911  2651 D WifiService: releaseWifiLockLocked: WifiLock{NlpWifiLock type=2 binder=android.os.BinderProxy@cd24d1}
08-27 21:46:18.374  1911  2108 D WifiService: acquireWifiLockLocked: WifiLock{NlpWifiLock type=2 binder=android.os.BinderProxy@cd24d1}
08-27 21:46:19.100  1911  3816 D WifiService: releaseWifiLockLocked: WifiLock{NlpWifiLock type=2 binder=android.os.BinderProxy@cd24d1}
08-27 21:52:18.523  1911  2789 D WifiService: acquireWifiLockLocked: WifiLock{NlpWifiLock type=2 binder=android.os.BinderProxy@99093e}
08-27 21:52:19.201  1911  1923 D WifiService: releaseWifiLockLocked: WifiLock{NlpWifiLock type=2 binder=android.os.BinderProxy@99093e}
08-27 21:57:02.150  1911  1935 I ProcessStatsService: Prepared write state in 3ms
08-27 21:58:19.057  1911  1911 I ActivityManager: Start proc 8918:com.google.android.apps.enterprise.dmagent/u0a38 for service com.google.android.apps.enterprise.dmagent/.DeviceManagementJobService
08-27 21:58:19.086  1911  2185 D WifiService: acquireWifiLockLocked: WifiLock{NlpWifiLock type=2 binder=android.os.BinderProxy@99093e}
08-27 21:58:19.521  1911  2044 D WifiService: New client listening to asynchronous messages
08-27 21:58:19.528  1911  2383 D CryptdConnector: SND -> {528 cryptfs cryptocomplete}
08-27 21:58:19.528   144   169 I Ext4Crypt: ext4 crypto complete called on /data
08-27 21:58:19.528   144   169 I Ext4Crypt: No master key, so not ext4enc
08-27 21:58:19.529  1911  2038 D CryptdConnector: RCV <- {200 528 0}
08-27 21:58:19.529  1911  2383 D CryptdConnector: SND -> {529 cryptfs getpwtype}
08-27 21:58:19.529   144   169 D VoldCryptCmdListener: cryptfs getpwtype
08-27 21:58:19.529   144   169 I Ext4Crypt: ext4 crypto complete called on /data
08-27 21:58:19.529   144   169 I Ext4Crypt: No master key, so not ext4enc
08-27 21:58:19.530  1911  2038 D CryptdConnector: RCV <- {213 529 pattern}
08-27 21:58:19.551  1911  2108 D CryptdConnector: SND -> {530 cryptfs cryptocomplete}
08-27 21:58:19.551   144   169 I Ext4Crypt: ext4 crypto complete called on /data
08-27 21:58:19.551   144   169 I Ext4Crypt: No master key, so not ext4enc
08-27 21:58:19.552  1911  2038 D CryptdConnector: RCV <- {200 530 0}
08-27 21:58:19.552  1911  2108 D CryptdConnector: SND -> {531 cryptfs getpwtype}
08-27 21:58:19.553   144   169 D VoldCryptCmdListener: cryptfs getpwtype
08-27 21:58:19.553   144   169 I Ext4Crypt: ext4 crypto complete called on /data
08-27 21:58:19.553   144   169 I Ext4Crypt: No master key, so not ext4enc
08-27 21:58:19.553  1911  2038 D CryptdConnector: RCV <- {213 531 pattern}
08-27 21:58:19.555  1911  2383 D CryptdConnector: SND -> {532 cryptfs cryptocomplete}
08-27 21:58:19.555   144   169 I Ext4Crypt: ext4 crypto complete called on /data
08-27 21:58:19.555   144   169 I Ext4Crypt: No master key, so not ext4enc
08-27 21:58:19.556  1911  2038 D CryptdConnector: RCV <- {200 532 0}
08-27 21:58:19.556  1911  2383 D CryptdConnector: SND -> {533 cryptfs getpwtype}
08-27 21:58:19.556   144   169 D VoldCryptCmdListener: cryptfs getpwtype
08-27 21:58:19.556   144   169 I Ext4Crypt: ext4 crypto complete called on /data
08-27 21:58:19.556   144   169 I Ext4Crypt: No master key, so not ext4enc
08-27 21:58:19.557  1911  2038 D CryptdConnector: RCV <- {213 533 pattern}
08-27 21:58:19.725  1911  2383 D WifiService: releaseWifiLockLocked: WifiLock{NlpWifiLock type=2 binder=android.os.BinderProxy@99093e}
08-27 21:58:21.242  1911  1960 I PowerManagerService: Waking up from sleep (uid 1000)...
08-27 21:58:21.310  1911  1938 I BatteryStatsImpl: Resetting battery stats: level=100 status=3 dischargeLevel=100 lowAmount=53 highAmount=54
08-27 21:58:21.383  1911  1960 I DisplayPowerController: Blocking screen on until initial contents have been drawn.
08-27 21:58:21.482  1911  2045 D ConnectivityService: notifyType CAP_CHANGED for NetworkAgentInfo [WIFI () - 158]
08-27 21:58:21.563  1911  1950 I DisplayManagerService: Display device changed state: "Built-in Screen", ON
08-27 21:58:21.809  1911  1960 I DisplayPowerController: Unblocked screen on after 426 ms
08-27 21:58:21.958  1911  2035 I PowerManagerService: Going to sleep due to power button (uid 1000)...
08-27 21:58:21.959  1911  1960 I PowerManagerService: Sleeping (uid 1000)...
08-27 21:58:22.288  1911  3754 D CryptdConnector: SND -> {534 cryptfs cryptocomplete}
08-27 21:58:22.288   144   169 I Ext4Crypt: ext4 crypto complete called on /data
08-27 21:58:22.288   144   169 I Ext4Crypt: No master key, so not ext4enc
08-27 21:58:22.289  1911  2038 D CryptdConnector: RCV <- {200 534 0}
08-27 21:58:22.289  1911  3754 D CryptdConnector: SND -> {535 cryptfs getpwtype}
08-27 21:58:22.289   144   169 D VoldCryptCmdListener: cryptfs getpwtype
08-27 21:58:22.289   144   169 I Ext4Crypt: ext4 crypto complete called on /data
08-27 21:58:22.289   144   169 I Ext4Crypt: No master key, so not ext4enc
08-27 21:58:22.290  1911  2038 D CryptdConnector: RCV <- {213 535 pattern}
08-27 21:58:22.359  1911  2185 I ActivityManager: Killing 27586:com.google.android.apps.gcs/u0a9 (adj 15): empty #17
08-27 21:58:22.368  1911  2044 D WifiService: Client connection lost with reason: 4
08-27 21:58:22.387  1911  2651 D ActivityManager: cleanUpApplicationRecord -- 27586
08-27 21:58:22.564  1911  1950 I DisplayManagerService: Display device changed state: "Built-in Screen", OFF
08-27 21:58:23.019  1911  2035 I PowerManagerService: Waking up from sleep (uid 1000)...
08-27 21:58:23.027  1911  1960 I DisplayPowerController: Blocking screen on until initial contents have been drawn.
08-27 21:58:23.111  1911  1950 I DisplayManagerService: Display device changed state: "Built-in Screen", ON
08-27 21:58:23.188  1911  1960 I DisplayPowerController: Unblocked screen on after 162 ms
08-27 21:58:24.294  1911  3817 I ActivityManager: Start proc 9080:com.google.android.apps.gcs/u0a9 for broadcast com.google.android.apps.gcs/.receiver.WifiConnectionChangeReceiver
08-27 21:58:24.460  1911  2045 D ConnectivityService: notifyType CAP_CHANGED for NetworkAgentInfo [WIFI () - 158]
08-27 21:58:24.548  1911  2044 D WifiService: New client listening to asynchronous messages
08-27 21:58:24.575  1911  3816 I ActivityManager: Killing 22650:android.process.media/u0a7 (adj 15): empty #17
08-27 21:58:24.598  1911  4010 D ActivityManager: cleanUpApplicationRecord -- 22650
08-27 21:58:25.404  1911  3816 W InputMethodManagerService: Window already focused, ignoring focus gain of: com.android.internal.view.IInputMethodClient$Stub$Proxy@3228915 attribute=android.view.inputmethod.EditorInfo@6b6f42a, token = android.os.BinderProxy@5ccffb5
08-27 21:58:26.072  1911  2045 D ConnectivityService: notifyType CAP_CHANGED for NetworkAgentInfo [WIFI () - 158]
08-27 21:58:26.077  1911  2045 D ConnectivityService: updateNetworkScore for NetworkAgentInfo [WIFI () - 158] to 60
08-27 21:58:26.349  1911  2034 I ActivityManager: START u0 {act=android.intent.action.MAIN cat=[android.intent.category.HOME] flg=0x10200000 cmp=com.google.android.googlequicksearchbox/com.google.android.launcher.GEL (has extras)} from uid 1000 on display 0
08-27 21:58:38.637  1911  4010 I ActivityManager: START u0 {act=android.intent.action.VIEW dat=content://com.android.calendar/events/4540 typ=vnd.android.cursor.item/event flg=0x1000c000 pkg=com.google.android.calendar cmp=com.google.android.calendar/com.android.calendar.event.LaunchInfoActivity bnds=[438,1014][1044,1194] (has extras)} from uid 10033 on display 0
08-27 21:58:39.124  1911  1925 I ActivityManager: START u0 {act=android.intent.action.VIEW dat=content://com.android.calendar/events/4540 typ=vnd.android.cursor.item/event flg=0x1000c000 pkg=com.google.android.calendar cmp=com.google.android.calendar/.event.EventInfoActivity bnds=[438,1014][1044,1194] (has extras)} from uid 10033 on display 0
08-27 21:58:40.834  1911  4213 D ConnectivityService: listenForNetwork for Listen from uid/pid:10033/3027 for NetworkRequest [ id=291, legacyType=-1, [ Capabilities: INTERNET&NOT_RESTRICTED&TRUSTED] ]
08-27 21:58:44.286  1911  1964 I ActivityManager: Start proc 9337:com.android.defcontainer/u0a6 for service com.android.defcontainer/.DefaultContainerService
08-27 21:58:46.849  1911  2789 I ActivityManager: START u0 {act=android.intent.action.VIEW dat=content://com.android.calendar/events/4355 typ=vnd.android.cursor.item/event flg=0x1000c000 pkg=com.google.android.calendar cmp=com.google.android.calendar/com.android.calendar.event.LaunchInfoActivity bnds=[438,769][1044,949] (has extras)} from uid 10033 on display 0
08-27 21:58:46.895  1911  2492 I ActivityManager: START u0 {act=android.intent.action.VIEW dat=content://com.android.calendar/events/4355 typ=vnd.android.cursor.item/event flg=0x1000c000 pkg=com.google.android.calendar cmp=com.google.android.calendar/.event.EventInfoActivity bnds=[438,769][1044,949] (has extras)} from uid 10033 on display 0
08-27 21:58:54.392  1911  3816 I ActivityManager: Killing 30490:com.google.android.gms:snet/u0a10 (adj 15): empty #17
08-27 21:58:54.427  1911  2108 D ActivityManager: cleanUpApplicationRecord -- 30490
08-27 21:58:56.745  1911  2035 I PowerManagerService: Going to sleep due to power button (uid 1000)...
08-27 21:58:56.745  1911  1960 I PowerManagerService: Sleeping (uid 1000)...
08-27 21:58:57.266  1911  1950 I DisplayManagerService: Display device changed state: "Built-in Screen", OFF
08-27 21:58:58.080  1911  2059 V KeyValueBackupJob: Scheduling k/v pass in 240 minutes
08-27 22:04:20.133  1911  3819 D WifiService: acquireWifiLockLocked: WifiLock{NlpWifiLock type=2 binder=android.os.BinderProxy@2156bac}
08-27 22:04:20.158  1911  3817 D WifiService: acquireWifiLockLocked: WifiLock{NlpWifiLock type=2 binder=android.os.BinderProxy@cf57075}
08-27 22:04:20.166  1911  3816 D WifiService: acquireWifiLockLocked: WifiLock{NlpWifiLock type=2 binder=android.os.BinderProxy@e399ef1}
08-27 22:04:20.589  1911  2651 D WifiService: releaseWifiLockLocked: WifiLock{NlpWifiLock type=2 binder=android.os.BinderProxy@e399ef1}
08-27 22:04:20.593  1911  4192 D WifiService: releaseWifiLockLocked: WifiLock{NlpWifiLock type=2 binder=android.os.BinderProxy@cf57075}
08-27 22:04:20.777  1911  2789 D WifiService: releaseWifiLockLocked: WifiLock{NlpWifiLock type=2 binder=android.os.BinderProxy@2156bac}
08-27 22:08:21.309  1911  1935 I ActivityManager: Waited long enough for: ServiceRecord{e0f93ee u0 com.android.providers.calendar/.EmptyService}
08-27 22:10:21.141  1911  2651 D WifiService: acquireWifiLockLocked: WifiLock{NlpWifiLock type=2 binder=android.os.BinderProxy@2156bac}
08-27 22:10:21.856  1911  2383 D WifiService: releaseWifiLockLocked: WifiLock{NlpWifiLock type=2 binder=android.os.BinderProxy@2156bac}
08-27 22:16:21.272  1911  1925 D WifiService: acquireWifiLockLocked: WifiLock{NlpWifiLock type=2 binder=android.os.BinderProxy@2156bac}
08-27 22:16:22.012  1911  2651 D WifiService: releaseWifiLockLocked: WifiLock{NlpWifiLock type=2 binder=android.os.BinderProxy@2156bac}
08-27 22:22:21.433  1911  1923 D WifiService: acquireWifiLockLocked: WifiLock{NlpWifiLock type=2 binder=android.os.BinderProxy@2156bac}
08-27 22:22:22.140  1911  2383 D WifiService: releaseWifiLockLocked: WifiLock{NlpWifiLock type=2 binder=android.os.BinderProxy@2156bac}
08-27 22:28:57.308  1911  2651 D WifiService: acquireWifiLockLocked: WifiLock{NlpWifiLock type=2 binder=android.os.BinderProxy@3e3b763}
08-27 22:28:58.007  1911  2789 D WifiService: releaseWifiLockLocked: WifiLock{NlpWifiLock type=2 binder=android.os.BinderProxy@3e3b763}
08-27 22:29:06.214  1911  3754 I ActivityManager: Killing 3195:com.google.android.youtube/u0a80 (adj 15): empty #17
08-27 22:29:06.230  1911  2108 D ConnectivityService: ConnectivityService NetworkRequestInfo binderDied(NetworkRequest [ id=290, legacyType=-1, [ Capabilities: INTERNET&NOT_RESTRICTED&TRUSTED] ], android.os.BinderProxy@2dcfd89)
08-27 22:29:06.231  1911  2045 D ConnectivityService: releasing NetworkRequest NetworkRequest [ id=290, legacyType=-1, [ Capabilities: INTERNET&NOT_RESTRICTED&TRUSTED] ]
08-27 22:29:06.231  1911  2045 E ConnectivityService: RemoteException caught trying to send a callback msg for NetworkRequest [ id=290, legacyType=-1, [ Capabilities: INTERNET&NOT_RESTRICTED&TRUSTED] ]
08-27 22:29:06.237  1911  2108 D ActivityManager: cleanUpApplicationRecord -- 3195
08-27 22:31:03.141  1911  2789 I ActivityManager: Start proc 10185:com.google.android.apps.maps/u0a58 for service com.google.android.apps.maps/com.google.android.apps.gmm.traffic.notification.service.AreaTrafficNotificationService
08-27 22:31:04.704  1911  2651 D ConnectivityService: listenForNetwork for Listen from uid/pid:10058/10185 for NetworkRequest [ id=292, legacyType=-1, [ Capabilities: INTERNET&NOT_RESTRICTED&TRUSTED] ]
08-27 22:31:04.914  1911  2044 D WifiService: New client listening to asynchronous messages
08-27 22:31:14.055  1911  4010 D WifiService: acquireWifiLockLocked: WifiLock{NlpWifiLock type=2 binder=android.os.BinderProxy@3bb7070}
08-27 22:31:14.709  1911  2383 D WifiService: releaseWifiLockLocked: WifiLock{NlpWifiLock type=2 binder=android.os.BinderProxy@3bb7070}
08-27 22:37:15.158  1911  2383 D WifiService: acquireWifiLockLocked: WifiLock{NlpWifiLock type=2 binder=android.os.BinderProxy@3bb7070}
08-27 22:37:15.873  1911  1925 D WifiService: releaseWifiLockLocked: WifiLock{NlpWifiLock type=2 binder=android.os.BinderProxy@3bb7070}
08-27 22:43:15.167  1911  2492 D WifiService: acquireWifiLockLocked: WifiLock{NlpWifiLock type=2 binder=android.os.BinderProxy@2b736e7}
08-27 22:43:15.195  1911  2383 D WifiService: acquireWifiLockLocked: WifiLock{NlpWifiLock type=2 binder=android.os.BinderProxy@866f294}
08-27 22:43:15.198  1911  2108 D WifiService: acquireWifiLockLocked: WifiLock{NlpWifiLock type=2 binder=android.os.BinderProxy@436913d}
08-27 22:43:15.875  1911  2383 D WifiService: releaseWifiLockLocked: WifiLock{NlpWifiLock type=2 binder=android.os.BinderProxy@2b736e7}
08-27 22:43:15.883  1911  4192 D WifiService: releaseWifiLockLocked: WifiLock{NlpWifiLock type=2 binder=android.os.BinderProxy@436913d}
08-27 22:43:15.885  1911  3819 D WifiService: releaseWifiLockLocked: WifiLock{NlpWifiLock type=2 binder=android.os.BinderProxy@866f294}
08-27 22:43:15.999  1911  1935 I ActivityManager: Waited long enough for: ServiceRecord{6a78a80 u0 com.android.providers.calendar/.EmptyService}
08-27 22:49:16.065  1911  2651 D WifiService: acquireWifiLockLocked: WifiLock{NlpWifiLock type=2 binder=android.os.BinderProxy@2b736e7}
08-27 22:49:16.734  1911  2789 D WifiService: releaseWifiLockLocked: WifiLock{NlpWifiLock type=2 binder=android.os.BinderProxy@2b736e7}
08-27 22:52:51.227  1911  1935 W ProcessCpuTracker: Skipping unknown process pid 10704
08-27 22:52:51.228  1911  1935 W ProcessCpuTracker: Skipping unknown process pid 10707
08-27 22:52:51.230  1911  1935 W ProcessCpuTracker: Skipping unknown process pid 10725
08-27 22:52:51.230  1911  1935 W ProcessCpuTracker: Skipping unknown process pid 10726
08-27 22:53:49.042  1911  3816 W ActivityManager: SLOW OOM ADJ: 27530ms for pid 4966 = 1
08-27 22:55:17.087  1911  3817 D WifiService: acquireWifiLockLocked: WifiLock{NlpWifiLock type=2 binder=android.os.BinderProxy@97e7414}
08-27 22:55:17.770  1911  4287 D WifiService: releaseWifiLockLocked: WifiLock{NlpWifiLock type=2 binder=android.os.BinderProxy@97e7414}
08-27 23:01:17.281  1911  2492 D WifiService: acquireWifiLockLocked: WifiLock{NlpWifiLock type=2 binder=android.os.BinderProxy@b0c59d0}
08-27 23:01:18.026  1911  2185 D WifiService: releaseWifiLockLocked: WifiLock{NlpWifiLock type=2 binder=android.os.BinderProxy@b0c59d0}
08-27 23:03:22.733  1911  1911 D AnyMotionDetector: angleBetween: this = timeMillisSinceBoot=477074107 | x=0.022643005, y=0.7974067, z=0.6030172, other = timeMillisSinceBoot=477314540 | x=0.02236109, y=0.7974625, z=0.60295403
08-27 23:03:22.733  1911  1911 D AnyMotionDetector:     degrees = 0.019782341029446364, returnValue = 0.01978234
08-27 23:09:58.099  1911  1911 D JobSchedulerService: Receieved: android.os.action.DEVICE_IDLE_MODE_CHANGED
08-27 23:56:27.088  1911  2492 D WifiService: acquireWifiLockLocked: WifiLock{NlpWifiLock type=2 binder=android.os.BinderProxy@b0c59d0}
08-27 23:56:27.089  1911  3817 D WifiService: releaseWifiLockLocked: WifiLock{NlpWifiLock type=2 binder=android.os.BinderProxy@b0c59d0}
08-27 23:56:27.369  1911  1911 D JobSchedulerService: Receieved: android.os.action.DEVICE_IDLE_MODE_CHANGED
08-27 23:56:27.568  1911  2651 D WifiService: acquireWifiLockLocked: WifiLock{NlpWifiLock type=2 binder=android.os.BinderProxy@dc42f87}
08-27 23:56:27.716  1911  2383 D WifiService: acquireWifiLockLocked: WifiLock{NlpWifiLock type=2 binder=android.os.BinderProxy@4d9155a}
08-27 23:56:27.881  1911  3816 D WifiService: releaseWifiLockLocked: WifiLock{NlpWifiLock type=2 binder=android.os.BinderProxy@4d9155a}
08-27 23:56:27.897  1911  4010 D WifiService: releaseWifiLockLocked: WifiLock{NlpWifiLock type=2 binder=android.os.BinderProxy@dc42f87}
08-27 23:56:33.834  1911  3816 I ActivityManager: Start proc 11400:android.process.media/u0a7 for content provider com.android.providers.downloads/.DownloadProvider
08-27 23:56:34.029 11400 11419 W ActivityThread: ClassLoader.loadClass: The class loader returned by Thread.getContextClassLoader() may fail for processes that host multiple applications. You should explicitly specify a context class loader. For example: Thread.setContextClassLoader(getClass().getClassLoader());
08-27 23:56:35.308  1911  4010 I ActivityManager: Killing 3208:com.google.android.music:main/u0a60 (adj 15): empty #17
08-27 23:56:35.358  1911  3817 D ActivityManager: cleanUpApplicationRecord -- 3208
08-28 00:00:00.053  1911  1911 I ActivityManager: Start proc 11535:com.qualcomm.timeservice/u0a75 for broadcast com.qualcomm.timeservice/.TimeServiceBroadcastReceiver
08-28 00:00:00.140  1911  2492 I ActivityManager: Start proc 11549:com.google.android.keep/u0a71 for broadcast com.google.android.keep/.notification.ReminderNotificationReceiver
08-28 00:00:00.142  1911  2492 I ActivityManager: Killing 6094:com.google.process.gapps/u0a47 (adj 15): empty #17
08-28 00:00:00.166  1911  3819 D ActivityManager: cleanUpApplicationRecord -- 6094
08-28 00:00:28.430  1911  1935 W ProcessCpuTracker: Skipping unknown process pid 11643
08-28 00:00:28.432  1911  1935 W ProcessCpuTracker: Skipping unknown process pid 11644
08-28 00:00:28.433  1911  1935 W ProcessCpuTracker: Skipping unknown process pid 11647
08-28 00:00:28.434  1911  1935 W ProcessCpuTracker: Skipping unknown process pid 11648
08-28 00:00:28.435  1911  1935 W ProcessCpuTracker: Skipping unknown process pid 11651
08-28 00:00:28.436  1911  1935 W ProcessCpuTracker: Skipping unknown process pid 11652
08-28 00:00:28.437  1911  1935 W ProcessCpuTracker: Skipping unknown process pid 11653
08-28 00:00:28.438  1911  1935 W ProcessCpuTracker: Skipping unknown process pid 11654
08-28 00:00:28.439  1911  1935 W ProcessCpuTracker: Skipping unknown process pid 11655
08-28 00:00:28.440  1911  1935 W ProcessCpuTracker: Skipping unknown process pid 11656
08-28 00:00:28.441  1911  1935 W ProcessCpuTracker: Skipping unknown process pid 11659
08-28 00:01:29.185  1911  3819 D WifiService: acquireWifiLockLocked: WifiLock{NlpWifiLock type=2 binder=android.os.BinderProxy@f0ac416}
08-28 00:01:29.263  1911  1911 D JobSchedulerService: Receieved: android.os.action.DEVICE_IDLE_MODE_CHANGED
08-28 00:01:29.266  1911  1925 D WifiService: releaseWifiLockLocked: WifiLock{NlpWifiLock type=2 binder=android.os.BinderProxy@f0ac416}
08-28 00:01:29.500  1911  2492 I ActivityManager: Killing 2674:com.android.vending/u0a19 (adj 15): empty #17
08-28 00:01:29.526  1911  4213 D ConnectivityService: ConnectivityService NetworkRequestInfo binderDied(NetworkRequest [ id=286, legacyType=-1, [ Capabilities: INTERNET&NOT_RESTRICTED&TRUSTED] ], android.os.BinderProxy@e586197)
08-28 00:01:29.527  1911  2045 D ConnectivityService: releasing NetworkRequest NetworkRequest [ id=286, legacyType=-1, [ Capabilities: INTERNET&NOT_RESTRICTED&TRUSTED] ]
08-28 00:01:29.528  1911  2045 E ConnectivityService: RemoteException caught trying to send a callback msg for NetworkRequest [ id=286, legacyType=-1, [ Capabilities: INTERNET&NOT_RESTRICTED&TRUSTED] ]
08-28 00:01:29.580  1911  4213 D ActivityManager: cleanUpApplicationRecord -- 2674
08-28 01:46:57.277  1911  4213 D WifiService: acquireWifiLockLocked: WifiLock{NlpWifiLock type=2 binder=android.os.BinderProxy@f0ac416}
08-28 01:46:57.280  1911  2492 D WifiService: releaseWifiLockLocked: WifiLock{NlpWifiLock type=2 binder=android.os.BinderProxy@f0ac416}
08-28 01:46:57.481  1911  1911 D JobSchedulerService: Receieved: android.os.action.DEVICE_IDLE_MODE_CHANGED
08-28 01:46:57.720  1911  4010 D CryptdConnector: SND -> {536 cryptfs cryptocomplete}
08-28 01:46:57.720   144   169 I Ext4Crypt: ext4 crypto complete called on /data
08-28 01:46:57.721   144   169 I Ext4Crypt: No master key, so not ext4enc
08-28 01:46:57.721  1911  2038 D CryptdConnector: RCV <- {200 536 0}
08-28 01:46:57.722  1911  4010 D CryptdConnector: SND -> {537 cryptfs getpwtype}
08-28 01:46:57.722   144   169 D VoldCryptCmdListener: cryptfs getpwtype
08-28 01:46:57.722   144   169 I Ext4Crypt: ext4 crypto complete called on /data
08-28 01:46:57.722   144   169 I Ext4Crypt: No master key, so not ext4enc
08-28 01:46:57.722  1911  2038 D CryptdConnector: RCV <- {213 537 pattern}
08-28 01:46:57.736  1911  2185 D WifiService: acquireWifiLockLocked: WifiLock{NlpWifiLock type=2 binder=android.os.BinderProxy@eb9a3dc}
08-28 01:46:57.785  1911  2492 D CryptdConnector: SND -> {538 cryptfs cryptocomplete}
08-28 01:46:57.785   144   169 I Ext4Crypt: ext4 crypto complete called on /data
08-28 01:46:57.785   144   169 I Ext4Crypt: No master key, so not ext4enc
08-28 01:46:57.788  1911  2038 D CryptdConnector: RCV <- {200 538 0}
08-28 01:46:57.788  1911  2492 D CryptdConnector: SND -> {539 cryptfs getpwtype}
08-28 01:46:57.788   144   169 D VoldCryptCmdListener: cryptfs getpwtype
08-28 01:46:57.788   144   169 I Ext4Crypt: ext4 crypto complete called on /data
08-28 01:46:57.788   144   169 I Ext4Crypt: No master key, so not ext4enc
08-28 01:46:57.789  1911  2038 D CryptdConnector: RCV <- {213 539 pattern}
08-28 01:46:57.812  1911  4192 D CryptdConnector: SND -> {540 cryptfs cryptocomplete}
08-28 01:46:57.812   144   169 I Ext4Crypt: ext4 crypto complete called on /data
08-28 01:46:57.812   144   169 I Ext4Crypt: No master key, so not ext4enc
08-28 01:46:57.813  1911  2038 D CryptdConnector: RCV <- {200 540 0}
08-28 01:46:57.813  1911  4192 D CryptdConnector: SND -> {541 cryptfs getpwtype}
08-28 01:46:57.813   144   169 D VoldCryptCmdListener: cryptfs getpwtype
08-28 01:46:57.813   144   169 I Ext4Crypt: ext4 crypto complete called on /data
08-28 01:46:57.813   144   169 I Ext4Crypt: No master key, so not ext4enc
08-28 01:46:57.814  1911  2038 D CryptdConnector: RCV <- {213 541 pattern}
08-28 01:47:00.033  1911  2492 D CryptdConnector: SND -> {542 cryptfs cryptocomplete}
08-28 01:47:00.033   144   169 I Ext4Crypt: ext4 crypto complete called on /data
08-28 01:47:00.033   144   169 I Ext4Crypt: No master key, so not ext4enc
08-28 01:47:00.034  1911  2038 D CryptdConnector: RCV <- {200 542 0}
08-28 01:47:00.034  1911  2492 D CryptdConnector: SND -> {543 cryptfs getpwtype}
08-28 01:47:00.034   144   169 D VoldCryptCmdListener: cryptfs getpwtype
