08-28 08:16:26.891  1911  1934 I UsageStatsService: User[0] Flushing usage stats to disk
08-28 08:17:00.358  1911  2045 D ConnectivityService: updateNetworkScore for NetworkAgentInfo [WIFI () - 165] to 60
08-28 08:17:03.400  1911  2045 D ConnectivityService: updateNetworkScore for NetworkAgentInfo [WIFI () - 165] to 56
08-28 08:17:12.500  1911  2045 D ConnectivityService: notifyType CAP_CHANGED for NetworkAgentInfo [WIFI () - 165]
08-28 08:17:12.512  1911  2045 D ConnectivityService: updateNetworkScore for NetworkAgentInfo [WIFI () - 165] to 60
08-28 08:17:15.561  1911  2045 D ConnectivityService: notifyType CAP_CHANGED for NetworkAgentInfo [WIFI () - 165]
08-28 08:17:18.597  1911  2045 D ConnectivityService: updateNetworkScore for NetworkAgentInfo [WIFI () - 165] to 56
08-28 08:17:20.126  1911  1960 I PowerManagerService: Going to sleep due to screen timeout (uid 1000)...
08-28 08:17:20.128  1911  1960 I PowerManagerService: Sleeping (uid 1000)...
08-28 08:17:20.741  1911  1950 I DisplayManagerService: Display device changed state: "Built-in Screen", OFF
08-28 08:17:21.132  1911  3819 D WifiService: acquireWifiLockLocked: WifiLock{NlpWifiLock type=2 binder=android.os.BinderProxy@1f7571b}
08-28 08:17:21.136  1911  2383 D WifiService: acquireWifiLockLocked: WifiLock{NlpWifiLock type=2 binder=android.os.BinderProxy@cbc80b8}
08-28 08:17:21.270  1911  3816 D WifiService: releaseWifiLockLocked: WifiLock{NlpWifiLock type=2 binder=android.os.BinderProxy@cbc80b8}
08-28 08:17:21.271  1911  2651 D WifiService: releaseWifiLockLocked: WifiLock{NlpWifiLock type=2 binder=android.os.BinderProxy@1f7571b}
08-28 08:18:46.179  1911  2383 D WifiService: acquireWifiLockLocked: WifiLock{NlpWifiLock type=2 binder=android.os.BinderProxy@5ad87e8}
08-28 08:18:46.831  1911  4192 D WifiService: releaseWifiLockLocked: WifiLock{NlpWifiLock type=2 binder=android.os.BinderProxy@5ad87e8}
08-28 08:23:47.091  1911  4213 D WifiService: acquireWifiLockLocked: WifiLock{NlpWifiLock type=2 binder=android.os.BinderProxy@1d97995}
08-28 08:23:47.771  1911  4287 D WifiService: releaseWifiLockLocked: WifiLock{NlpWifiLock type=2 binder=android.os.BinderProxy@1d97995}
08-28 08:25:15.167  1911  1935 I ActivityManager: Waited long enough for: ServiceRecord{ed234af u0 com.android.providers.calendar/.EmptyService}
08-28 08:29:15.058  1911  2185 D WifiService: acquireWifiLockLocked: WifiLock{NlpWifiLock type=2 binder=android.os.BinderProxy@4848afc}
08-28 08:29:15.740  1911  4287 D WifiService: releaseWifiLockLocked: WifiLock{NlpWifiLock type=2 binder=android.os.BinderProxy@4848afc}
08-28 08:30:05.475  1911  1935 W ProcessCpuTracker: Skipping unknown process pid 27524
08-28 08:30:05.477  1911  1935 W ProcessCpuTracker: Skipping unknown process pid 27527
08-28 08:30:05.477  1911  1935 W ProcessCpuTracker: Skipping unknown process pid 27528
08-28 08:30:05.478  1911  1935 W ProcessCpuTracker: Skipping unknown process pid 27531
08-28 08:35:16.063  1911  2185 D WifiService: acquireWifiLockLocked: WifiLock{NlpWifiLock type=2 binder=android.os.BinderProxy@25c4276}
08-28 08:35:16.756  1911  3816 D WifiService: releaseWifiLockLocked: WifiLock{NlpWifiLock type=2 binder=android.os.BinderProxy@25c4276}
08-28 08:41:17.063  1911  4010 D WifiService: acquireWifiLockLocked: WifiLock{NlpWifiLock type=2 binder=android.os.BinderProxy@f169b32}
08-28 08:41:17.736  1911  3819 D WifiService: releaseWifiLockLocked: WifiLock{NlpWifiLock type=2 binder=android.os.BinderProxy@f169b32}
08-28 08:43:55.043  1911  2035 I PowerManagerService: Waking up from sleep (uid 1000)...
08-28 08:43:55.050  1911  1960 I DisplayPowerController: Blocking screen on until initial contents have been drawn.
08-28 08:43:55.088  1911  2045 D ConnectivityService: notifyType CAP_CHANGED for NetworkAgentInfo [WIFI () - 165]
08-28 08:43:55.129  1911  1950 I DisplayManagerService: Display device changed state: "Built-in Screen", ON
08-28 08:43:55.207  1911  1960 I DisplayPowerController: Unblocked screen on after 157 ms
08-28 08:43:58.111  1911  2045 D ConnectivityService: updateNetworkScore for NetworkAgentInfo [WIFI () - 165] to 60
08-28 08:43:59.195  1911  3819 W InputMethodManagerService: Window already focused, ignoring focus gain of: com.android.internal.view.IInputMethodClient$Stub$Proxy@7da6251 attribute=android.view.inputmethod.EditorInfo@d96bab6, token = android.os.BinderProxy@b1a17f5
08-28 08:44:00.295  1911  2108 I ActivityManager: START u0 {act=android.intent.action.MAIN cat=[android.intent.category.LAUNCHER] flg=0x10200000 cmp=com.chrome.dev/com.google.android.apps.chrome.Main bnds=[12,374][276,655] (has extras)} from uid 10026 on display 0
08-28 08:44:00.524  1911  2789 D ConnectivityService: listenForNetwork for Listen from uid/pid:10084/31355 for NetworkRequest [ id=296, legacyType=-1, [ Capabilities: INTERNET&NOT_RESTRICTED&TRUSTED] ]
08-28 08:44:00.557  1911  3817 I ActivityManager: START u0 {act=android.intent.action.MAIN cat=[android.intent.category.LAUNCHER] flg=0x14002000 cmp=com.chrome.dev/org.chromium.chrome.browser.ChromeTabbedActivity bnds=[12,374][276,655] (has extras)} from uid 10084 on display 0
08-28 08:44:01.127  1911  2045 D ConnectivityService: notifyType CAP_CHANGED for NetworkAgentInfo [WIFI () - 165]
08-28 08:44:03.592  1911  2032 I ActivityManager: Start proc 28457:com.android.vending/u0a19 for service com.android.vending/com.google.android.finsky.scheduler.AlarmEngineService
08-28 08:44:03.798  1911  4213 I ActivityManager: Start proc 28483:com.chrome.dev:sandboxed_process5/u0i76 for service com.chrome.dev/org.chromium.content.app.SandboxedProcessService5
08-28 08:44:04.137  1911  2045 D ConnectivityService: notifyType CAP_CHANGED for NetworkAgentInfo [WIFI () - 165]
08-28 08:44:04.788  1911  1923 D ConnectivityService: listenForNetwork for Listen from uid/pid:10019/28457 for NetworkRequest [ id=297, legacyType=-1, [ Capabilities: INTERNET&NOT_RESTRICTED&TRUSTED] ]
08-28 08:44:08.564  1911  1923 I ActivityManager: Start proc 28624:com.chrome.dev:sandboxed_process6/u0i77 for service com.chrome.dev/org.chromium.content.app.SandboxedProcessService6
08-28 08:44:09.433  1911  4287 I ActivityManager: Process com.chrome.dev:sandboxed_process5 (pid 28483) has died
08-28 08:44:09.433  1911  4287 D ActivityManager: cleanUpApplicationRecord -- 28483
08-28 08:44:09.433  1911  4287 W ActivityManager: Scheduling restart of crashed service com.chrome.dev/org.chromium.content.app.SandboxedProcessService5 in 1000ms
08-28 08:44:10.157  1911  2045 D ConnectivityService: notifyType CAP_CHANGED for NetworkAgentInfo [WIFI () - 165]
08-28 08:44:11.453  1911  4287 I ActivityManager: Process com.chrome.dev:sandboxed_process6 (pid 28624) has died
08-28 08:44:11.453  1911  4287 D ActivityManager: cleanUpApplicationRecord -- 28624
08-28 08:44:13.057  1911  1959 W ProcessCpuTracker: Skipping unknown process pid 28695
08-28 08:44:13.057  1911  1959 W ProcessCpuTracker: Skipping unknown process pid 28696
08-28 08:44:13.058  1911  1959 W ProcessCpuTracker: Skipping unknown process pid 28698
08-28 08:44:13.058  1911  1959 W ProcessCpuTracker: Skipping unknown process pid 28699
08-28 08:44:13.059  1911  1959 W ProcessCpuTracker: Skipping unknown process pid 28700
08-28 08:44:13.059  1911  1959 W ProcessCpuTracker: Skipping unknown process pid 28701
08-28 08:44:13.173  1911  2045 D ConnectivityService: notifyType CAP_CHANGED for NetworkAgentInfo [WIFI () - 165]
08-28 08:44:16.188  1911  2045 D ConnectivityService: notifyType CAP_CHANGED for NetworkAgentInfo [WIFI () - 165]
08-28 08:44:16.243  1911  2651 I ActivityManager: Start proc 28768:com.chrome.dev:sandboxed_process7/u0i78 for service com.chrome.dev/org.chromium.content.app.SandboxedProcessService7
08-28 08:44:16.653  1911  4010 I ActivityManager: Process com.chrome.dev:sandboxed_process2 (pid 31552) has died
08-28 08:44:16.653  1911  4010 D ActivityManager: cleanUpApplicationRecord -- 31552
08-28 08:44:25.239  1911  2045 D ConnectivityService: notifyType CAP_CHANGED for NetworkAgentInfo [WIFI () - 165]
08-28 08:44:37.319  1911  2045 D ConnectivityService: notifyType CAP_CHANGED for NetworkAgentInfo [WIFI () - 165]
08-28 08:44:38.006  1911  3816 I ActivityManager: Start proc 28956:com.chrome.dev:sandboxed_process8/u0i79 for service com.chrome.dev/org.chromium.content.app.SandboxedProcessService8
08-28 08:44:40.331  1911  2045 D ConnectivityService: notifyType CAP_CHANGED for NetworkAgentInfo [WIFI () - 165]
08-28 08:44:45.683  1911  2492 I ActivityManager: Process com.chrome.dev:sandboxed_process7 (pid 28768) has died
08-28 08:44:45.683  1911  2492 D ActivityManager: cleanUpApplicationRecord -- 28768
08-28 08:44:45.683  1911  2492 W ActivityManager: Scheduling restart of crashed service com.chrome.dev/org.chromium.content.app.SandboxedProcessService7 in 1000ms
08-28 08:44:49.406  1911  2045 D ConnectivityService: updateNetworkScore for NetworkAgentInfo [WIFI () - 165] to 56
08-28 08:44:50.670  1911  2185 I ActivityManager: START u0 {cmp=com.chrome.dev/org.chromium.chrome.browser.preferences.Preferences} from uid 10084 on display 0
08-28 08:44:50.681  1911  3816 W InputMethodManagerService: Window already focused, ignoring focus gain of: com.android.internal.view.IInputMethodClient$Stub$Proxy@cf4ea1a attribute=null, token = android.os.BinderProxy@a2501e3
08-28 08:44:50.760  1911  2045 D ConnectivityService: releasing NetworkRequest NetworkRequest [ id=296, legacyType=-1, [ Capabilities: INTERNET&NOT_RESTRICTED&TRUSTED] ]
08-28 08:44:50.837  1911  2185 D ConnectivityService: listenForNetwork for Listen from uid/pid:10084/31355 for NetworkRequest [ id=298, legacyType=-1, [ Capabilities: INTERNET&NOT_RESTRICTED&TRUSTED] ]
08-28 08:44:52.415  1911  4287 I ActivityManager: Start proc 29078:com.chrome.dev:sandboxed_process9/u0i80 for service com.chrome.dev/org.chromium.content.app.SandboxedProcessService9
08-28 08:44:52.419  1911  2045 D ConnectivityService: updateNetworkScore for NetworkAgentInfo [WIFI () - 165] to 60
08-28 08:44:53.029  1911  2045 D ConnectivityService: releasing NetworkRequest NetworkRequest [ id=298, legacyType=-1, [ Capabilities: INTERNET&NOT_RESTRICTED&TRUSTED] ]
08-28 08:44:53.066  1911  2185 D ConnectivityService: listenForNetwork for Listen from uid/pid:10084/31355 for NetworkRequest [ id=299, legacyType=-1, [ Capabilities: INTERNET&NOT_RESTRICTED&TRUSTED] ]
08-28 08:44:55.965  1911  1923 W InputMethodManagerService: Window already focused, ignoring focus gain of: com.android.internal.view.IInputMethodClient$Stub$Proxy@7cc3800 attribute=android.view.inputmethod.EditorInfo@b040839, token = android.os.BinderProxy@a2501e3
08-28 08:44:57.603  1911  2789 I ActivityManager: Process com.chrome.dev:sandboxed_process9 (pid 29078) has died
08-28 08:44:57.603  1911  2789 D ActivityManager: cleanUpApplicationRecord -- 29078
08-28 08:44:57.604  1911  2789 W ActivityManager: Scheduling restart of crashed service com.chrome.dev/org.chromium.content.app.SandboxedProcessService9 in 1000ms
08-28 08:45:07.510  1911  2045 D ConnectivityService: updateNetworkScore for NetworkAgentInfo [WIFI () - 165] to 56
08-28 08:45:28.811  1911  4192 W InputMethodManagerService: Window already focused, ignoring focus gain of: com.android.internal.view.IInputMethodClient$Stub$Proxy@cfe579a attribute=null, token = android.os.BinderProxy@a2501e3
08-28 08:45:36.102  1911  2045 D ConnectivityService: releasing NetworkRequest NetworkRequest [ id=299, legacyType=-1, [ Capabilities: INTERNET&NOT_RESTRICTED&TRUSTED] ]
08-28 08:45:36.582  1911  2383 I ActivityManager: Process com.chrome.dev:sandboxed_process8 (pid 28956) has died
08-28 08:45:36.583  1911  2383 D ActivityManager: cleanUpApplicationRecord -- 28956
08-28 08:45:36.583  1911  2383 W ActivityManager: Scheduling restart of crashed service com.chrome.dev/org.chromium.content.app.SandboxedProcessService8 in 1000ms
08-28 08:45:36.585  1911  4287 I ActivityManager: START u0 {flg=0x10000000 cmp=com.chrome.dev/org.chromium.chrome.browser.BrowserRestartActivity (has extras)} from uid 10084 on display 0
08-28 08:45:36.607  1911  3817 I ActivityManager: Start proc 29303:com.chrome.dev:browser_restart_process/u0a84 for activity com.chrome.dev/org.chromium.chrome.browser.BrowserRestartActivity
08-28 08:45:36.618  1911  4192 I ActivityManager: Killing 14823:com.google.process.gapps/u0a47 (adj 15): empty #17
08-28 08:45:36.693  1911  4192 I ActivityManager: Killing 12182:com.google.android.instantapps.supervisor/u0a83 (adj 15): empty #18
08-28 08:45:36.737  1911  3754 D ActivityManager: cleanUpApplicationRecord -- 14823
08-28 08:45:36.738  1911  2185 D ActivityManager: cleanUpApplicationRecord -- 12182
08-28 08:45:36.781  1911  3817 I ActivityManager: START u0 {act=android.intent.action.MAIN flg=0x10000000 pkg=com.chrome.dev cmp=com.chrome.dev/com.google.android.apps.chrome.Main} from uid 10084 on display 0
08-28 08:45:36.837  1911  1923 D ConnectivityService: ConnectivityService NetworkRequestInfo binderDied(NetworkRequest [ id=236, legacyType=-1, [ Capabilities: INTERNET&NOT_RESTRICTED&TRUSTED] ], android.os.BinderProxy@876c814)
08-28 08:45:36.838  1911  2045 D ConnectivityService: releasing NetworkRequest NetworkRequest [ id=236, legacyType=-1, [ Capabilities: INTERNET&NOT_RESTRICTED&TRUSTED] ]
08-28 08:45:36.839  1911  2045 E ConnectivityService: RemoteException caught trying to send a callback msg for NetworkRequest [ id=236, legacyType=-1, [ Capabilities: INTERNET&NOT_RESTRICTED&TRUSTED] ]
08-28 08:45:36.854  1911  2789 I ActivityManager: Process com.chrome.dev:browser_restart_process (pid 29303) has died
08-28 08:45:36.854  1911  2789 D ActivityManager: cleanUpApplicationRecord -- 29303
08-28 08:45:36.907  1911  2789 W ActivityManager: Exception when starting activity com.chrome.dev/com.google.android.apps.chrome.Main
08-28 08:45:36.907  1911  2789 W ActivityManager: android.os.DeadObjectException
08-28 08:45:36.907  1911  2789 W ActivityManager: 	at android.os.BinderProxy.transactNative(Native Method)
08-28 08:45:36.907  1911  2789 W ActivityManager: 	at android.os.BinderProxy.transact(Binder.java:503)
08-28 08:45:36.907  1911  2789 W ActivityManager: 	at android.app.ApplicationThreadProxy.scheduleLaunchActivity(ApplicationThreadNative.java:826)
08-28 08:45:36.907  1911  2789 W ActivityManager: 	at com.android.server.am.ActivityStackSupervisor.realStartActivityLocked(ActivityStackSupervisor.java:1284)
08-28 08:45:36.907  1911  2789 W ActivityManager: 	at com.android.server.am.ActivityStackSupervisor.startSpecificActivityLocked(ActivityStackSupervisor.java:1384)
08-28 08:45:36.907  1911  2789 W ActivityManager: 	at com.android.server.am.ActivityStack.resumeTopActivityInnerLocked(ActivityStack.java:2007)
08-28 08:45:36.907  1911  2789 W ActivityManager: 	at com.android.server.am.ActivityStack.resumeTopActivityLocked(ActivityStack.java:1554)
08-28 08:45:36.907  1911  2789 W ActivityManager: 	at com.android.server.am.ActivityStackSupervisor.resumeTopActivitiesLocked(ActivityStackSupervisor.java:2735)
08-28 08:45:36.907  1911  2789 W ActivityManager: 	at com.android.server.am.ActivityStackSupervisor.resumeTopActivitiesLocked(ActivityStackSupervisor.java:2724)
08-28 08:45:36.907  1911  2789 W ActivityManager: 	at com.android.server.am.ActivityManagerService.handleAppDiedLocked(ActivityManagerService.java:4602)
08-28 08:45:36.907  1911  2789 W ActivityManager: 	at com.android.server.am.ActivityManagerService.appDiedLocked(ActivityManagerService.java:4740)
08-28 08:45:36.907  1911  2789 W ActivityManager: 	at com.android.server.am.ActivityManagerService$AppDeathRecipient.binderDied(ActivityManagerService.java:1324)
08-28 08:45:36.907  1911  2789 W ActivityManager: 	at android.os.BinderProxy.sendDeathNotice(Binder.java:558)
08-28 08:45:36.924  1911  2789 D ActivityManager: cleanUpApplicationRecord -- 31355
08-28 08:45:36.926  1911  2789 W ActivityManager: Exception when unbinding service com.chrome.dev/org.chromium.content.app.PrivilegedProcessService0
08-28 08:45:36.926  1911  2789 W ActivityManager: android.os.DeadObjectException
08-28 08:45:36.926  1911  2789 W ActivityManager: 	at android.os.BinderProxy.transactNative(Native Method)
08-28 08:45:36.926  1911  2789 W ActivityManager: 	at android.os.BinderProxy.transact(Binder.java:503)
08-28 08:45:36.926  1911  2789 W ActivityManager: 	at android.app.ApplicationThreadProxy.scheduleUnbindService(ApplicationThreadNative.java:956)
08-28 08:45:36.926  1911  2789 W ActivityManager: 	at com.android.server.am.ActiveServices.removeConnectionLocked(ActiveServices.java:1874)
08-28 08:45:36.926  1911  2789 W ActivityManager: 	at com.android.server.am.ActiveServices.killServicesLocked(ActiveServices.java:2237)
08-28 08:45:36.926  1911  2789 W ActivityManager: 	at com.android.server.am.ActivityManagerService.cleanUpApplicationRecordLocked(ActivityManagerService.java:15554)
08-28 08:45:36.926  1911  2789 W ActivityManager: 	at com.android.server.am.ActivityManagerService.handleAppDiedLocked(ActivityManagerService.java:4576)
08-28 08:45:36.926  1911  2789 W ActivityManager: 	at com.android.server.am.ActivityManagerService.startProcessLocked(ActivityManagerService.java:3193)
08-28 08:45:36.926  1911  2789 W ActivityManager: 	at com.android.server.am.ActivityManagerService.startProcessLocked(ActivityManagerService.java:3110)
08-28 08:45:36.926  1911  2789 W ActivityManager: 	at com.android.server.am.ActivityStackSupervisor.startSpecificActivityLocked(ActivityStackSupervisor.java:1395)
08-28 08:45:36.926  1911  2789 W ActivityManager: 	at com.android.server.am.ActivityStack.resumeTopActivityInnerLocked(ActivityStack.java:2007)
08-28 08:45:36.926  1911  2789 W ActivityManager: 	at com.android.server.am.ActivityStack.resumeTopActivityLocked(ActivityStack.java:1554)
08-28 08:45:36.926  1911  2789 W ActivityManager: 	at com.android.server.am.ActivityStackSupervisor.resumeTopActivitiesLocked(ActivityStackSupervisor.java:2735)
08-28 08:45:36.926  1911  2789 W ActivityManager: 	at com.android.server.am.ActivityStackSupervisor.resumeTopActivitiesLocked(ActivityStackSupervisor.java:2724)
08-28 08:45:36.926  1911  2789 W ActivityManager: 	at com.android.server.am.ActivityManagerService.handleAppDiedLocked(ActivityManagerService.java:4602)
08-28 08:45:36.926  1911  2789 W ActivityManager: 	at com.android.server.am.ActivityManagerService.appDiedLocked(ActivityManagerService.java:4740)
08-28 08:45:36.926  1911  2789 W ActivityManager: 	at com.android.server.am.ActivityManagerService$AppDeathRecipient.binderDied(ActivityManagerService.java:1324)
08-28 08:45:36.926  1911  2789 W ActivityManager: 	at android.os.BinderProxy.sendDeathNotice(Binder.java:558)
08-28 08:45:36.936  1911  2789 I ActivityManager: Start proc 29316:com.chrome.dev/u0a84 for activity com.chrome.dev/com.google.android.apps.chrome.Main
08-28 08:45:36.963  1911  1925 I ActivityManager: Process com.chrome.dev:privileged_process0 (pid 31441) has died
08-28 08:45:36.963  1911  1925 D ActivityManager: cleanUpApplicationRecord -- 31441
08-28 08:45:36.964  1911  1923 W ActivityManager: Spurious death for ProcessRecord{29cf06b 29316:com.chrome.dev/u0a84}, curProc for 31355: null
08-28 08:45:37.038  1911  2492 I ActivityManager: START u0 {act=android.intent.action.MAIN flg=0x14002000 pkg=com.chrome.dev cmp=com.chrome.dev/org.chromium.chrome.browser.ChromeTabbedActivity (has extras)} from uid 10084 on display 0
08-28 08:45:37.359  1911  2789 I ActivityManager: Start proc 29343:com.chrome.dev:sandboxed_process0/u0i81 for service com.chrome.dev/org.chromium.content.app.SandboxedProcessService0
08-28 08:45:37.679  1911  2045 D ConnectivityService: updateNetworkScore for NetworkAgentInfo [WIFI () - 165] to 60
08-28 08:45:37.970  1911  3754 I ActivityManager: Start proc 29382:com.chrome.dev:privileged_process0/u0a84 for service com.chrome.dev/org.chromium.content.app.PrivilegedProcessService0
08-28 08:45:38.030  1911  3817 D ConnectivityService: listenForNetwork for Listen from uid/pid:10084/29316 for NetworkRequest [ id=300, legacyType=-1, [ Capabilities: INTERNET&NOT_RESTRICTED&TRUSTED] ]
08-28 08:45:38.090  1911  2185 D ConnectivityService: listenForNetwork for Listen from uid/pid:10084/29316 for NetworkRequest [ id=301, legacyType=-1, [ Capabilities: INTERNET&NOT_RESTRICTED&TRUSTED] ]
08-28 08:45:39.790  1911  2034 I ActivityManager: START u0 {act=android.intent.action.MAIN cat=[android.intent.category.HOME] flg=0x10200000 cmp=com.google.android.googlequicksearchbox/com.google.android.launcher.GEL (has extras)} from uid 1000 on display 0
08-28 08:45:39.910  1911  2045 D ConnectivityService: releasing NetworkRequest NetworkRequest [ id=301, legacyType=-1, [ Capabilities: INTERNET&NOT_RESTRICTED&TRUSTED] ]
08-28 08:45:45.845  1911  3819 I ActivityManager: START u0 {act=android.intent.action.MAIN cat=[android.intent.category.LAUNCHER] flg=0x10200000 cmp=com.google.android.gm/.ConversationListActivityGmail (has extras)} from uid 10026 on display 0
08-28 08:45:48.060  1911  2789 I ActivityManager: START u0 {act=com.android.mail.intent.action.LAUNCH_COMPOSE flg=0x8080000 pkg=com.google.android.gm cmp=com.google.android.gm/.ComposeActivityGmail (has extras)} from uid 10070 on display 0
08-28 08:45:48.656  1911  2492 D ConnectivityService: listenForNetwork for Listen from uid/pid:10070/9189 for NetworkRequest [ id=302, legacyType=-1, [ Capabilities: INTERNET&NOT_RESTRICTED&TRUSTED] ]
08-28 08:45:48.935  1911  3817 W AppOps  : Bad call: specified package com.google.android.gms under uid 10070 but it is really 10010
08-28 08:45:48.935  1911  4010 W AppOps  : Bad call: specified package com.google.android.gms under uid 10070 but it is really 10010
08-28 08:45:48.936  1911  2651 W AppOps  : Bad call: specified package com.google.android.gms under uid 10070 but it is really 10010
08-28 08:45:48.937  1911  3754 W AppOps  : Bad call: specified package com.google.android.gms under uid 10070 but it is really 10010
08-28 08:45:49.241  1911  3816 D ConnectivityService: listenForNetwork for Listen from uid/pid:10010/4966 for NetworkRequest [ id=303, legacyType=-1, [ Capabilities: INTERNET&NOT_RESTRICTED&TRUSTED&NOT_VPN] ]
08-28 08:45:49.481  1911  2492 W AppOps  : Bad call: specified package com.google.android.gms under uid 10070 but it is really 10010
08-28 08:45:50.094  1911  2492 D WifiService: acquireWifiLockLocked: WifiLock{MetadataSyncChimeraService type=1 binder=android.os.BinderProxy@5c454c3}
08-28 08:45:51.488  1911  2185 I ActivityManager: Start proc 29619:com.google.process.gapps/u0a47 for content provider com.google.android.syncadapters.contacts/.GalProvider
08-28 08:45:56.953  1911  3817 W AppOps  : Bad call: specified package com.google.android.gms under uid 10070 but it is really 10010
08-28 08:45:56.970  1911  2789 W AppOps  : Bad call: specified package com.google.android.gms under uid 10070 but it is really 10010
08-28 08:45:56.970  1911  2383 W AppOps  : Bad call: specified package com.google.android.gms under uid 10070 but it is really 10010
08-28 08:45:56.972  1911  2492 W AppOps  : Bad call: specified package com.google.android.gms under uid 10070 but it is really 10010
08-28 08:45:57.024  1911  3754 W AppOps  : Bad call: specified package com.google.android.gms under uid 10070 but it is really 10010
08-28 08:45:57.418  1911  2108 D WifiService: releaseWifiLockLocked: WifiLock{MetadataSyncChimeraService type=1 binder=android.os.BinderProxy@5c454c3}
08-28 08:45:57.469  1911  4287 D WifiService: acquireWifiLockLocked: WifiLock{MetadataSyncChimeraService type=1 binder=android.os.BinderProxy@38b7006}
08-28 08:45:58.121  1911  2789 W AppOps  : Bad call: specified package com.google.android.gms under uid 10070 but it is really 10010
08-28 08:45:58.123  1911  2108 W AppOps  : Bad call: specified package com.google.android.gms under uid 10070 but it is really 10010
08-28 08:45:58.123  1911  2492 W AppOps  : Bad call: specified package com.google.android.gms under uid 10070 but it is really 10010
08-28 08:45:58.124  1911  4192 W AppOps  : Bad call: specified package com.google.android.gms under uid 10070 but it is really 10010
08-28 08:45:58.217  1911  3819 W AppOps  : Bad call: specified package com.google.android.gms under uid 10070 but it is really 10010
08-28 08:45:58.429  1911  2789 D WifiService: releaseWifiLockLocked: WifiLock{MetadataSyncChimeraService type=1 binder=android.os.BinderProxy@38b7006}
08-28 08:46:00.159  1911  2034 I ActivityManager: START u0 {act=android.intent.action.MAIN cat=[android.intent.category.HOME] flg=0x10200000 cmp=com.google.android.googlequicksearchbox/com.google.android.launcher.GEL (has extras)} from uid 1000 on display 0
08-28 08:46:01.129  1911  2185 I ActivityManager: START u0 {act=android.intent.action.MAIN cat=[android.intent.category.LAUNCHER] flg=0x10200000 cmp=com.chrome.dev/com.google.android.apps.chrome.Main bnds=[12,374][276,655] (has extras)} from uid 10026 on display 0
08-28 08:46:01.157  1911  4192 D ConnectivityService: listenForNetwork for Listen from uid/pid:10084/29316 for NetworkRequest [ id=304, legacyType=-1, [ Capabilities: INTERNET&NOT_RESTRICTED&TRUSTED] ]
08-28 08:46:01.169  1911  2492 I ActivityManager: START u0 {act=android.intent.action.MAIN cat=[android.intent.category.LAUNCHER] flg=0x14002000 cmp=com.chrome.dev/org.chromium.chrome.browser.ChromeTabbedActivity bnds=[12,374][276,655] (has extras)} from uid 10084 on display 0
08-28 08:46:03.608  1911  2045 D ConnectivityService: releasing NetworkRequest NetworkRequest [ id=302, legacyType=-1, [ Capabilities: INTERNET&NOT_RESTRICTED&TRUSTED] ]
08-28 08:46:03.944  1911  3817 I ActivityManager: Start proc 29886:com.chrome.dev:sandboxed_process1/u0i82 for service com.chrome.dev/org.chromium.content.app.SandboxedProcessService1
08-28 08:46:06.623  1911  1923 I ActivityManager: Process com.chrome.dev:sandboxed_process0 (pid 29343) has died
08-28 08:46:06.623  1911  1923 D ActivityManager: cleanUpApplicationRecord -- 29343
08-28 08:46:13.877  1911  2045 D ConnectivityService: notifyType CAP_CHANGED for NetworkAgentInfo [WIFI () - 165]
08-28 08:46:19.947  1911  2045 D ConnectivityService: notifyType CAP_CHANGED for NetworkAgentInfo [WIFI () - 165]
08-28 08:46:20.473  1911  2651 D WifiService: acquireWifiLockLocked: WifiLock{NlpWifiLock type=2 binder=android.os.BinderProxy@4a77497}
08-28 08:46:21.154  1911  3754 D WifiService: releaseWifiLockLocked: WifiLock{NlpWifiLock type=2 binder=android.os.BinderProxy@4a77497}
08-28 08:46:29.035  1911  2045 D ConnectivityService: updateNetworkScore for NetworkAgentInfo [WIFI () - 165] to 56
08-28 08:46:50.219  1911  2045 D ConnectivityService: updateNetworkScore for NetworkAgentInfo [WIFI () - 165] to 60
08-28 08:46:56.274  1911  2045 D ConnectivityService: notifyType CAP_CHANGED for NetworkAgentInfo [WIFI () - 165]
08-28 08:46:59.018  1911  2108 I ActivityManager: START u0 {act=com.google.android.gms.wallet.ib.INSTANT_BUY flg=0x10000 pkg=com.google.android.gms cmp=com.google.android.gms/.wallet.ib.IbActivity (has extras)} from uid 10010 on display 0
08-28 08:46:59.073  1911  2045 D ConnectivityService: releasing NetworkRequest NetworkRequest [ id=304, legacyType=-1, [ Capabilities: INTERNET&NOT_RESTRICTED&TRUSTED] ]
08-28 08:46:59.085  1911  2492 I ActivityManager: Start proc 30300:com.google.android.gms.ui/u0a10 for activity com.google.android.gms/.wallet.ib.IbActivity
08-28 08:46:59.301  1911  2045 D ConnectivityService: notifyType CAP_CHANGED for NetworkAgentInfo [WIFI () - 165]
08-28 08:47:02.324  1911  2045 D ConnectivityService: notifyType CAP_CHANGED for NetworkAgentInfo [WIFI () - 165]
08-28 08:47:05.882  1911  3754 D ConnectivityService: listenForNetwork for Listen from uid/pid:10084/29316 for NetworkRequest [ id=305, legacyType=-1, [ Capabilities: INTERNET&NOT_RESTRICTED&TRUSTED] ]
08-28 08:47:08.393  1911  2045 D ConnectivityService: notifyType CAP_CHANGED for NetworkAgentInfo [WIFI () - 165]
08-28 08:47:17.466  1911  2045 D ConnectivityService: updateNetworkScore for NetworkAgentInfo [WIFI () - 165] to 56
08-28 08:47:20.494  1911  2045 D ConnectivityService: notifyType CAP_CHANGED for NetworkAgentInfo [WIFI () - 165]
08-28 08:47:23.528  1911  2045 D ConnectivityService: updateNetworkScore for NetworkAgentInfo [WIFI () - 165] to 60
08-28 08:47:26.549  1911  2045 D ConnectivityService: notifyType CAP_CHANGED for NetworkAgentInfo [WIFI () - 165]
08-28 08:47:29.572  1911  2045 D ConnectivityService: notifyType CAP_CHANGED for NetworkAgentInfo [WIFI () - 165]
08-28 08:47:32.608  1911  2045 D ConnectivityService: notifyType CAP_CHANGED for NetworkAgentInfo [WIFI () - 165]
08-28 08:47:33.033  1911  2789 I ActivityManager: START u0 {act=com.google.android.gms.wallet.ib.INSTANT_BUY flg=0x10000 pkg=com.google.android.gms cmp=com.google.android.gms/.wallet.ib.IbActivity (has extras)} from uid 10010 on display 0
08-28 08:47:33.086  1911  2045 D ConnectivityService: releasing NetworkRequest NetworkRequest [ id=305, legacyType=-1, [ Capabilities: INTERNET&NOT_RESTRICTED&TRUSTED] ]
08-28 08:47:38.460  1911  2651 D ConnectivityService: listenForNetwork for Listen from uid/pid:10084/29316 for NetworkRequest [ id=306, legacyType=-1, [ Capabilities: INTERNET&NOT_RESTRICTED&TRUSTED] ]
08-28 08:47:38.539  1911  3816 W InputMethodManagerService: Window already focused, ignoring focus gain of: com.android.internal.view.IInputMethodClient$Stub$Proxy@572ca03 attribute=null, token = android.os.BinderProxy@ad2ce3c
08-28 08:47:38.637  1911  2045 D ConnectivityService: notifyType CAP_CHANGED for NetworkAgentInfo [WIFI () - 165]
08-28 08:47:44.656  1911  2045 D ConnectivityService: notifyType CAP_CHANGED for NetworkAgentInfo [WIFI () - 165]
08-28 08:47:53.775  1911  2045 D ConnectivityService: notifyType CAP_CHANGED for NetworkAgentInfo [WIFI () - 165]
08-28 08:47:53.833  1911  2045 D ConnectivityService: updateNetworkScore for NetworkAgentInfo [WIFI () - 165] to 56
08-28 08:47:56.820  1911  2045 D ConnectivityService: notifyType CAP_CHANGED for NetworkAgentInfo [WIFI () - 165]
08-28 08:48:07.821  1911  1935 I ProcessStatsService: Prepared write state in 5ms
08-28 08:48:07.886  1911  1934 I ProcessStatsService: Pruning old procstats: /data/system/procstats/state-2017-08-24-23-24-54.bin
08-28 08:48:08.977  1911  2045 D ConnectivityService: updateNetworkScore for NetworkAgentInfo [WIFI () - 165] to 60
08-28 08:48:11.997  1911  2045 D ConnectivityService: updateNetworkScore for NetworkAgentInfo [WIFI () - 165] to 56
08-28 08:48:15.037  1911  2045 D ConnectivityService: updateNetworkScore for NetworkAgentInfo [WIFI () - 165] to 60
08-28 08:48:19.730  1911  4287 I ActivityManager: START u0 {act=com.google.android.gms.wallet.ib.INSTANT_BUY flg=0x10000 pkg=com.google.android.gms cmp=com.google.android.gms/.wallet.ib.IbActivity (has extras)} from uid 10010 on display 0
08-28 08:48:19.804  1911  2045 D ConnectivityService: releasing NetworkRequest NetworkRequest [ id=306, legacyType=-1, [ Capabilities: INTERNET&NOT_RESTRICTED&TRUSTED] ]
08-28 08:48:20.522  1911  4192 D WifiService: acquireWifiLockLocked: WifiLock{NlpWifiLock type=2 binder=android.os.BinderProxy@a3f4bc4}
08-28 08:48:21.221  1911  2108 D WifiService: releaseWifiLockLocked: WifiLock{NlpWifiLock type=2 binder=android.os.BinderProxy@a3f4bc4}
08-28 08:48:21.500  1911  4213 I ActivityManager: START u0 {cmp=com.google.android.gms/.wallet.ow.ShowLockScreenActivity (has extras)} from uid 10010 on display 0
08-28 08:48:21.628  1911  4010 I ActivityManager: START u0 {flg=0x20050000 cmp=com.google.android.gms/.tapandpay.ui.SecureDeviceActivity} from uid 10010 on display 0
08-28 08:48:21.726  1911  2789 I ActivityManager: START u0 {act=android.app.action.CONFIRM_DEVICE_CREDENTIAL flg=0x20040000 pkg=com.android.settings cmp=com.android.settings/.ConfirmDeviceCredentialActivity (has extras)} from uid 10010 on display 0
08-28 08:48:21.905  1911  2383 I ActivityManager: Start proc 30958:com.android.settings/1000 for activity com.android.settings/.ConfirmDeviceCredentialActivity
08-28 08:48:22.019  1911  3816 I ActivityManager: START u0 {flg=0x2000000 cmp=com.android.settings/.ConfirmLockPattern (has extras)} from uid 1000 on display 0
08-28 08:48:24.425  1911  4192 D ConnectivityService: listenForNetwork for Listen from uid/pid:10084/29316 for NetworkRequest [ id=307, legacyType=-1, [ Capabilities: INTERNET&NOT_RESTRICTED&TRUSTED] ]
08-28 08:48:26.568  1911  4192 W InputMethodManagerService: Starting input on non-focused client com.android.internal.view.IInputMethodClient$Stub$Proxy@24ca949 (uid=10010 pid=30300)
08-28 08:48:26.647  1911  3816 I ActivityManager: Killing 22810:com.android.cellbroadcastreceiver/u0a4 (adj 15): empty #17
08-28 08:48:26.724  1911  2108 D ActivityManager: cleanUpApplicationRecord -- 22810
08-28 08:48:36.168  1911  2045 D ConnectivityService: notifyType CAP_CHANGED for NetworkAgentInfo [WIFI () - 165]
08-28 08:49:06.029  1911  3754 D WifiService: acquireWifiLockLocked: WifiLock{NlpWifiLock type=2 binder=android.os.BinderProxy@4cfafca}
08-28 08:49:06.032  1911  2383 D WifiService: acquireWifiLockLocked: WifiLock{NlpWifiLock type=2 binder=android.os.BinderProxy@439953b}
08-28 08:49:06.170  1911  2108 D WifiService: releaseWifiLockLocked: WifiLock{NlpWifiLock type=2 binder=android.os.BinderProxy@439953b}
08-28 08:49:06.171  1911  4192 D WifiService: releaseWifiLockLocked: WifiLock{NlpWifiLock type=2 binder=android.os.BinderProxy@4cfafca}
08-28 08:50:20.630  1911  2383 D WifiService: acquireWifiLockLocked: WifiLock{NlpWifiLock type=2 binder=android.os.BinderProxy@84b72c7}
08-28 08:50:21.322  1911  2651 D WifiService: releaseWifiLockLocked: WifiLock{NlpWifiLock type=2 binder=android.os.BinderProxy@84b72c7}
08-28 08:50:21.661  1911  1935 I ActivityManager: Waited long enough for: ServiceRecord{c3b65d7 u0 com.android.providers.calendar/.EmptyService}
08-28 08:50:33.245  1911  1960 I PowerManagerService: Going to sleep due to screen timeout (uid 1000)...
08-28 08:50:33.249  1911  1960 I PowerManagerService: Sleeping (uid 1000)...
08-28 08:50:33.420  1911  2045 D ConnectivityService: releasing NetworkRequest NetworkRequest [ id=307, legacyType=-1, [ Capabilities: INTERNET&NOT_RESTRICTED&TRUSTED] ]
08-28 08:50:33.837  1911  1950 I DisplayManagerService: Display device changed state: "Built-in Screen", OFF
08-28 08:51:10.059  1911  1935 I ActivityManager: Start proc 31593:com.google.android.talk/u0a54 for broadcast com.google.android.talk/com.google.android.apps.hangouts.realtimechat.MessagesAvailableReceiver
08-28 08:51:10.960  1911  2492 D CryptdConnector: SND -> {552 cryptfs cryptocomplete}
08-28 08:51:10.960   144   169 I Ext4Crypt: ext4 crypto complete called on /data
08-28 08:51:10.961   144   169 I Ext4Crypt: No master key, so not ext4enc
08-28 08:51:10.962  1911  2038 D CryptdConnector: RCV <- {200 552 0}
08-28 08:51:10.962  1911  2492 D CryptdConnector: SND -> {553 cryptfs getpwtype}
08-28 08:51:10.962   144   169 D VoldCryptCmdListener: cryptfs getpwtype
08-28 08:51:10.962   144   169 I Ext4Crypt: ext4 crypto complete called on /data
08-28 08:51:10.962   144   169 I Ext4Crypt: No master key, so not ext4enc
08-28 08:51:10.962  1911  2038 D CryptdConnector: RCV <- {213 553 pattern}
08-28 08:51:11.014  1911  1925 I ActivityManager: Killing 14175:com.google.android.apps.plus/u0a66 (adj 15): empty #17
08-28 08:51:11.031  1911  1923 D ConnectivityService: ConnectivityService NetworkRequestInfo binderDied(NetworkRequest [ id=295, legacyType=-1, [ Capabilities: INTERNET&NOT_RESTRICTED&TRUSTED] ], android.os.BinderProxy@a101531)
08-28 08:51:11.032  1911  2045 D ConnectivityService: releasing NetworkRequest NetworkRequest [ id=295, legacyType=-1, [ Capabilities: INTERNET&NOT_RESTRICTED&TRUSTED] ]
08-28 08:51:11.032  1911  2045 E ConnectivityService: RemoteException caught trying to send a callback msg for NetworkRequest [ id=295, legacyType=-1, [ Capabilities: INTERNET&NOT_RESTRICTED&TRUSTED] ]
08-28 08:51:11.074  1911  1923 D ActivityManager: cleanUpApplicationRecord -- 14175
08-28 08:54:52.071  1911  1911 I ActivityManager: Start proc 31886:com.google.android.apps.enterprise.dmagent/u0a38 for service com.google.android.apps.enterprise.dmagent/.DeviceManagementJobService
08-28 08:54:52.636  1911  2044 D WifiService: New client listening to asynchronous messages
08-28 08:54:52.643  1911  1925 D CryptdConnector: SND -> {554 cryptfs cryptocomplete}
08-28 08:54:52.643   144   169 I Ext4Crypt: ext4 crypto complete called on /data
08-28 08:54:52.643   144   169 I Ext4Crypt: No master key, so not ext4enc
08-28 08:54:52.644  1911  2038 D CryptdConnector: RCV <- {200 554 0}
08-28 08:54:52.644  1911  1925 D CryptdConnector: SND -> {555 cryptfs getpwtype}
08-28 08:54:52.644   144   169 D VoldCryptCmdListener: cryptfs getpwtype
08-28 08:54:52.644   144   169 I Ext4Crypt: ext4 crypto complete called on /data
08-28 08:54:52.644   144   169 I Ext4Crypt: No master key, so not ext4enc
08-28 08:54:52.645  1911  2038 D CryptdConnector: RCV <- {213 555 pattern}
08-28 08:54:52.678  1911  2185 D CryptdConnector: SND -> {556 cryptfs cryptocomplete}
08-28 08:54:52.678   144   169 I Ext4Crypt: ext4 crypto complete called on /data
08-28 08:54:52.678   144   169 I Ext4Crypt: No master key, so not ext4enc
08-28 08:54:52.679  1911  2038 D CryptdConnector: RCV <- {200 556 0}
08-28 08:54:52.680  1911  2185 D CryptdConnector: SND -> {557 cryptfs getpwtype}
08-28 08:54:52.680   144   169 D VoldCryptCmdListener: cryptfs getpwtype
08-28 08:54:52.680   144   169 I Ext4Crypt: ext4 crypto complete called on /data
08-28 08:54:52.680   144   169 I Ext4Crypt: No master key, so not ext4enc
08-28 08:54:52.680  1911  2038 D CryptdConnector: RCV <- {213 557 pattern}
08-28 08:54:52.683  1911  4213 D CryptdConnector: SND -> {558 cryptfs cryptocomplete}
08-28 08:54:52.683   144   169 I Ext4Crypt: ext4 crypto complete called on /data
08-28 08:54:52.683   144   169 I Ext4Crypt: No master key, so not ext4enc
08-28 08:54:52.684  1911  2038 D CryptdConnector: RCV <- {200 558 0}
08-28 08:54:52.684  1911  4213 D CryptdConnector: SND -> {559 cryptfs getpwtype}
08-28 08:54:52.684   144   169 D VoldCryptCmdListener: cryptfs getpwtype
08-28 08:54:52.684   144   169 I Ext4Crypt: ext4 crypto complete called on /data
08-28 08:54:52.684   144   169 I Ext4Crypt: No master key, so not ext4enc
08-28 08:54:52.685  1911  2038 D CryptdConnector: RCV <- {213 559 pattern}
08-28 08:54:54.506  1911  2492 D CryptdConnector: SND -> {560 cryptfs cryptocomplete}
08-28 08:54:54.506   144   169 I Ext4Crypt: ext4 crypto complete called on /data
08-28 08:54:54.506   144   169 I Ext4Crypt: No master key, so not ext4enc
08-28 08:54:54.508  1911  2038 D CryptdConnector: RCV <- {200 560 0}
08-28 08:54:54.508  1911  2492 D CryptdConnector: SND -> {561 cryptfs getpwtype}
08-28 08:54:54.508   144   169 D VoldCryptCmdListener: cryptfs getpwtype
08-28 08:54:54.508   144   169 I Ext4Crypt: ext4 crypto complete called on /data
08-28 08:54:54.508   144   169 I Ext4Crypt: No master key, so not ext4enc
08-28 08:54:54.509  1911  2038 D CryptdConnector: RCV <- {213 561 pattern}
08-28 08:54:54.548  1911  4010 I ActivityManager: Killing 23469:com.google.android.apps.photos/u0a64 (adj 15): empty #17
08-28 08:54:54.575  1911  2492 D ActivityManager: cleanUpApplicationRecord -- 23469
08-28 08:55:06.599  1911  4213 I Telecom : PhoneAccountRegistrar: SimCallManager queried, returning: null
08-28 08:55:06.621  1911  2108 I Telecom : PhoneAccountRegistrar: SimCallManager queried, returning: null
08-28 08:55:21.246  1911  2492 D WifiService: acquireWifiLockLocked: WifiLock{NlpWifiLock type=2 binder=android.os.BinderProxy@a889b60}
08-28 08:55:21.946  1911  2492 D WifiService: releaseWifiLockLocked: WifiLock{NlpWifiLock type=2 binder=android.os.BinderProxy@a889b60}
08-28 08:57:28.760  1911  1935 I ActivityManager: Waited long enough for: ServiceRecord{6b2d821 u0 com.android.providers.calendar/.EmptyService}
08-28 08:59:32.372  1911  4192 I ActivityManager: Start proc 32499:com.google.corplogin.android/u0a86 for service com.google.corplogin.android/.SsoUrlService
08-28 09:00:05.136  1911  4213 I ActivityManager: Killing 14238:com.google.android.apps.maps/u0a58 (adj 15): empty #17
08-28 09:00:05.154  1911  4287 D ConnectivityService: ConnectivityService NetworkRequestInfo binderDied(NetworkRequest [ id=294, legacyType=-1, [ Capabilities: INTERNET&NOT_RESTRICTED&TRUSTED] ], android.os.BinderProxy@5836be8)
08-28 09:00:05.155  1911  2045 D ConnectivityService: releasing NetworkRequest NetworkRequest [ id=294, legacyType=-1, [ Capabilities: INTERNET&NOT_RESTRICTED&TRUSTED] ]
08-28 09:00:05.155  1911  2045 E ConnectivityService: RemoteException caught trying to send a callback msg for NetworkRequest [ id=294, legacyType=-1, [ Capabilities: INTERNET&NOT_RESTRICTED&TRUSTED] ]
08-28 09:00:05.163  1911  2185 D ActivityManager: cleanUpApplicationRecord -- 14238
08-28 09:01:07.253  1911  2108 D WifiService: acquireWifiLockLocked: WifiLock{NlpWifiLock type=2 binder=android.os.BinderProxy@29b0c3a}
08-28 09:01:07.962  1911  4192 D WifiService: releaseWifiLockLocked: WifiLock{NlpWifiLock type=2 binder=android.os.BinderProxy@29b0c3a}
08-28 09:06:10.359  1911  1935 W ProcessCpuTracker: Skipping unknown process pid 359
08-28 09:06:10.359  1911  1935 W ProcessCpuTracker: Skipping unknown process pid 364
08-28 09:06:37.103  1911  1935 I ActivityManager: Waited long enough for: ServiceRecord{3ca72fb u0 com.android.providers.calendar/.EmptyService}
08-28 09:07:13.712  1911  1925 D WifiService: acquireWifiLockLocked: WifiLock{NlpWifiLock type=2 binder=android.os.BinderProxy@f69b213}
08-28 09:07:14.428  1911  1925 D WifiService: releaseWifiLockLocked: WifiLock{NlpWifiLock type=2 binder=android.os.BinderProxy@f69b213}
08-28 09:09:58.045  1911  1935 W ActivityManager: SLOW OOM ADJ: 26536ms for pid 9189 = 0
08-28 09:13:14.067  1911  2789 D WifiService: acquireWifiLockLocked: WifiLock{NlpWifiLock type=2 binder=android.os.BinderProxy@5a6f7bd}
08-28 09:13:14.775  1911  4010 D WifiService: releaseWifiLockLocked: WifiLock{NlpWifiLock type=2 binder=android.os.BinderProxy@5a6f7bd}
08-28 09:14:59.041  1911  2035 I PowerManagerService: Waking up from sleep (uid 1000)...
08-28 09:14:59.068  1911  1960 I DisplayPowerController: Blocking screen on until initial contents have been drawn.
08-28 09:14:59.082  1911  2045 D ConnectivityService: notifyType CAP_CHANGED for NetworkAgentInfo [WIFI () - 165]
08-28 09:14:59.147  1911  1950 I DisplayManagerService: Display device changed state: "Built-in Screen", ON
08-28 09:14:59.253  1911  1960 I DisplayPowerController: Unblocked screen on after 185 ms
08-28 09:15:01.221  1911  4010 D ConnectivityService: listenForNetwork for Listen from uid/pid:10084/29316 for NetworkRequest [ id=308, legacyType=-1, [ Capabilities: INTERNET&NOT_RESTRICTED&TRUSTED] ]
08-28 09:15:01.411  1911  1925 W InputMethodManagerService: Window already focused, ignoring focus gain of: com.android.internal.view.IInputMethodClient$Stub$Proxy@73b2e39 attribute=android.view.inputmethod.EditorInfo@55e3c7e, token = android.os.BinderProxy@ad2ce3c
08-28 09:15:02.099  1911  2045 D ConnectivityService: updateNetworkScore for NetworkAgentInfo [WIFI () - 165] to 56
08-28 09:15:03.825  1911  1923 I ActivityManager: Start proc 1327:com.chrome.dev:sandboxed_process2/u0i83 for service com.chrome.dev/org.chromium.content.app.SandboxedProcessService2
08-28 09:15:05.115  1911  2045 D ConnectivityService: notifyType CAP_CHANGED for NetworkAgentInfo [WIFI () - 165]
08-28 09:15:05.120  1911  2045 D ConnectivityService: updateNetworkScore for NetworkAgentInfo [WIFI () - 165] to 60
08-28 09:15:08.137  1911  2045 D ConnectivityService: notifyType CAP_CHANGED for NetworkAgentInfo [WIFI () - 165]
08-28 09:15:09.052  2097  2097 V DeadZone: consuming errant click: (103.0,37.0)
08-28 09:15:13.059  1911  3816 I ActivityManager: Process com.chrome.dev:sandboxed_process2 (pid 1327) has died
08-28 09:15:13.059  1911  3816 D ActivityManager: cleanUpApplicationRecord -- 1327
08-28 09:15:15.035  1911  3754 I ActivityManager: START u0 {act=com.google.android.gms.wallet.ib.INSTANT_BUY flg=0x10000 pkg=com.google.android.gms cmp=com.google.android.gms/.wallet.ib.IbActivity (has extras)} from uid 10010 on display 0
08-28 09:15:15.090  1911  2045 D ConnectivityService: releasing NetworkRequest NetworkRequest [ id=308, legacyType=-1, [ Capabilities: INTERNET&NOT_RESTRICTED&TRUSTED] ]
08-28 09:15:17.178  1911  2045 D ConnectivityService: notifyType CAP_CHANGED for NetworkAgentInfo [WIFI () - 165]
08-28 09:15:20.202  1911  2045 D ConnectivityService: notifyType CAP_CHANGED for NetworkAgentInfo [WIFI () - 165]
08-28 09:15:29.272  1911  2045 D ConnectivityService: notifyType CAP_CHANGED for NetworkAgentInfo [WIFI () - 165]
08-28 09:15:31.059  1911  4213 D ConnectivityService: listenForNetwork for Listen from uid/pid:10010/30300 for NetworkRequest [ id=309, legacyType=-1, [ Capabilities: INTERNET&NOT_RESTRICTED&TRUSTED] ]
08-28 09:15:32.311  1911  2045 D ConnectivityService: notifyType CAP_CHANGED for NetworkAgentInfo [WIFI () - 165]
08-28 09:15:32.587  1911  3819 W InputMethodManagerService: Window already focused, ignoring focus gain of: com.android.internal.view.IInputMethodClient$Stub$Proxy@a679779 attribute=android.view.inputmethod.EditorInfo@ed88cbe, token = android.os.BinderProxy@999ce8b
08-28 09:15:38.383  1911  2045 D ConnectivityService: notifyType CAP_CHANGED for NetworkAgentInfo [WIFI () - 165]
08-28 09:15:41.416  1911  2045 D ConnectivityService: updateNetworkScore for NetworkAgentInfo [WIFI () - 165] to 56
08-28 09:15:47.468  1911  2045 D ConnectivityService: notifyType CAP_CHANGED for NetworkAgentInfo [WIFI () - 165]
08-28 09:15:56.564  1911  2045 D ConnectivityService: updateNetworkScore for NetworkAgentInfo [WIFI () - 165] to 60
08-28 09:16:11.732  1911  2045 D ConnectivityService: updateNetworkScore for NetworkAgentInfo [WIFI () - 165] to 56
08-28 09:16:14.750  1911  2045 D ConnectivityService: updateNetworkScore for NetworkAgentInfo [WIFI () - 165] to 60
08-28 09:16:17.769  1911  2045 D ConnectivityService: updateNetworkScore for NetworkAgentInfo [WIFI () - 165] to 56
08-28 09:16:19.742  1911  1925 W InputMethodManagerService: Window already focused, ignoring focus gain of: com.android.internal.view.IInputMethodClient$Stub$Proxy@58ac278 attribute=android.view.inputmethod.EditorInfo@4258d51, token = android.os.BinderProxy@999ce8b
08-28 09:16:20.789  1911  2045 D ConnectivityService: updateNetworkScore for NetworkAgentInfo [WIFI () - 165] to 60
08-28 09:16:22.217  1911  3817 D ConnectivityService: listenForNetwork for Listen from uid/pid:10084/29316 for NetworkRequest [ id=310, legacyType=-1, [ Capabilities: INTERNET&NOT_RESTRICTED&TRUSTED] ]
08-28 09:16:23.809  1911  2045 D ConnectivityService: notifyType CAP_CHANGED for NetworkAgentInfo [WIFI () - 165]
08-28 09:16:35.927  1911  2045 D ConnectivityService: notifyType CAP_CHANGED for NetworkAgentInfo [WIFI () - 165]
08-28 09:16:39.361  1911  3816 I ActivityManager: START u0 {act=com.google.android.gms.wallet.ib.INSTANT_BUY flg=0x10000 pkg=com.google.android.gms cmp=com.google.android.gms/.wallet.ib.IbActivity (has extras)} from uid 10010 on display 0
08-28 09:16:39.429  1911  2045 D ConnectivityService: releasing NetworkRequest NetworkRequest [ id=310, legacyType=-1, [ Capabilities: INTERNET&NOT_RESTRICTED&TRUSTED] ]
08-28 09:16:43.878  1911  4010 W InputMethodManagerService: Window already focused, ignoring focus gain of: com.android.internal.view.IInputMethodClient$Stub$Proxy@7f6fe37 attribute=null, token = android.os.BinderProxy@53e8857
08-28 09:16:45.860  1911  3816 D ConnectivityService: listenForNetwork for Listen from uid/pid:10084/29316 for NetworkRequest [ id=311, legacyType=-1, [ Capabilities: INTERNET&NOT_RESTRICTED&TRUSTED] ]
08-28 09:17:03.121  1911  2045 D ConnectivityService: updateNetworkScore for NetworkAgentInfo [WIFI () - 165] to 56
08-28 09:17:18.277  1911  2045 D ConnectivityService: updateNetworkScore for NetworkAgentInfo [WIFI () - 165] to 60
08-28 09:17:21.297  1911  2045 D ConnectivityService: updateNetworkScore for NetworkAgentInfo [WIFI () - 165] to 56
08-28 09:17:39.424  1911  2045 D ConnectivityService: updateNetworkScore for NetworkAgentInfo [WIFI () - 165] to 60
08-28 09:17:46.176  1911  1925 I ActivityManager: START u0 {act=com.google.android.gms.wallet.ib.INSTANT_BUY flg=0x10000 pkg=com.google.android.gms cmp=com.google.android.gms/.wallet.ib.IbActivity (has extras)} from uid 10010 on display 0
08-28 09:17:46.228  1911  2045 D ConnectivityService: releasing NetworkRequest NetworkRequest [ id=311, legacyType=-1, [ Capabilities: INTERNET&NOT_RESTRICTED&TRUSTED] ]
08-28 09:17:51.494  1911  2045 D ConnectivityService: notifyType CAP_CHANGED for NetworkAgentInfo [WIFI () - 165]
08-28 09:18:03.643  1911  2045 D ConnectivityService: updateNetworkScore for NetworkAgentInfo [WIFI () - 165] to 56
08-28 09:18:06.683  1911  2045 D ConnectivityService: updateNetworkScore for NetworkAgentInfo [WIFI () - 165] to 60
08-28 09:18:15.745  1911  2045 D ConnectivityService: updateNetworkScore for NetworkAgentInfo [WIFI () - 165] to 56
08-28 09:18:30.922  1911  2045 D ConnectivityService: updateNetworkScore for NetworkAgentInfo [WIFI () - 165] to 55
08-28 09:18:33.958  1911  2045 D ConnectivityService: updateNetworkScore for NetworkAgentInfo [WIFI () - 165] to 56
08-28 09:18:36.982  1911  2045 D ConnectivityService: updateNetworkScore for NetworkAgentInfo [WIFI () - 165] to 60
08-28 09:18:49.099  1911  2045 D ConnectivityService: updateNetworkScore for NetworkAgentInfo [WIFI () - 165] to 56
08-28 09:18:58.189  1911  2045 D ConnectivityService: notifyType CAP_CHANGED for NetworkAgentInfo [WIFI () - 165]
08-28 09:19:01.236  1911  2045 D ConnectivityService: notifyType CAP_CHANGED for NetworkAgentInfo [WIFI () - 165]
08-28 09:19:07.321  1911  2045 D ConnectivityService: notifyType CAP_CHANGED for NetworkAgentInfo [WIFI () - 165]
