08-28 07:03:01.116  1911  4213 D WifiService: releaseWifiLockLocked: WifiLock{NlpWifiLock type=2 binder=android.os.BinderProxy@15a7a34}
08-28 07:04:00.418  1911  3816 D WifiService: acquireWifiLockLocked: WifiLock{NlpWifiLock type=2 binder=android.os.BinderProxy@15a7a34}
08-28 07:04:01.223  1911  2108 D WifiService: releaseWifiLockLocked: WifiLock{NlpWifiLock type=2 binder=android.os.BinderProxy@15a7a34}
08-28 07:05:01.439  1911  2789 D WifiService: acquireWifiLockLocked: WifiLock{NlpWifiLock type=2 binder=android.os.BinderProxy@15a7a34}
08-28 07:05:02.247  1911  4192 D WifiService: releaseWifiLockLocked: WifiLock{NlpWifiLock type=2 binder=android.os.BinderProxy@15a7a34}
08-28 07:06:01.561  1911  2108 D WifiService: acquireWifiLockLocked: WifiLock{NlpWifiLock type=2 binder=android.os.BinderProxy@45e6489}
08-28 07:06:02.366  1911  3819 D WifiService: releaseWifiLockLocked: WifiLock{NlpWifiLock type=2 binder=android.os.BinderProxy@45e6489}
08-28 07:07:01.579  1911  2383 D WifiService: acquireWifiLockLocked: WifiLock{NlpWifiLock type=2 binder=android.os.BinderProxy@45e6489}
08-28 07:07:01.629  1911  2651 D WifiService: acquireWifiLockLocked: WifiLock{NlpWifiLock type=2 binder=android.os.BinderProxy@198139a}
08-28 07:07:01.631  1911  2492 D WifiService: acquireWifiLockLocked: WifiLock{NlpWifiLock type=2 binder=android.os.BinderProxy@6d574cb}
08-28 07:07:01.654  1911  3754 D WifiService: releaseWifiLockLocked: WifiLock{NlpWifiLock type=2 binder=android.os.BinderProxy@6d574cb}
08-28 07:07:01.657  1911  2651 D WifiService: releaseWifiLockLocked: WifiLock{NlpWifiLock type=2 binder=android.os.BinderProxy@198139a}
08-28 07:07:02.386  1911  2651 D WifiService: releaseWifiLockLocked: WifiLock{NlpWifiLock type=2 binder=android.os.BinderProxy@45e6489}
08-28 07:08:01.593  1911  4192 D WifiService: acquireWifiLockLocked: WifiLock{NlpWifiLock type=2 binder=android.os.BinderProxy@45e6489}
08-28 07:08:02.413  1911  2108 D WifiService: releaseWifiLockLocked: WifiLock{NlpWifiLock type=2 binder=android.os.BinderProxy@45e6489}
08-28 07:09:03.141  1911  2108 D WifiService: acquireWifiLockLocked: WifiLock{NlpWifiLock type=2 binder=android.os.BinderProxy@45e6489}
08-28 07:09:03.883  1911  4192 D WifiService: releaseWifiLockLocked: WifiLock{NlpWifiLock type=2 binder=android.os.BinderProxy@45e6489}
08-28 07:10:03.315  1911  2789 D WifiService: acquireWifiLockLocked: WifiLock{NlpWifiLock type=2 binder=android.os.BinderProxy@45e6489}
08-28 07:10:04.112  1911  1923 D WifiService: releaseWifiLockLocked: WifiLock{NlpWifiLock type=2 binder=android.os.BinderProxy@45e6489}
08-28 07:11:03.321  1911  4287 D WifiService: acquireWifiLockLocked: WifiLock{NlpWifiLock type=2 binder=android.os.BinderProxy@6c9651c}
08-28 07:11:04.100  1911  4287 D WifiService: releaseWifiLockLocked: WifiLock{NlpWifiLock type=2 binder=android.os.BinderProxy@6c9651c}
08-28 07:12:03.419  1911  1925 D WifiService: acquireWifiLockLocked: WifiLock{NlpWifiLock type=2 binder=android.os.BinderProxy@6c9651c}
08-28 07:12:04.225  1911  4192 D WifiService: releaseWifiLockLocked: WifiLock{NlpWifiLock type=2 binder=android.os.BinderProxy@6c9651c}
08-28 07:13:05.119  1911  2185 D WifiService: acquireWifiLockLocked: WifiLock{NlpWifiLock type=2 binder=android.os.BinderProxy@6c9651c}
08-28 07:13:05.816  1911  3754 D WifiService: releaseWifiLockLocked: WifiLock{NlpWifiLock type=2 binder=android.os.BinderProxy@6c9651c}
08-28 07:14:05.202  1911  2492 D WifiService: acquireWifiLockLocked: WifiLock{NlpWifiLock type=2 binder=android.os.BinderProxy@6c9651c}
08-28 07:14:05.932  1911  4213 D WifiService: releaseWifiLockLocked: WifiLock{NlpWifiLock type=2 binder=android.os.BinderProxy@6c9651c}
08-28 07:15:05.272  1911  2492 D WifiService: acquireWifiLockLocked: WifiLock{NlpWifiLock type=2 binder=android.os.BinderProxy@6c9651c}
08-28 07:15:06.045  1911  1925 D WifiService: releaseWifiLockLocked: WifiLock{NlpWifiLock type=2 binder=android.os.BinderProxy@6c9651c}
08-28 07:16:05.305  1911  3817 D WifiService: acquireWifiLockLocked: WifiLock{NlpWifiLock type=2 binder=android.os.BinderProxy@6c9651c}
08-28 07:16:06.107  1911  2383 D WifiService: releaseWifiLockLocked: WifiLock{NlpWifiLock type=2 binder=android.os.BinderProxy@6c9651c}
08-28 07:17:06.316  1911  1925 D WifiService: acquireWifiLockLocked: WifiLock{NlpWifiLock type=2 binder=android.os.BinderProxy@6addb86}
08-28 07:17:07.102  1911  2108 D WifiService: releaseWifiLockLocked: WifiLock{NlpWifiLock type=2 binder=android.os.BinderProxy@6addb86}
08-28 07:18:06.332  1911  4192 D WifiService: acquireWifiLockLocked: WifiLock{NlpWifiLock type=2 binder=android.os.BinderProxy@6addb86}
08-28 07:18:07.151  1911  2651 D WifiService: releaseWifiLockLocked: WifiLock{NlpWifiLock type=2 binder=android.os.BinderProxy@6addb86}
08-28 07:19:13.640  1911  4192 D WifiService: acquireWifiLockLocked: WifiLock{NlpWifiLock type=2 binder=android.os.BinderProxy@6addb86}
08-28 07:19:14.414  1911  2651 D WifiService: releaseWifiLockLocked: WifiLock{NlpWifiLock type=2 binder=android.os.BinderProxy@6addb86}
08-28 07:19:14.836  1911  1935 W ProcessCpuTracker: Skipping unknown process pid 22502
08-28 07:19:14.836  1911  1935 W ProcessCpuTracker: Skipping unknown process pid 22503
08-28 07:19:14.836  1911  1935 W ProcessCpuTracker: Skipping unknown process pid 22506
08-28 07:19:14.836  1911  1935 W ProcessCpuTracker: Skipping unknown process pid 22507
08-28 07:19:14.837  1911  1935 W ProcessCpuTracker: Skipping unknown process pid 22509
08-28 07:19:14.837  1911  1935 W ProcessCpuTracker: Skipping unknown process pid 22512
08-28 07:20:14.056  1911  4192 D WifiService: acquireWifiLockLocked: WifiLock{NlpWifiLock type=2 binder=android.os.BinderProxy@6addb86}
08-28 07:20:14.852  1911  3819 D WifiService: releaseWifiLockLocked: WifiLock{NlpWifiLock type=2 binder=android.os.BinderProxy@6addb86}
08-28 07:21:15.247  1911  3819 D WifiService: acquireWifiLockLocked: WifiLock{NlpWifiLock type=2 binder=android.os.BinderProxy@6addb86}
08-28 07:21:15.960  1911  4287 D WifiService: releaseWifiLockLocked: WifiLock{NlpWifiLock type=2 binder=android.os.BinderProxy@6addb86}
08-28 07:22:15.326  1911  3754 D WifiService: acquireWifiLockLocked: WifiLock{NlpWifiLock type=2 binder=android.os.BinderProxy@6addb86}
08-28 07:22:16.140  1911  4213 D WifiService: releaseWifiLockLocked: WifiLock{NlpWifiLock type=2 binder=android.os.BinderProxy@6addb86}
08-28 07:23:15.333  1911  3819 D WifiService: acquireWifiLockLocked: WifiLock{NlpWifiLock type=2 binder=android.os.BinderProxy@6addb86}
08-28 07:23:16.135  1911  3819 D WifiService: releaseWifiLockLocked: WifiLock{NlpWifiLock type=2 binder=android.os.BinderProxy@6addb86}
08-28 07:24:15.441  1911  4287 D WifiService: acquireWifiLockLocked: WifiLock{NlpWifiLock type=2 binder=android.os.BinderProxy@6addb86}
08-28 07:24:16.215  1911  3819 D WifiService: releaseWifiLockLocked: WifiLock{NlpWifiLock type=2 binder=android.os.BinderProxy@6addb86}
08-28 07:25:16.532  1911  4213 D WifiService: acquireWifiLockLocked: WifiLock{NlpWifiLock type=2 binder=android.os.BinderProxy@6addb86}
08-28 07:25:17.037  1911  1935 W ProcessCpuTracker: Skipping unknown process pid 22660
08-28 07:25:17.038  1911  1935 W ProcessCpuTracker: Skipping unknown process pid 22663
08-28 07:25:17.038  1911  1935 W ProcessCpuTracker: Skipping unknown process pid 22668
08-28 07:25:17.039  1911  1935 W ProcessCpuTracker: Skipping unknown process pid 22671
08-28 07:25:17.333  1911  4192 D WifiService: releaseWifiLockLocked: WifiLock{NlpWifiLock type=2 binder=android.os.BinderProxy@6addb86}
08-28 07:26:16.688  1911  2651 D WifiService: acquireWifiLockLocked: WifiLock{NlpWifiLock type=2 binder=android.os.BinderProxy@6addb86}
08-28 07:26:17.542  1911  1923 D WifiService: releaseWifiLockLocked: WifiLock{NlpWifiLock type=2 binder=android.os.BinderProxy@6addb86}
08-28 07:27:17.063  1911  2651 D WifiService: acquireWifiLockLocked: WifiLock{NlpWifiLock type=2 binder=android.os.BinderProxy@6addb86}
08-28 07:27:17.858  1911  2651 D WifiService: releaseWifiLockLocked: WifiLock{NlpWifiLock type=2 binder=android.os.BinderProxy@6addb86}
08-28 07:28:17.280  1911  3816 D WifiService: acquireWifiLockLocked: WifiLock{NlpWifiLock type=2 binder=android.os.BinderProxy@6addb86}
08-28 07:28:17.714  1911  1935 W ProcessCpuTracker: Skipping unknown process pid 22723
08-28 07:28:17.717  1911  1935 W ProcessCpuTracker: Skipping unknown process pid 22741
08-28 07:28:17.717  1911  1935 W ProcessCpuTracker: Skipping unknown process pid 22742
08-28 07:28:18.063  1911  1923 D WifiService: releaseWifiLockLocked: WifiLock{NlpWifiLock type=2 binder=android.os.BinderProxy@6addb86}
08-28 07:29:18.416  1911  1923 D WifiService: acquireWifiLockLocked: WifiLock{NlpWifiLock type=2 binder=android.os.BinderProxy@6addb86}
08-28 07:29:19.195  1911  2492 D WifiService: releaseWifiLockLocked: WifiLock{NlpWifiLock type=2 binder=android.os.BinderProxy@6addb86}
08-28 07:30:18.496  1911  2492 D WifiService: acquireWifiLockLocked: WifiLock{NlpWifiLock type=2 binder=android.os.BinderProxy@6addb86}
08-28 07:30:19.285  1911  4010 D WifiService: releaseWifiLockLocked: WifiLock{NlpWifiLock type=2 binder=android.os.BinderProxy@6addb86}
08-28 07:31:18.653  1911  3816 D WifiService: acquireWifiLockLocked: WifiLock{NlpWifiLock type=2 binder=android.os.BinderProxy@6addb86}
08-28 07:31:19.440  1911  4213 D WifiService: releaseWifiLockLocked: WifiLock{NlpWifiLock type=2 binder=android.os.BinderProxy@6addb86}
08-28 07:32:16.245  1911  1935 I ActivityManager: Start proc 22810:com.android.cellbroadcastreceiver/u0a4 for broadcast com.android.cellbroadcastreceiver/.CellBroadcastReceiver
08-28 07:32:16.306  1911  1923 I Telecom : PhoneAccountRegistrar: [ComponentInfo{com.android.phone/com.android.services.telephony.TelephonyConnectionService}, [e0184adedf913b076626646d3f52c3b49c39ad6d], UserHandle{0}(icon: Icon(typ=BITMAP size=57x72) -> Icon(typ=BITMAP size=57x72))]
08-28 07:32:16.335  1911  1923 I Telecom : : Sending phone-account intent as user
08-28 07:32:16.349  1911  2185 W Telecom : : No account found for the calling user
08-28 07:32:16.391  1911  3819 I ActivityManager: Killing 11549:com.google.android.keep/u0a71 (adj 15): empty #17
08-28 07:32:16.417  1911  3754 D ActivityManager: cleanUpApplicationRecord -- 11549
08-28 07:32:19.051  1911  3817 D WifiService: acquireWifiLockLocked: WifiLock{NlpWifiLock type=2 binder=android.os.BinderProxy@6addb86}
08-28 07:32:19.825  1911  2108 D WifiService: releaseWifiLockLocked: WifiLock{NlpWifiLock type=2 binder=android.os.BinderProxy@6addb86}
08-28 07:33:20.516  1911  4213 D WifiService: acquireWifiLockLocked: WifiLock{NlpWifiLock type=2 binder=android.os.BinderProxy@54ef9fd}
08-28 07:33:21.238  1911  3816 D WifiService: releaseWifiLockLocked: WifiLock{NlpWifiLock type=2 binder=android.os.BinderProxy@54ef9fd}
08-28 07:34:22.055  1911  4192 D WifiService: acquireWifiLockLocked: WifiLock{NlpWifiLock type=2 binder=android.os.BinderProxy@54ef9fd}
08-28 07:34:22.788  1911  2108 D WifiService: releaseWifiLockLocked: WifiLock{NlpWifiLock type=2 binder=android.os.BinderProxy@54ef9fd}
08-28 07:35:22.199  1911  4213 D WifiService: acquireWifiLockLocked: WifiLock{NlpWifiLock type=2 binder=android.os.BinderProxy@54ef9fd}
08-28 07:35:23.005  1911  3816 D WifiService: releaseWifiLockLocked: WifiLock{NlpWifiLock type=2 binder=android.os.BinderProxy@54ef9fd}
08-28 07:36:22.375  1911  2108 D WifiService: acquireWifiLockLocked: WifiLock{NlpWifiLock type=2 binder=android.os.BinderProxy@54ef9fd}
08-28 07:36:23.212  1911  4287 D WifiService: releaseWifiLockLocked: WifiLock{NlpWifiLock type=2 binder=android.os.BinderProxy@54ef9fd}
08-28 07:37:23.467  1911  4010 D WifiService: acquireWifiLockLocked: WifiLock{NlpWifiLock type=2 binder=android.os.BinderProxy@54ef9fd}
08-28 07:37:24.243  1911  2492 D WifiService: releaseWifiLockLocked: WifiLock{NlpWifiLock type=2 binder=android.os.BinderProxy@54ef9fd}
08-28 07:38:23.591  1911  2651 D WifiService: acquireWifiLockLocked: WifiLock{NlpWifiLock type=2 binder=android.os.BinderProxy@54ef9fd}
08-28 07:38:23.692  1911  4010 D WifiService: acquireWifiLockLocked: WifiLock{NlpWifiLock type=2 binder=android.os.BinderProxy@88bdbd6}
08-28 07:38:23.696  1911  2185 D WifiService: acquireWifiLockLocked: WifiLock{NlpWifiLock type=2 binder=android.os.BinderProxy@e0bfe57}
08-28 07:38:23.715  1911  3754 D WifiService: releaseWifiLockLocked: WifiLock{NlpWifiLock type=2 binder=android.os.BinderProxy@e0bfe57}
08-28 07:38:23.717  1911  4010 D WifiService: releaseWifiLockLocked: WifiLock{NlpWifiLock type=2 binder=android.os.BinderProxy@88bdbd6}
08-28 07:38:24.395  1911  3819 D WifiService: releaseWifiLockLocked: WifiLock{NlpWifiLock type=2 binder=android.os.BinderProxy@54ef9fd}
08-28 07:39:24.162  1911  4192 D WifiService: acquireWifiLockLocked: WifiLock{NlpWifiLock type=2 binder=android.os.BinderProxy@54ef9fd}
08-28 07:39:24.992  1911  3754 D WifiService: releaseWifiLockLocked: WifiLock{NlpWifiLock type=2 binder=android.os.BinderProxy@54ef9fd}
08-28 07:40:24.356  1911  2492 D WifiService: acquireWifiLockLocked: WifiLock{NlpWifiLock type=2 binder=android.os.BinderProxy@54ef9fd}
08-28 07:40:25.172  1911  3754 D WifiService: releaseWifiLockLocked: WifiLock{NlpWifiLock type=2 binder=android.os.BinderProxy@54ef9fd}
08-28 07:41:25.450  1911  4192 D WifiService: acquireWifiLockLocked: WifiLock{NlpWifiLock type=2 binder=android.os.BinderProxy@54ef9fd}
08-28 07:41:26.236  1911  2185 D WifiService: releaseWifiLockLocked: WifiLock{NlpWifiLock type=2 binder=android.os.BinderProxy@54ef9fd}
08-28 07:42:25.578  1911  3819 D WifiService: acquireWifiLockLocked: WifiLock{NlpWifiLock type=2 binder=android.os.BinderProxy@54ef9fd}
08-28 07:42:26.335  1911  2383 D WifiService: releaseWifiLockLocked: WifiLock{NlpWifiLock type=2 binder=android.os.BinderProxy@54ef9fd}
08-28 07:43:25.752  1911  3754 D WifiService: acquireWifiLockLocked: WifiLock{NlpWifiLock type=2 binder=android.os.BinderProxy@54ef9fd}
08-28 07:43:26.554  1911  1923 D WifiService: releaseWifiLockLocked: WifiLock{NlpWifiLock type=2 binder=android.os.BinderProxy@54ef9fd}
08-28 07:44:26.052  1911  4010 D WifiService: acquireWifiLockLocked: WifiLock{NlpWifiLock type=2 binder=android.os.BinderProxy@54ef9fd}
08-28 07:44:26.835  1911  4213 D WifiService: releaseWifiLockLocked: WifiLock{NlpWifiLock type=2 binder=android.os.BinderProxy@54ef9fd}
08-28 07:44:58.119  1911  2043 D ConnectivityService: registerNetworkAgent NetworkAgentInfo{ ni{[type: WIFI[], state: CONNECTING/CONNECTING, reason: (unspecified), extra: "GoogleGuest-Legacy", roaming: false, failover: false, isAvailable: true]}  network{162}  lp{{InterfaceName: wlan0 LinkAddresses: []  Routes: [] DnsAddresses: [] Domains: null MTU: 0 TcpBufferSizes: 524288,1048576,2097152,262144,524288,1048576}}  nc{[ Transports: WIFI Capabilities: INTERNET&NOT_RESTRICTED&TRUSTED&NOT_VPN LinkUpBandwidth>=1048576Kbps LinkDnBandwidth>=1048576Kbps]}  Score{20}  everValidated{false}  lastValidated{false}  created{false} lingering{false} explicitlySelected{false} acceptUnvalidated{false} everCaptivePortalDetected{false} lastCaptivePortalDetected{false} }
08-28 07:44:58.119  1911  2045 D ConnectivityService: NetworkAgentInfo [WIFI () - 162] EVENT_NETWORK_INFO_CHANGED, going from null to CONNECTING
08-28 07:44:59.474  1911  2045 D ConnectivityService: NetworkAgentInfo [WIFI () - 162] EVENT_NETWORK_INFO_CHANGED, going from CONNECTING to CONNECTED
08-28 07:44:59.479  1911  2045 D ConnectivityService: Adding iface wlan0 to network 162
08-28 07:44:59.549  1911  4192 D WifiService: acquireWifiLockLocked: WifiLock{NlpWifiLock type=2 binder=android.os.BinderProxy@54ef9fd}
08-28 07:44:59.551  1911  2045 E ConnectivityService: Unexpected mtu value: 0, wlan0
08-28 07:44:59.551  1911  2045 D ConnectivityService: Adding Route [fe80::/64 -> :: wlan0] to network 162
08-28 07:44:59.558  1911  2045 D ConnectivityService: Adding Route [2620:0:1000:fd1f::/64 -> :: wlan0] to network 162
08-28 07:44:59.559  1911  2045 D ConnectivityService: Adding Route [::/0 -> fe80::200:5eff:fe00:265 wlan0] to network 162
08-28 07:44:59.560  1911  2045 D ConnectivityService: Setting Dns servers for network 162 to [/2001:4860:4860::8888, /2001:4860:4860::8844]
08-28 07:44:59.561  1911  2045 I Nat464Xlat: Starting clatd on wlan0
08-28 07:44:59.586  1911  2045 D ConnectivityService: notifyType IP_CHANGED for NetworkAgentInfo [WIFI () - 162]
08-28 07:44:59.605  1911  2045 D ConnectivityService: scheduleUnvalidatedPrompt 162
08-28 07:44:59.605  1911  2045 D ConnectivityService: updateSignalStrengthThresholds: CONNECT, sending [] to NetworkAgentInfo [WIFI () - 162]
08-28 07:44:59.605  1911  2045 D ConnectivityService: rematch for NetworkAgentInfo [WIFI () - 162]
08-28 07:44:59.605  1911  2045 D ConnectivityService:    accepting network in place of null
08-28 07:44:59.606  1911  2045 D ConnectivityService: Switching to new default network: NetworkAgentInfo{ ni{[type: WIFI[], state: CONNECTED/CONNECTED, reason: (unspecified), extra: "GoogleGuest-Legacy", roaming: false, failover: false, isAvailable: true]}  network{162}  lp{{InterfaceName: wlan0 LinkAddresses: [fe80::c69a:2ff:fe59:dbb0/64,2620:0:1000:fd1f:c69a:2ff:fe59:dbb0/64,2620:0:1000:fd1f:a93e:1c42:2fcd:640d/64,]  Routes: [fe80::/64 -> :: wlan0,::/0 -> fe80::200:5eff:fe00:265 wlan0,2620:0:1000:fd1f::/64 -> :: wlan0,] DnsAddresses: [2001:4860:4860::8888,2001:4860:4860::8844,] Domains: null MTU: 0 TcpBufferSizes: 524288,1048576,2097152,262144,524288,1048576}}  nc{[ Transports: WIFI Capabilities: INTERNET&NOT_RESTRICTED&TRUSTED&NOT_VPN LinkUpBandwidth>=1048576Kbps LinkDnBandwidth>=1048576Kbps]}  Score{20}  everValidated{false}  lastValidated{false}  created{true} lingering{false} explicitlySelected{false} acceptUnvalidated{false} everCaptivePortalDetected{false} lastCaptivePortalDetected{false} }
08-28 07:44:59.650  1911  2045 D CSLegacyTypeTracker: Sending CONNECTED broadcast for type 1 NetworkAgentInfo [WIFI () - 162] isDefaultNetwork=true
08-28 07:44:59.650  1911  2045 D ConnectivityService: sendStickyBroadcast: action=android.net.conn.CONNECTIVITY_CHANGE
08-28 07:44:59.657  1911  2045 D ConnectivityService: notifyType PRECHECK for NetworkAgentInfo [WIFI () - 162]
08-28 07:44:59.691  1911  2045 I Nat464Xlat: Stopping clatd
08-28 07:44:59.715  1911  2045 D ConnectivityService: notifyType IP_CHANGED for NetworkAgentInfo [WIFI () - 162]
08-28 07:44:59.758  1911  2045 D ConnectivityService: Adding Route [100.110.192.0/18 -> 0.0.0.0 wlan0] to network 162
08-28 07:44:59.759  1911  2045 D ConnectivityService: Adding Route [0.0.0.0/0 -> 100.110.255.254 wlan0] to network 162
08-28 07:44:59.759  1911  2045 D ConnectivityService: Setting Dns servers for network 162 to [/2001:4860:4860::8888, /2001:4860:4860::8844, /8.8.8.8, /8.8.4.4]
08-28 07:44:59.765  1911  2045 I Nat464Xlat: Stopping clatd
08-28 07:44:59.767  1911  2045 E Nat464Xlat: Error stopping clatd: java.lang.IllegalStateException: command '3049 clatd stop wlan0' failed with '400 3049 Clatd operation failed'
08-28 07:44:59.782  1911  2045 D ConnectivityService: notifyType IP_CHANGED for NetworkAgentInfo [WIFI () - 162]
08-28 07:45:00.442  1429 23450 W SocketClient: write error (Broken pipe)
08-28 07:45:00.787  1911  4010 D WifiService: acquireWifiLockLocked: WifiLock{NlpWifiLock type=2 binder=android.os.BinderProxy@fbc75d7}
08-28 07:45:04.053  1911  4287 D WifiService: releaseWifiLockLocked: WifiLock{NlpWifiLock type=2 binder=android.os.BinderProxy@fbc75d7}
08-28 07:45:04.056  1911  3816 D WifiService: acquireWifiLockLocked: WifiLock{NlpWifiLock type=2 binder=android.os.BinderProxy@fbc75d7}
08-28 07:45:04.902  1911  2045 D ConnectivityService: setProvNotificationVisibleIntent null visible=false networkType=MOBILE extraInfo=null highPriority=false
08-28 07:45:04.916  1911  2045 D ConnectivityService: NetworkAgentInfo [WIFI () - 162] validation  passed
08-28 07:45:04.917  1911  2045 D ConnectivityService: notifyType CAP_CHANGED for NetworkAgentInfo [WIFI () - 162]
08-28 07:45:04.928  1911  2045 D ConnectivityService: sendStickyBroadcast: action=android.net.conn.INET_CONDITION_ACTION
08-28 07:45:05.777  1911  2108 D WifiService: releaseWifiLockLocked: WifiLock{NlpWifiLock type=2 binder=android.os.BinderProxy@54ef9fd}
08-28 07:45:06.083  1911  2108 D WifiService: releaseWifiLockLocked: WifiLock{NlpWifiLock type=2 binder=android.os.BinderProxy@fbc75d7}
08-28 07:45:06.998  1911  2492 D WifiService: acquireWifiLockLocked: WifiLock{NlpWifiLock type=2 binder=android.os.BinderProxy@bd4077f}
08-28 07:45:07.608  1911  2045 D ConnectivityService: handlePromptUnvalidated 162
08-28 07:45:07.675  1911  2651 D WifiService: acquireWifiLockLocked: WifiLock{NlpWifiLock type=2 binder=android.os.BinderProxy@69ee77c}
08-28 07:45:07.838  1911  1923 D WifiService: releaseWifiLockLocked: WifiLock{NlpWifiLock type=2 binder=android.os.BinderProxy@69ee77c}
08-28 07:45:07.913  1911  2492 D WifiService: releaseWifiLockLocked: WifiLock{NlpWifiLock type=2 binder=android.os.BinderProxy@bd4077f}
08-28 07:45:20.534  1911  2492 D WifiService: acquireWifiLockLocked: WifiLock{NlpWifiLock type=2 binder=android.os.BinderProxy@c19a012}
08-28 07:45:21.420  1911  2492 D WifiService: releaseWifiLockLocked: WifiLock{NlpWifiLock type=2 binder=android.os.BinderProxy@c19a012}
08-28 07:45:25.881  1911  4192 D WifiService: acquireWifiLockLocked: WifiLock{NlpWifiLock type=2 binder=android.os.BinderProxy@a403541}
08-28 07:45:26.611  1911  3817 D WifiService: releaseWifiLockLocked: WifiLock{NlpWifiLock type=2 binder=android.os.BinderProxy@a403541}
08-28 07:45:37.572  1911  1935 I ActivityManager: Waited long enough for: ServiceRecord{3673aae u0 com.android.providers.calendar/.EmptyService}
08-28 07:45:47.135  1911  3816 D ConnectivityService: reportNetworkConnectivity(162, false) by 10010
08-28 07:45:47.143  1911  2045 D ConnectivityService: NetworkAgentInfo [WIFI () - 162] EVENT_NETWORK_INFO_CHANGED, going from CONNECTED to DISCONNECTED
08-28 07:45:47.143  1911  2045 D ConnectivityService: NetworkAgentInfo [WIFI () - 162] got DISCONNECTED, was satisfying 9
08-28 07:45:47.194  1911  2045 D ConnectivityService: notifyType LOST for NetworkAgentInfo [WIFI () - 162]
08-28 07:45:47.200  1911  2045 I Nat464Xlat: Stopping clatd
08-28 07:45:47.201  1911  2045 E Nat464Xlat: Error stopping clatd: java.lang.IllegalStateException: command '3055 clatd stop wlan0' failed with '400 3055 Clatd operation failed'
08-28 07:45:47.251  1911  2045 D CSLegacyTypeTracker: Sending DISCONNECTED broadcast for type 1 NetworkAgentInfo [WIFI () - 162] isDefaultNetwork=true
08-28 07:45:47.251  1911  2045 D ConnectivityService: sendStickyBroadcast: action=android.net.conn.CONNECTIVITY_CHANGE
08-28 07:45:47.319  1911  2045 D ConnectivityService: setProvNotificationVisibleIntent null visible=false networkType=MOBILE extraInfo=null highPriority=false
08-28 07:46:18.579  1911  2043 D ConnectivityService: registerNetworkAgent NetworkAgentInfo{ ni{[type: WIFI[], state: CONNECTING/CONNECTING, reason: (unspecified), extra: "GoogleGuest-Legacy", roaming: false, failover: false, isAvailable: true]}  network{163}  lp{{InterfaceName: wlan0 LinkAddresses: []  Routes: [] DnsAddresses: [] Domains: null MTU: 0 TcpBufferSizes: 524288,1048576,2097152,262144,524288,1048576}}  nc{[ Transports: WIFI Capabilities: INTERNET&NOT_RESTRICTED&TRUSTED&NOT_VPN LinkUpBandwidth>=1048576Kbps LinkDnBandwidth>=1048576Kbps]}  Score{20}  everValidated{false}  lastValidated{false}  created{false} lingering{false} explicitlySelected{false} acceptUnvalidated{false} everCaptivePortalDetected{false} lastCaptivePortalDetected{false} }
08-28 07:46:18.579  1911  2045 D ConnectivityService: NetworkAgentInfo [WIFI () - 163] EVENT_NETWORK_INFO_CHANGED, going from null to CONNECTING
08-28 07:46:19.675  1911  2045 D ConnectivityService: NetworkAgentInfo [WIFI () - 163] EVENT_NETWORK_INFO_CHANGED, going from CONNECTING to CONNECTED
08-28 07:46:19.675  1911  2045 D ConnectivityService: Adding iface wlan0 to network 163
08-28 07:46:19.739  1911  2045 E ConnectivityService: Unexpected mtu value: 0, wlan0
08-28 07:46:19.739  1911  2045 D ConnectivityService: Adding Route [fe80::/64 -> :: wlan0] to network 163
08-28 07:46:19.740  1911  2045 D ConnectivityService: Adding Route [2620:0:1000:fd1f::/64 -> :: wlan0] to network 163
08-28 07:46:19.740  1911  2045 D ConnectivityService: Adding Route [::/0 -> fe80::200:5eff:fe00:265 wlan0] to network 163
08-28 07:46:19.741  1911  2045 D ConnectivityService: Setting Dns servers for network 163 to [/2001:4860:4860::8888, /2001:4860:4860::8844]
08-28 07:46:19.741  1911  2045 I Nat464Xlat: Starting clatd on wlan0
08-28 07:46:19.778  1911  2045 D ConnectivityService: notifyType IP_CHANGED for NetworkAgentInfo [WIFI () - 163]
08-28 07:46:19.792  1911  2045 D ConnectivityService: scheduleUnvalidatedPrompt 163
08-28 07:46:19.792  1911  2045 D ConnectivityService: updateSignalStrengthThresholds: CONNECT, sending [] to NetworkAgentInfo [WIFI () - 163]
08-28 07:46:19.793  1911  2045 D ConnectivityService: rematch for NetworkAgentInfo [WIFI () - 163]
08-28 07:46:19.793  1911  2045 D ConnectivityService:    accepting network in place of null
08-28 07:46:19.794  1911  2045 D ConnectivityService: Switching to new default network: NetworkAgentInfo{ ni{[type: WIFI[], state: CONNECTED/CONNECTED, reason: (unspecified), extra: "GoogleGuest-Legacy", roaming: false, failover: false, isAvailable: true]}  network{163}  lp{{InterfaceName: wlan0 LinkAddresses: [fe80::c69a:2ff:fe59:dbb0/64,2620:0:1000:fd1f:c69a:2ff:fe59:dbb0/64,2620:0:1000:fd1f:a93e:1c42:2fcd:640d/64,]  Routes: [fe80::/64 -> :: wlan0,::/0 -> fe80::200:5eff:fe00:265 wlan0,2620:0:1000:fd1f::/64 -> :: wlan0,] DnsAddresses: [2001:4860:4860::8888,2001:4860:4860::8844,] Domains: null MTU: 0 TcpBufferSizes: 524288,1048576,2097152,262144,524288,1048576}}  nc{[ Transports: WIFI Capabilities: INTERNET&NOT_RESTRICTED&TRUSTED&NOT_VPN LinkUpBandwidth>=1048576Kbps LinkDnBandwidth>=1048576Kbps]}  Score{20}  everValidated{false}  lastValidated{false}  created{true} lingering{false} explicitlySelected{false} acceptUnvalidated{false} everCaptivePortalDetected{false} lastCaptivePortalDetected{false} }
08-28 07:46:19.835  1911  2045 D CSLegacyTypeTracker: Sending CONNECTED broadcast for type 1 NetworkAgentInfo [WIFI () - 163] isDefaultNetwork=true
08-28 07:46:19.835  1911  2045 D ConnectivityService: sendStickyBroadcast: action=android.net.conn.CONNECTIVITY_CHANGE
08-28 07:46:19.841  1911  2045 D ConnectivityService: notifyType PRECHECK for NetworkAgentInfo [WIFI () - 163]
08-28 07:46:19.842  1911  2045 D ConnectivityService: setProvNotificationVisibleIntent null visible=false networkType=MOBILE extraInfo=null highPriority=false
08-28 07:46:19.842  1911  2045 D ConnectivityService: NetworkAgentInfo [WIFI () - 163] validation  passed
08-28 07:46:19.842  1911  2045 D ConnectivityService: notifyType CAP_CHANGED for NetworkAgentInfo [WIFI () - 163]
08-28 07:46:19.848  1911  2045 D ConnectivityService: sendStickyBroadcast: action=android.net.conn.INET_CONDITION_ACTION
08-28 07:46:19.863  1911  2045 I Nat464Xlat: Stopping clatd
08-28 07:46:19.886  1911  2045 D ConnectivityService: notifyType IP_CHANGED for NetworkAgentInfo [WIFI () - 163]
08-28 07:46:19.892  1911  2045 D ConnectivityService: Adding Route [100.110.192.0/18 -> 0.0.0.0 wlan0] to network 163
08-28 07:46:19.893  1911  2045 D ConnectivityService: Adding Route [0.0.0.0/0 -> 100.110.255.254 wlan0] to network 163
08-28 07:46:19.894  1911  2045 D ConnectivityService: Setting Dns servers for network 163 to [/2001:4860:4860::8888, /2001:4860:4860::8844, /8.8.8.8, /8.8.4.4]
08-28 07:46:19.896  1911  2045 I Nat464Xlat: Stopping clatd
08-28 07:46:19.897  1911  2045 E Nat464Xlat: Error stopping clatd: java.lang.IllegalStateException: command '3079 clatd stop wlan0' failed with '400 3079 Clatd operation failed'
08-28 07:46:19.915  1911  2045 D ConnectivityService: notifyType IP_CHANGED for NetworkAgentInfo [WIFI () - 163]
08-28 07:46:20.833  1911  2045 D ConnectivityService: NetTransition Wakelock (NetworkAgentInfo [WIFI () - 162] cleared because we found a replacement network
08-28 07:46:27.800  1911  2045 D ConnectivityService: handlePromptUnvalidated 163
08-28 07:47:26.470  1911  2185 D WifiService: acquireWifiLockLocked: WifiLock{NlpWifiLock type=2 binder=android.os.BinderProxy@8fb1bb2}
08-28 07:47:27.167  1911  3754 D WifiService: releaseWifiLockLocked: WifiLock{NlpWifiLock type=2 binder=android.os.BinderProxy@8fb1bb2}
08-28 07:49:32.518  1911  3754 D WifiService: acquireWifiLockLocked: WifiLock{NlpWifiLock type=2 binder=android.os.BinderProxy@8d3a4c8}
08-28 07:49:33.227  1911  2108 D WifiService: releaseWifiLockLocked: WifiLock{NlpWifiLock type=2 binder=android.os.BinderProxy@8d3a4c8}
08-28 07:50:30.142  1911  2045 D ConnectivityService: NetworkAgentInfo [WIFI () - 163] EVENT_NETWORK_INFO_CHANGED, going from CONNECTED to DISCONNECTED
08-28 07:50:30.142  1911  2045 D ConnectivityService: NetworkAgentInfo [WIFI () - 163] got DISCONNECTED, was satisfying 9
08-28 07:50:30.196  1911  2045 D ConnectivityService: notifyType LOST for NetworkAgentInfo [WIFI () - 163]
08-28 07:50:30.198  1911  2045 I Nat464Xlat: Stopping clatd
08-28 07:50:30.199  1911  2045 E Nat464Xlat: Error stopping clatd: java.lang.IllegalStateException: command '3085 clatd stop wlan0' failed with '400 3085 Clatd operation failed'
08-28 07:50:30.244  1911  2045 D CSLegacyTypeTracker: Sending DISCONNECTED broadcast for type 1 NetworkAgentInfo [WIFI () - 163] isDefaultNetwork=true
08-28 07:50:30.244  1911  2045 D ConnectivityService: sendStickyBroadcast: action=android.net.conn.CONNECTIVITY_CHANGE
08-28 07:51:30.300  1911  2045 D ConnectivityService: Failed to find a new network - expiring NetTransition Wakelock
08-28 07:51:40.141  1911  1923 D WifiService: acquireWifiLockLocked: WifiLock{NlpWifiLock type=2 binder=android.os.BinderProxy@8d3a4c8}
08-28 07:51:40.968  1911  3819 D WifiService: releaseWifiLockLocked: WifiLock{NlpWifiLock type=2 binder=android.os.BinderProxy@8d3a4c8}
08-28 07:53:13.665  1911  3819 D WifiService: acquireWifiLockLocked: WifiLock{NlpWifiLock type=2 binder=android.os.BinderProxy@48e6c70}
08-28 07:53:28.716  1911  3754 D WifiService: releaseWifiLockLocked: WifiLock{NlpWifiLock type=2 binder=android.os.BinderProxy@48e6c70}
08-28 07:53:40.165  1911  3817 D WifiService: acquireWifiLockLocked: WifiLock{NlpWifiLock type=2 binder=android.os.BinderProxy@d6a69d2}
08-28 07:53:40.985  1911  3819 D WifiService: releaseWifiLockLocked: WifiLock{NlpWifiLock type=2 binder=android.os.BinderProxy@d6a69d2}
08-28 07:54:12.699  1911  2043 D ConnectivityService: registerNetworkAgent NetworkAgentInfo{ ni{[type: WIFI[], state: CONNECTING/CONNECTING, reason: (unspecified), extra: "GoogleGuest-Legacy", roaming: false, failover: false, isAvailable: true]}  network{164}  lp{{InterfaceName: wlan0 LinkAddresses: []  Routes: [] DnsAddresses: [] Domains: null MTU: 0 TcpBufferSizes: 524288,1048576,2097152,262144,524288,1048576}}  nc{[ Transports: WIFI Capabilities: INTERNET&NOT_RESTRICTED&TRUSTED&NOT_VPN LinkUpBandwidth>=1048576Kbps LinkDnBandwidth>=1048576Kbps]}  Score{20}  everValidated{false}  lastValidated{false}  created{false} lingering{false} explicitlySelected{false} acceptUnvalidated{false} everCaptivePortalDetected{false} lastCaptivePortalDetected{false} }
08-28 07:54:12.699  1911  2045 D ConnectivityService: NetworkAgentInfo [WIFI () - 164] EVENT_NETWORK_INFO_CHANGED, going from null to CONNECTING
08-28 07:54:13.797  1911  2045 D ConnectivityService: NetworkAgentInfo [WIFI () - 164] EVENT_NETWORK_INFO_CHANGED, going from CONNECTING to CONNECTED
08-28 07:54:13.797  1911  2045 D ConnectivityService: Adding iface wlan0 to network 164
08-28 07:54:13.866  1911  2045 E ConnectivityService: Unexpected mtu value: 0, wlan0
08-28 07:54:13.866  1911  2045 D ConnectivityService: Adding Route [fe80::/64 -> :: wlan0] to network 164
08-28 07:54:13.867  1911  2045 D ConnectivityService: Adding Route [2620:0:1000:fd28::/64 -> :: wlan0] to network 164
08-28 07:54:13.867  1911  2045 D ConnectivityService: Adding Route [::/0 -> fe80::200:5eff:fe00:265 wlan0] to network 164
08-28 07:54:13.868  1911  2045 D ConnectivityService: Setting Dns servers for network 164 to [/2001:4860:4860::8888, /2001:4860:4860::8844]
08-28 07:54:13.869  1911  2045 I Nat464Xlat: Starting clatd on wlan0
08-28 07:54:13.895  1911  2045 D ConnectivityService: notifyType IP_CHANGED for NetworkAgentInfo [WIFI () - 164]
08-28 07:54:13.916  1911  2045 D ConnectivityService: scheduleUnvalidatedPrompt 164
08-28 07:54:13.916  1911  2045 D ConnectivityService: updateSignalStrengthThresholds: CONNECT, sending [] to NetworkAgentInfo [WIFI () - 164]
08-28 07:54:13.917  1911  2045 D ConnectivityService: rematch for NetworkAgentInfo [WIFI () - 164]
08-28 07:54:13.917  1911  2045 D ConnectivityService:    accepting network in place of null
08-28 07:54:13.920  1911  2045 D ConnectivityService: Switching to new default network: NetworkAgentInfo{ ni{[type: WIFI[], state: CONNECTED/CONNECTED, reason: (unspecified), extra: "GoogleGuest-Legacy", roaming: false, failover: false, isAvailable: true]}  network{164}  lp{{InterfaceName: wlan0 LinkAddresses: [fe80::c69a:2ff:fe59:dbb0/64,2620:0:1000:fd28:c69a:2ff:fe59:dbb0/64,2620:0:1000:fd28:a93e:1c42:2fcd:640d/64,]  Routes: [fe80::/64 -> :: wlan0,::/0 -> fe80::200:5eff:fe00:265 wlan0,2620:0:1000:fd28::/64 -> :: wlan0,] DnsAddresses: [2001:4860:4860::8888,2001:4860:4860::8844,] Domains: null MTU: 0 TcpBufferSizes: 524288,1048576,2097152,262144,524288,1048576}}  nc{[ Transports: WIFI Capabilities: INTERNET&NOT_RESTRICTED&TRUSTED&NOT_VPN LinkUpBandwidth>=1048576Kbps LinkDnBandwidth>=1048576Kbps]}  Score{20}  everValidated{false}  lastValidated{false}  created{true} lingering{false} explicitlySelected{false} acceptUnvalidated{false} everCaptivePortalDetected{false} lastCaptivePortalDetected{false} }
08-28 07:54:14.013  1911  2045 D CSLegacyTypeTracker: Sending CONNECTED broadcast for type 1 NetworkAgentInfo [WIFI () - 164] isDefaultNetwork=true
08-28 07:54:14.013  1911  2045 D ConnectivityService: sendStickyBroadcast: action=android.net.conn.CONNECTIVITY_CHANGE
08-28 07:54:14.020  1911  2045 D ConnectivityService: notifyType PRECHECK for NetworkAgentInfo [WIFI () - 164]
08-28 07:54:14.035  1911  2045 D ConnectivityService: Adding Route [100.110.128.0/18 -> 0.0.0.0 wlan0] to network 164
08-28 07:54:14.065  1911  2045 D ConnectivityService: Adding Route [0.0.0.0/0 -> 100.110.191.254 wlan0] to network 164
08-28 07:54:14.065  1911  2045 D ConnectivityService: Setting Dns servers for network 164 to [/2001:4860:4860::8888, /2001:4860:4860::8844, /8.8.8.8, /8.8.4.4]
08-28 07:54:14.067  1911  2045 I Nat464Xlat: Stopping clatd
08-28 07:54:14.135  1911  2045 D ConnectivityService: notifyType IP_CHANGED for NetworkAgentInfo [WIFI () - 164]
08-28 07:54:14.146  1429 24544 W SocketClient: write error (Broken pipe)
08-28 07:54:15.137  1911  3817 D ConnectivityService: reportNetworkConnectivity(164, true) by 10010
08-28 07:54:15.142  1911  1923 D ConnectivityService: reportNetworkConnectivity(164, true) by 10010
08-28 07:54:15.145  1911  2383 D ConnectivityService: reportNetworkConnectivity(164, true) by 10010
08-28 07:54:15.146  1911  4010 D ConnectivityService: reportNetworkConnectivity(164, true) by 10010
08-28 07:54:15.146  1911  4192 D ConnectivityService: reportNetworkConnectivity(164, true) by 10010
08-28 07:54:15.152  1911  4213 D ConnectivityService: reportNetworkConnectivity(164, true) by 10010
08-28 07:54:15.152  1911  4010 D ConnectivityService: reportNetworkConnectivity(164, true) by 10010
08-28 07:54:15.185  1911  3754 D ConnectivityService: reportNetworkConnectivity(164, true) by 10010
08-28 07:54:15.186  1911  2108 D ConnectivityService: reportNetworkConnectivity(164, true) by 10010
08-28 07:54:15.219  1911  2108 D ConnectivityService: reportNetworkConnectivity(164, true) by 10010
08-28 07:54:15.220  1911  3816 D ConnectivityService: reportNetworkConnectivity(164, true) by 10010
08-28 07:54:17.985 14188 24690 W ActivityThread: ClassLoader.loadClass: The class loader returned by Thread.getContextClassLoader() may fail for processes that host multiple applications. You should explicitly specify a context class loader. For example: Thread.setContextClassLoader(getClass().getClassLoader());
08-28 07:54:19.252  1911  2045 D ConnectivityService: setProvNotificationVisibleIntent null visible=false networkType=MOBILE extraInfo=null highPriority=false
08-28 07:54:19.252  1911  2045 D ConnectivityService: NetworkAgentInfo [WIFI () - 164] validation  passed
08-28 07:54:19.252  1911  2045 D ConnectivityService: notifyType CAP_CHANGED for NetworkAgentInfo [WIFI () - 164]
08-28 07:54:19.255  1911  2045 D ConnectivityService: sendStickyBroadcast: action=android.net.conn.INET_CONDITION_ACTION
08-28 07:54:19.258  1911  2045 D ConnectivityService: setProvNotificationVisibleIntent null visible=false networkType=MOBILE extraInfo=null highPriority=false
08-28 07:54:19.258  1911  2045 D ConnectivityService: NetworkAgentInfo [WIFI () - 164] validation  passed
08-28 07:54:21.920  1911  2045 D ConnectivityService: handlePromptUnvalidated 164
08-28 07:54:30.983  1911  1935 I ActivityManager: Waited long enough for: ServiceRecord{a1688e u0 com.android.providers.calendar/.EmptyService}
08-28 07:55:05.135  1911  3816 D ConnectivityService: reportNetworkConnectivity(164, false) by 10010
08-28 07:55:05.144  1911  2045 D ConnectivityService: NetworkAgentInfo [WIFI () - 164] EVENT_NETWORK_INFO_CHANGED, going from CONNECTED to DISCONNECTED
08-28 07:55:05.144  1911  2045 D ConnectivityService: NetworkAgentInfo [WIFI () - 164] got DISCONNECTED, was satisfying 9
08-28 07:55:05.204  1911  2045 D ConnectivityService: notifyType LOST for NetworkAgentInfo [WIFI () - 164]
08-28 07:55:05.211  1911  2045 I Nat464Xlat: Stopping clatd
08-28 07:55:05.211  1911  2045 E Nat464Xlat: Error stopping clatd: java.lang.IllegalStateException: command '3113 clatd stop wlan0' failed with '400 3113 Clatd operation failed'
08-28 07:55:05.253  1911  2045 D CSLegacyTypeTracker: Sending DISCONNECTED broadcast for type 1 NetworkAgentInfo [WIFI () - 164] isDefaultNetwork=true
08-28 07:55:05.253  1911  2045 D ConnectivityService: sendStickyBroadcast: action=android.net.conn.CONNECTIVITY_CHANGE
08-28 07:55:05.317  1911  2045 D ConnectivityService: setProvNotificationVisibleIntent null visible=false networkType=MOBILE extraInfo=null highPriority=false
08-28 07:55:37.040  1911  2043 D ConnectivityService: registerNetworkAgent NetworkAgentInfo{ ni{[type: WIFI[], state: CONNECTING/CONNECTING, reason: (unspecified), extra: "GoogleGuest", roaming: false, failover: false, isAvailable: true]}  network{165}  lp{{LinkAddresses: []  Routes: [] DnsAddresses: [] Domains: null MTU: 0 TcpBufferSizes: 524288,1048576,2097152,262144,524288,1048576}}  nc{[ Transports: WIFI Capabilities: INTERNET&NOT_RESTRICTED&TRUSTED&NOT_VPN LinkUpBandwidth>=1048576Kbps LinkDnBandwidth>=1048576Kbps]}  Score{20}  everValidated{false}  lastValidated{false}  created{false} lingering{false} explicitlySelected{false} acceptUnvalidated{false} everCaptivePortalDetected{false} lastCaptivePortalDetected{false} }
08-28 07:55:37.040  1911  2045 D ConnectivityService: NetworkAgentInfo [WIFI () - 165] EVENT_NETWORK_INFO_CHANGED, going from null to CONNECTING
08-28 07:55:38.154  1911  2045 D ConnectivityService: NetworkAgentInfo [WIFI () - 165] EVENT_NETWORK_INFO_CHANGED, going from CONNECTING to CONNECTED
08-28 07:55:38.154  1911  2045 D ConnectivityService: Adding iface wlan0 to network 165
08-28 07:55:38.217  1911  2045 E ConnectivityService: Unexpected mtu value: 0, wlan0
08-28 07:55:38.218  1911  2045 D ConnectivityService: Adding Route [fe80::/64 -> :: wlan0] to network 165
08-28 07:55:38.218  1911  2045 D ConnectivityService: Adding Route [2620:0:1000:fd28::/64 -> :: wlan0] to network 165
08-28 07:55:38.219  1911  2045 D ConnectivityService: Adding Route [::/0 -> fe80::200:5eff:fe00:265 wlan0] to network 165
08-28 07:55:38.219  1911  2045 D ConnectivityService: Setting Dns servers for network 165 to [/2001:4860:4860::8888, /2001:4860:4860::8844]
08-28 07:55:38.220  1911  2045 I Nat464Xlat: Starting clatd on wlan0
08-28 07:55:38.250  1911  2045 D ConnectivityService: notifyType IP_CHANGED for NetworkAgentInfo [WIFI () - 165]
08-28 07:55:38.264  1911  2045 D ConnectivityService: scheduleUnvalidatedPrompt 165
08-28 07:55:38.264  1911  2045 D ConnectivityService: updateSignalStrengthThresholds: CONNECT, sending [] to NetworkAgentInfo [WIFI () - 165]
08-28 07:55:38.264  1911  2045 D ConnectivityService: rematch for NetworkAgentInfo [WIFI () - 165]
08-28 07:55:38.264  1911  2045 D ConnectivityService:    accepting network in place of null
08-28 07:55:38.265  1911  2045 D ConnectivityService: Switching to new default network: NetworkAgentInfo{ ni{[type: WIFI[], state: CONNECTED/CONNECTED, reason: (unspecified), extra: "GoogleGuest", roaming: false, failover: false, isAvailable: true]}  network{165}  lp{{InterfaceName: wlan0 LinkAddresses: [fe80::c69a:2ff:fe59:dbb0/64,2620:0:1000:fd28:c69a:2ff:fe59:dbb0/64,2620:0:1000:fd28:a93e:1c42:2fcd:640d/64,]  Routes: [fe80::/64 -> :: wlan0,::/0 -> fe80::200:5eff:fe00:265 wlan0,2620:0:1000:fd28::/64 -> :: wlan0,] DnsAddresses: [2001:4860:4860::8888,2001:4860:4860::8844,] Domains: null MTU: 0 TcpBufferSizes: 524288,1048576,2097152,262144,524288,1048576}}  nc{[ Transports: WIFI Capabilities: INTERNET&NOT_RESTRICTED&TRUSTED&NOT_VPN LinkUpBandwidth>=1048576Kbps LinkDnBandwidth>=1048576Kbps]}  Score{20}  everValidated{false}  lastValidated{false}  created{true} lingering{false} explicitlySelected{false} acceptUnvalidated{false} everCaptivePortalDetected{false} lastCaptivePortalDetected{false} }
08-28 07:55:38.330  1911  2045 D CSLegacyTypeTracker: Sending CONNECTED broadcast for type 1 NetworkAgentInfo [WIFI () - 165] isDefaultNetwork=true
08-28 07:55:38.330  1911  2045 D ConnectivityService: sendStickyBroadcast: action=android.net.conn.CONNECTIVITY_CHANGE
08-28 07:55:38.333  1911  2045 D ConnectivityService: notifyType PRECHECK for NetworkAgentInfo [WIFI () - 165]
08-28 07:55:38.348  1911  2045 D ConnectivityService: setProvNotificationVisibleIntent null visible=false networkType=MOBILE extraInfo=null highPriority=false
08-28 07:55:38.348  1911  2045 D ConnectivityService: NetworkAgentInfo [WIFI () - 165] validation  passed
08-28 07:55:38.348  1911  2045 D ConnectivityService: notifyType CAP_CHANGED for NetworkAgentInfo [WIFI () - 165]
08-28 07:55:38.360  1911  2045 D ConnectivityService: sendStickyBroadcast: action=android.net.conn.INET_CONDITION_ACTION
08-28 07:55:38.386  1911  2045 D ConnectivityService: Adding Route [100.110.128.0/18 -> 0.0.0.0 wlan0] to network 165
08-28 07:55:38.387  1911  2045 D ConnectivityService: Adding Route [0.0.0.0/0 -> 100.110.191.254 wlan0] to network 165
08-28 07:55:38.387  1911  2045 D ConnectivityService: Setting Dns servers for network 165 to [/2001:4860:4860::8888, /2001:4860:4860::8844, /8.8.8.8, /8.8.4.4]
08-28 07:55:38.389  1911  2045 I Nat464Xlat: Stopping clatd
08-28 07:55:38.452  1911  2045 D ConnectivityService: notifyType IP_CHANGED for NetworkAgentInfo [WIFI () - 165]
08-28 07:55:39.006  1911  3816 D WifiService: acquireWifiLockLocked: WifiLock{NlpWifiLock type=2 binder=android.os.BinderProxy@e3ada1b}
08-28 07:55:39.324  1911  2045 D ConnectivityService: NetTransition Wakelock (NetworkAgentInfo [WIFI () - 164] cleared because we found a replacement network
08-28 07:55:39.697  1911  1925 D WifiService: acquireWifiLockLocked: WifiLock{NlpWifiLock type=2 binder=android.os.BinderProxy@96547b8}
08-28 07:55:40.007  1911  4192 D WifiService: releaseWifiLockLocked: WifiLock{NlpWifiLock type=2 binder=android.os.BinderProxy@96547b8}
08-28 07:55:40.091  1911  2108 D WifiService: releaseWifiLockLocked: WifiLock{NlpWifiLock type=2 binder=android.os.BinderProxy@e3ada1b}
08-28 07:56:39.070  1911  4213 D WifiService: acquireWifiLockLocked: WifiLock{NlpWifiLock type=2 binder=android.os.BinderProxy@388ab5c}
08-28 07:56:39.680  1911  4010 D WifiService: releaseWifiLockLocked: WifiLock{NlpWifiLock type=2 binder=android.os.BinderProxy@388ab5c}
08-28 07:56:39.965  1911  2045 D ConnectivityService: handlePromptUnvalidated 165
08-28 07:58:48.733  1911  3754 D WifiService: acquireWifiLockLocked: WifiLock{NlpWifiLock type=2 binder=android.os.BinderProxy@388ab5c}
08-28 07:58:49.441  1911  1923 D WifiService: releaseWifiLockLocked: WifiLock{NlpWifiLock type=2 binder=android.os.BinderProxy@388ab5c}
08-28 08:00:35.563  1911  1935 W ProcessCpuTracker: Skipping unknown process pid 25409
08-28 08:00:35.563  1911  1935 W ProcessCpuTracker: Skipping unknown process pid 25410
08-28 08:00:35.563  1911  1935 W ProcessCpuTracker: Skipping unknown process pid 25413
08-28 08:00:35.563  1911  1935 W ProcessCpuTracker: Skipping unknown process pid 25414
08-28 08:00:35.564  1911  1935 W ProcessCpuTracker: Skipping unknown process pid 25415
08-28 08:01:15.139  1911  2383 D WifiService: acquireWifiLockLocked: WifiLock{NlpWifiLock type=2 binder=android.os.BinderProxy@4202402}
08-28 08:01:15.781  1911  4010 D WifiService: releaseWifiLockLocked: WifiLock{NlpWifiLock type=2 binder=android.os.BinderProxy@4202402}
08-28 08:03:34.044  1911  2035 I PowerManagerService: Waking up from sleep (uid 1000)...
08-28 08:03:34.052  1911  1960 I DisplayPowerController: Blocking screen on until initial contents have been drawn.
08-28 08:03:34.104  1911  2045 D ConnectivityService: notifyType CAP_CHANGED for NetworkAgentInfo [WIFI () - 165]
08-28 08:03:34.178  1911  1950 I DisplayManagerService: Display device changed state: "Built-in Screen", ON
08-28 08:03:34.188  1911  1960 I DisplayPowerController: Unblocked screen on after 135 ms
08-28 08:03:37.032  1911  2383 W InputMethodManagerService: Window already focused, ignoring focus gain of: com.android.internal.view.IInputMethodClient$Stub$Proxy@a16cd28 attribute=android.view.inputmethod.EditorInfo@327ba41, token = android.os.BinderProxy@b1a17f5
08-28 08:03:37.130  1911  2045 D ConnectivityService: notifyType CAP_CHANGED for NetworkAgentInfo [WIFI () - 165]
08-28 08:03:37.141  1911  2045 D ConnectivityService: updateNetworkScore for NetworkAgentInfo [WIFI () - 165] to 56
08-28 08:03:40.149  1911  2045 D ConnectivityService: updateNetworkScore for NetworkAgentInfo [WIFI () - 165] to 60
08-28 08:03:44.678  1911  2035 I PowerManagerService: Going to sleep due to power button (uid 1000)...
08-28 08:03:44.683  1911  1960 I PowerManagerService: Sleeping (uid 1000)...
08-28 08:03:45.240  1911  1950 I DisplayManagerService: Display device changed state: "Built-in Screen", OFF
08-28 08:03:47.782  1911  3819 I ActivityManager: Killing 12109:com.google.android.contacts/u0a11 (adj 15): empty #17
08-28 08:03:47.819  1911  1925 D ActivityManager: cleanUpApplicationRecord -- 12109
08-28 08:03:54.948  1911  1935 W ProcessCpuTracker: Skipping unknown process pid 25826
08-28 08:03:54.948  1911  1935 W ProcessCpuTracker: Skipping unknown process pid 25827
08-28 08:03:54.948  1911  1935 W ProcessCpuTracker: Skipping unknown process pid 25829
08-28 08:05:44.218  1911  2651 D WifiService: acquireWifiLockLocked: WifiLock{NlpWifiLock type=2 binder=android.os.BinderProxy@f25de8b}
08-28 08:05:44.846  1911  4192 D WifiService: releaseWifiLockLocked: WifiLock{NlpWifiLock type=2 binder=android.os.BinderProxy@f25de8b}
08-28 08:07:14.439  1911  3819 D WifiService: acquireWifiLockLocked: WifiLock{NlpWifiLock type=2 binder=android.os.BinderProxy@f25de8b}
08-28 08:07:15.162  1911  2108 D WifiService: releaseWifiLockLocked: WifiLock{NlpWifiLock type=2 binder=android.os.BinderProxy@f25de8b}
08-28 08:08:23.095  1911  1935 I ActivityManager: Waited long enough for: ServiceRecord{3f6438 u0 com.android.providers.calendar/.EmptyService}
08-28 08:09:15.299  1911  4213 D WifiService: acquireWifiLockLocked: WifiLock{NlpWifiLock type=2 binder=android.os.BinderProxy@f25de8b}
08-28 08:09:15.987  1911  2651 D WifiService: releaseWifiLockLocked: WifiLock{NlpWifiLock type=2 binder=android.os.BinderProxy@f25de8b}
08-28 08:09:56.204  1911  2045 D ConnectivityService: notifyType CAP_CHANGED for NetworkAgentInfo [WIFI () - 165]
08-28 08:11:46.051  1911  2185 D WifiService: acquireWifiLockLocked: WifiLock{NlpWifiLock type=2 binder=android.os.BinderProxy@c85b22a}
08-28 08:11:46.738  1911  1923 D WifiService: releaseWifiLockLocked: WifiLock{NlpWifiLock type=2 binder=android.os.BinderProxy@c85b22a}
08-28 08:13:46.148  1911  2651 D WifiService: acquireWifiLockLocked: WifiLock{NlpWifiLock type=2 binder=android.os.BinderProxy@c85b22a}
08-28 08:13:46.912  1911  2492 D WifiService: releaseWifiLockLocked: WifiLock{NlpWifiLock type=2 binder=android.os.BinderProxy@c85b22a}
08-28 08:15:17.050  1911  2035 I PowerManagerService: Waking up from sleep (uid 1000)...
08-28 08:15:17.059  1911  1960 I DisplayPowerController: Blocking screen on until initial contents have been drawn.
08-28 08:15:17.138  1911  2045 D ConnectivityService: notifyType CAP_CHANGED for NetworkAgentInfo [WIFI () - 165]
08-28 08:15:17.143  1911  1950 I DisplayManagerService: Display device changed state: "Built-in Screen", ON
08-28 08:15:17.253  1911  1960 I DisplayPowerController: Unblocked screen on after 194 ms
08-28 08:15:19.532  1911  4192 W InputMethodManagerService: Window already focused, ignoring focus gain of: com.android.internal.view.IInputMethodClient$Stub$Proxy@8c9989f attribute=android.view.inputmethod.EditorInfo@4509dec, token = android.os.BinderProxy@b1a17f5
08-28 08:15:23.190  1911  2045 D ConnectivityService: notifyType CAP_CHANGED for NetworkAgentInfo [WIFI () - 165]
08-28 08:15:26.249  1911  2045 D ConnectivityService: updateNetworkScore for NetworkAgentInfo [WIFI () - 165] to 56
08-28 08:16:08.737  1911  2045 D ConnectivityService: notifyType CAP_CHANGED for NetworkAgentInfo [WIFI () - 165]
08-28 08:16:11.783  1911  2045 D ConnectivityService: notifyType CAP_CHANGED for NetworkAgentInfo [WIFI () - 165]
