08-28 09:26:02.648  6564  6736 V ConfigSyncHelper: Config entry key=suggestRequestDelayMillis value=150
08-28 09:26:02.648  6564  6736 V ConfigSyncHelper: Config entry key=isPodcastsEnabledWControlledRollout value=true
08-28 09:26:02.648  6564  6736 V ConfigSyncHelper: Config entry key=upsellSkipLimitMessage value=You're out of skips. Get on-demand and offline access to millions of songs.
08-28 09:26:02.648  6564  6736 V ConfigSyncHelper: Config entry key=upsellDownloadCtaMessage value=SUBSCRIBE
08-28 09:26:02.649  6564  6736 V ConfigSyncHelper: Config entry key=isInstantSearchEnabled value=true
08-28 09:26:02.649  6564  6736 V ConfigSyncHelper: Config entry key=hasNewUserQuizPermission value=true
08-28 09:26:02.649  6564  6736 V ConfigSyncHelper: Config entry key=upsellNewReleasesMessage value=Subscribe to play any song or album
08-28 09:26:02.649  6564  6736 V ConfigSyncHelper: Config entry key=persistentSubscriptionTrackUserLimit value=100001
08-28 09:26:02.650  6564  6736 V ConfigSyncHelper: Config entry key=shouldValidateMediaRoutes value=true
08-28 09:26:02.650  6564  6736 V ConfigSyncHelper: Config entry key=mediaRoutePackageSignatures value=[{"packages": ["com.google.android.music", "com.google.android.setupwarlock", "com.google.android.gms"], "sha1s": ["38918A453D07199354F8B19AF05EC6562CED5788", "58E1C4133F7441EC3D2C270270A14802DA47BA0E"]}, {"packages": ["com.sonos.acr"], "sha1s": ["7387C9EB17CC5972F2B2FDF3E192884A78F24E7E", "62E2D848EF6FD0F8978F650D5DF9605786E26673", "9407A78494B106461537E1FC4E5D877E5ABCC7B3", "B6EA208733731F0CA8A123155830457C876130C4", "B703697E509B186616D83E978064A7A4F8D18775"]}]
08-28 09:26:02.650  6564  6736 V ConfigSyncHelper: Config entry key=enableFallbackForShortUrls value=true
08-28 09:26:02.650  6564  6736 V ConfigSyncHelper: Config entry key=iosEnableStreamInterception value=false
08-28 09:26:02.651  6564  6736 V ConfigSyncHelper: Config entry key=enableStructuredLogging value=true
08-28 09:26:02.651  6564  6736 V ConfigSyncHelper: Config entry key=enableHttpsAlbumArt value=true
08-28 09:26:02.651  6564  6736 V ConfigSyncHelper: Config entry key=isUpgradeTempCacheForKeeponEnabled value=true
08-28 09:26:02.651  6564  6736 V ConfigSyncHelper: Config entry key=iosEnableCQ value=true
08-28 09:26:02.652  6564  6736 V ConfigSyncHelper: Config entry key=castReceiverAppId value=2872939A
08-28 09:26:02.652  6564  6736 V ConfigSyncHelper: Config entry key=iosHashCastAppContext value=true
08-28 09:26:02.652  6564  6736 V ConfigSyncHelper: Config entry key=iosEnableWoodstockCloudQueue value=true
08-28 09:26:02.652  6564  6736 V ConfigSyncHelper: Config entry key=iosEnableBackgroundDownloading value=true
08-28 09:26:02.652  6564  6736 V ConfigSyncHelper: Config entry key=iosEnableRadioDownloads value=true
08-28 09:26:02.653  6564  6736 V ConfigSyncHelper: Config entry key=iosRadioDownloadsAlwaysUseDownloadedSongs value=false
08-28 09:26:02.653  6564  6736 V ConfigSyncHelper: Config entry key=iosRadioDownloadsEagerRefill value=false
08-28 09:26:02.653  6564  6736 V ConfigSyncHelper: Config entry key=iosRadioDownloadsBatchSize value=25
08-28 09:26:02.654  6564  6736 V ConfigSyncHelper: Config entry key=iosRadioDownloadsReadyPercent value=80
08-28 09:26:02.654  6564  6736 V ConfigSyncHelper: Config entry key=iosEnableGPMAudioPlayer value=false
08-28 09:26:02.654  6564  6736 V ConfigSyncHelper: Config entry key=iosEnableGPMAudioPlayerFMP4 value=false
08-28 09:26:02.654  6564  6736 V ConfigSyncHelper: Config entry key=enableAndroidChromecastCloudQueue value=true
08-28 09:26:02.655  6564  6736 V ConfigSyncHelper: Config entry key=enableAndroidChromecastCloudQueueWoodstock value=true
08-28 09:26:02.655  6564  6736 V ConfigSyncHelper: Config entry key=enableAndroidDialCloudQueue value=true
08-28 09:26:02.655  6564  6736 V ConfigSyncHelper: Config entry key=iosEnableSonos value=false
08-28 09:26:02.655  6564  6736 V ConfigSyncHelper: Config entry key=enableMpsOverride value=false
08-28 09:26:02.656  6564  6736 V ConfigSyncHelper: Config entry key=enableReportAllPlayEventsInRealtime value=true
08-28 09:26:02.656  6564  6736 V ConfigSyncHelper: Config entry key=iOSEnableFullWidthSearchBar value=true
08-28 09:26:02.656  6564  6736 V ConfigSyncHelper: Config entry key=androidEnableFullWidthSearchBar value=true
08-28 09:26:02.657  6564  6736 V ConfigSyncHelper: Config entry key=askForNautilusCancellationReason value=true
08-28 09:26:02.658  6564  6736 V ConfigSyncHelper: Config entry key=enableDGEvaluation value=false
08-28 09:26:02.658  6564  6736 V ConfigSyncHelper: Config entry key=androidEnableAdaptiveHome value=false
08-28 09:26:02.658  6564  6736 V ConfigSyncHelper: Config entry key=iosEnableAdaptiveHome value=false
08-28 09:26:02.658  6564  6736 V ConfigSyncHelper: Config entry key=enableOkHttp value=true
08-28 09:26:02.659  6564  6736 V ConfigSyncHelper: Config entry key=isSyncLoggingEnabled value=false
08-28 09:26:02.659  6564  6736 V ConfigSyncHelper: Config entry key=enableOnePushSync value=true
08-28 09:26:02.659  6564  6736 V ConfigSyncHelper: Config entry key=iosEnableOnepushNew value=true
08-28 09:26:02.659  6564  6736 V ConfigSyncHelper: Config entry key=iosEnableGcmRegistrationNew value=true
08-28 09:26:02.660  6564  6736 V ConfigSyncHelper: Config entry key=androidEnableEntitySuggest value=true
08-28 09:26:02.660  6564  6736 V ConfigSyncHelper: Config entry key=iosEnableEntitySuggest value=true
08-28 09:26:02.660  6564  6736 V ConfigSyncHelper: Config entry key=musicFeedbackLogs value=false
08-28 09:26:02.660  6564  6736 V ConfigSyncHelper: Config entry key=isPrimesOdysseyEnabled value=false
08-28 09:26:02.661  6564  6736 V ConfigSyncHelper: Config entry key=isPrimesClearcutEnabled value=true
08-28 09:26:02.661  6564  6736 V ConfigSyncHelper: Config entry key=isPrimesMemoryEnabled value=false
08-28 09:26:02.661  6564  6736 V ConfigSyncHelper: Config entry key=iosEnableStickyNav value=true
08-28 09:26:02.661  6564  6736 V ConfigSyncHelper: Config entry key=androidEnableStickyNav value=true
08-28 09:26:02.662  6564  6736 V ConfigSyncHelper: Config entry key=androidEnableAdaptiveHomeForMediaBrowser value=false
08-28 09:26:02.662  6564  6736 V ConfigSyncHelper: Config entry key=androidEnableFastFirstTrack2 value=false
08-28 09:26:02.662  6564  6736 V ConfigSyncHelper: Config entry key=androidEnableDownloadLatencyLogging value=false
08-28 09:26:02.662  6564  6736 V ConfigSyncHelper: Config entry key=enablePlayQualityIcon value=false
08-28 09:26:02.663  6564  6736 V ConfigSyncHelper: Config entry key=androidEnableFmp4AacOnPlaybackV1 value=false
08-28 09:26:02.663  6564  6736 V ConfigSyncHelper: Config entry key=androidEnableFmp4AacOnPlaybackV2 value=false
08-28 09:26:02.663  6564  6736 V ConfigSyncHelper: Config entry key=iosMinimumBackgroundFetchIntervalSeconds value=0
08-28 09:26:02.663  6564  6736 V ConfigSyncHelper: Config entry key=syncExperimentsToLogViaSyncService value=false
08-28 09:26:02.664  6564  6736 V ConfigSyncHelper: Config entry key=androidEnableSilentFeedback value=false
08-28 09:26:02.664  6564  6736 V ConfigSyncHelper: Config entry key=headphoneRecommendationNotification value=false
08-28 09:26:02.664  6564  6736 V ConfigSyncHelper: Config entry key=androidEnableEntityBrowserForMediaBrowser value=true
08-28 09:26:02.665  6564  6736 V ConfigSyncHelper: Config entry key=enableDynamicOffers value=false
08-28 09:26:02.665  6564  6736 V ConfigSyncHelper: Config entry key=disableULRReportingiOS value=true
08-28 09:26:02.665  6564  6736 V ConfigSyncHelper: Config entry key=iosForegroundLocationFetchTimeoutMs value=0
08-28 09:26:02.724  6564  6564 I MusicExperimentManager: Received config change, experiments list is 12600138,12600335,12600357,12600366,12600388,12600390,12600394,12600397,12600426,12600428,12600430,12600443,12600465,12600466,12600467,12600478,12600506,12600526,12600530,12600536,12602068,12604244,12604245,12604246,12611729,12612165,12612188,12612247,12616614,12616615,12617467,12619023,12619033,12619127,12620830,12625361,12625500,12625941,12626008,12626652,12626945,12627281,12627951,12628654,12629142,12629667,12630065,12630209,12631091,12631194,12631414,12631643,12632064,12632720,12633320,12634000,12634578,12638114,12638176,20350003,20350004
08-28 09:26:02.737  6564  6736 V MusicSyncAdapter: Waiting on downstream reader thread to finish...
08-28 09:26:02.737  6564  6743 V MusicSyncAdapter: Update queue empty.  Exiting.
08-28 09:26:02.737  6564  6743 V MusicSyncAdapter: Downstream reader thread exiting.
08-28 09:26:02.737  6564  6744 V MusicSyncAdapter: Pulled block of size 0 from the merge queue.
08-28 09:26:02.737  6564  6744 V MusicSyncAdapter: Merge queue empty.  Exiting. 
08-28 09:26:02.737  6564  6736 V MusicSyncAdapter: Waiting on downstream merger thread to finish merging...
08-28 09:26:02.737  6564  6744 V MusicSyncAdapter: Downstream merger thread exiting.
08-28 09:26:02.739  6564  6717 D AwarenessRouter: Successfully removed previous context fences
08-28 09:26:02.802  6564  6736 V PeriodicSyncTask: Scheduling periodic sync for Account {name=sieke@google.com, type=com.google} every 86400 seconds
08-28 09:26:02.813  6564  6736 I MusicSyncAdapter: Will attempt periodic sync for account: Account {name=sieke@google.com, type=com.google}
08-28 09:26:02.813  6564  6736 I MusicSyncAdapter: Periodic update
08-28 09:26:02.817  6564  6736 V MusicSyncAdapter: Downstream sync complete.
08-28 09:26:02.817  6564  6736 V MusicSyncAdapter: Commencing upstream sync.
08-28 09:26:02.835  6564  6743 V MusicSyncAdapter: Upstream reader: 0 playlist entry tombstone(s) found.
08-28 09:26:02.836  6564  6672 I PlayCommon: [4608] PlayEventLogger.uploadEventsImpl: Preparing logs for uploading
08-28 09:26:02.836  6564  6743 V MusicSyncAdapter: Upstream reader: 0 playlist tombstone(s) found.
08-28 09:26:02.838  6564  6672 I PlayCommon: [4608] PlayEventLogger.uploadEventsImpl: No file ready to send
08-28 09:26:02.839  6564  6743 V MusicSyncAdapter: Upstream reader: 0 track change(s) found.
08-28 09:26:02.840  6564  6743 V MusicSyncAdapter: Upstream reader: 0 playlist change(s) found.
08-28 09:26:02.842  6564  6743 V MusicSyncAdapter: Upstream reader: 0 playlist entry change(s) found.
08-28 09:26:02.844  6564  6743 V MusicSyncAdapter: Upstream reader: 0 radio station tombstone(s) found.
08-28 09:26:02.845  6564  6743 V MusicSyncAdapter: Upstream reader: 0 radio station found.
08-28 09:26:02.846  6564  6743 V MusicSyncAdapter: Upstream reader: 0 track tombstone(s) found.
08-28 09:26:02.847  6564  6743 V MusicSyncAdapter: Upstream reader: 0 blacklist item found.
08-28 09:26:02.849  6564  6743 V MusicSyncAdapter: Upstream reader: 0 podcast series found.
08-28 09:26:02.856  6564  6736 V MusicSyncAdapter: Waiting on upstream reader thread to finish...
08-28 09:26:02.856  6564  6736 V MusicSyncAdapter: Waiting on upstream merger thread to finish merging...
08-28 09:26:02.856  6564  6744 V MusicSyncAdapter: Upstream sender: Queue empty.  Exiting. 
08-28 09:26:02.857  6564  6744 D MusicSyncAdapter: syncRequest for account: Account {name=sieke@google.com, type=com.google}, eventIds: Optional.absent()
08-28 09:26:02.861  6564  6744 D MusicSyncAdapter: uploadEvents: activityEvent=0
08-28 09:26:02.861  6564  6744 W MusicApiClient: Activity events list is null or empty. Skip reporting.
08-28 09:26:02.861  6564  6744 V MusicSyncAdapter: Reported 0 Activity events
08-28 09:26:02.861  6564  6744 I MusicSyncAdapter: Cleanup: false
08-28 09:26:02.863  6564  6736 V MusicSyncAdapter: Upstream sync done.
08-28 09:26:02.866  6564  6736 I KeepOnUpdater: Updating SHOULDKEEPON
08-28 09:26:02.878  6564  6736 D KeepOnUpdater: insertFromAutoPlaylists
08-28 09:26:02.883  6564  6736 I KeepOnUpdater: Update of SHOULDKEEPON complete
08-28 09:26:02.885  6564  6564 D MusicLifecycle: com.google.android.music.download.EncapsulatedBroadcastReceiver$1 generated event: Broadcast received with context com.google.android.music.ui.PhoneMusicApplication@1b6f309 and intent Intent { act=com.google.android.music.NEW_SHOULDKEEPON flg=0x10 (has extras) }
08-28 09:26:02.907  6564  6729 I BaseCacheManager: Cached file or directory "/data/user/0/com.google.android.music/files/artwork" does not exist.
08-28 09:26:02.912  6564  6564 D MusicLifecycle: com.google.android.music.wear.WearBroadcastReceiver generated event: Broadcast received with context android.app.ReceiverRestrictedContext@e33b4df and intent Intent { act=com.google.android.music.NEW_SHOULDKEEPON flg=0x10 cmp=com.google.android.music/.wear.WearBroadcastReceiver (has extras) }
08-28 09:26:02.916  6564  6736 D MusicLifecycle: com.google.android.music.sync.google.MusicSyncAdapter generated event: Sync ended
08-28 09:26:02.936  6564  6564 D MusicLifecycle: com.google.android.music.download.EncapsulatedBroadcastReceiver$1 generated event: Broadcast received with context com.google.android.music.ui.PhoneMusicApplication@1b6f309 and intent Intent { act=com.google.android.music.download.keepon.KeeponSchedulingService.START_DOWNLOAD flg=0x10 (has extras) }
08-28 09:26:02.936  6564  6564 D KeeponService2: DynamicStartKeeponReceiver.onReceive intent=Intent { act=com.google.android.music.download.keepon.KeeponSchedulingService.START_DOWNLOAD flg=0x10 (has extras) } extras=Bundle[{userInitiated=false}]
08-28 09:26:02.938  6564  6730 W WearSignatureVerifier: No package com.google.android.wearable.app.cn
08-28 09:26:02.941  6564  6730 W WearSignatureVerifier: No package com.google.android.wearable.app.cn
08-28 09:26:02.941  6564  6564 D MusicLifecycle: com.google.android.music.sync.SyncAdapterService generated event: Service destroyed
08-28 09:26:02.941  6564  6730 W WearSignatureVerifier: No package com.google.android.wearable.app.cn
08-28 09:26:02.942  6564  6730 W WearSignatureVerifier: No package com.google.android.wearable.app.cn
08-28 09:26:02.950  6564  6564 D MusicLifecycle: com.google.android.music.autocache.AutoCacheSchedulingService$EnablingReceiver generated event: Broadcast received with context android.app.ReceiverRestrictedContext@e33b4df and intent Intent { act=com.google.android.music.SYNC_COMPLETE flg=0x10 cmp=com.google.android.music/.autocache.AutoCacheSchedulingService$EnablingReceiver }
08-28 09:26:02.952  6564  6564 I MusicLeanback: EnablingReceiver action:com.google.android.music.SYNC_COMPLETE
08-28 09:26:02.969  5085  5085 I chatty  : uid=10010 com.google.android.gms.persistent expire 2 lines
08-28 09:26:03.016  6564  6564 D MusicLifecycle: com.google.android.music.autocache.AutoCacheSchedulingService generated event: Service created
08-28 09:26:03.016  6564  6564 D MusicLeanback: onCreate
08-28 09:26:03.018  6564  6564 D MusicLifecycle: com.google.android.music.autocache.AutoCacheSchedulingService generated event: Service started with intent Intent { act=com.google.android.music.leanback.ACTIVATE_AUTO_CACHE cmp=com.google.android.music/.autocache.AutoCacheSchedulingService (has extras) }
08-28 09:26:03.019  6564  6808 D MusicLeanback: Service action:com.google.android.music.leanback.ACTIVATE_AUTO_CACHE
08-28 09:26:03.019  6564  6805 I BaseCacheManager: Cached file or directory "/data/user/0/com.google.android.music/files/music" does not exist.
08-28 09:26:03.021  6564  6809 D DownloadQueue: clearCurrentTask
08-28 09:26:03.021  6564  6809 D DownloadQueue: getNextTask(): wait
08-28 09:26:03.022  5085  5965 I chatty  : uid=10010(com.google.android.gms) Binder_6 expire 2 lines
08-28 09:26:03.023  6564  6564 W WearSignatureVerifier: No package com.google.android.wearable.app.cn
08-28 09:26:03.028  6564  6806 E GmsUtils: Failed to connect to Google API client: ConnectionResult{statusCode=API_UNAVAILABLE, resolution=null, message=null}
08-28 09:26:03.035  6564  6808 D MusicLeanback: State: lastUpdateTrigger=Wed Dec 31 16:00:00 PST 1969, currentUpdateTrigger=Wed Dec 31 16:00:00 PST 1969, scheduledTrigger=Wed Dec 31 16:00:00 PST 1969, currentUpdateRefreshedMixes=false, initializedMixes=false, sourceAccount=0, lastAttempt=Wed Dec 31 16:00:00 PST 1969, appUseTime=Wed Dec 31 16:00:00 PST 1969, connectivityRecoveryTime=Wed Dec 31 16:00:00 PST 1969
08-28 09:26:03.036  6564  6808 W MusicLeanback: No valid account for suggested mixes
08-28 09:26:03.039  6564  6808 I MusicLeanback: Conditions not met for autocaching. okToAttempt=false
08-28 09:26:03.039  6564  6808 I MusicLeanback: Stop autocaching.
08-28 09:26:03.041  6564  6808 D MusicLeanback: handleMessage: msg{ when=0 what=5 arg1=1 target=com.google.android.music.download.AbstractSchedulingService$ServiceWorker };mState=NOT_STARTED
08-28 09:26:03.042  6564  6564 D MusicLifecycle: com.google.android.music.autocache.AutoCacheSchedulingService generated event: Service destroyed
08-28 09:26:03.042  6564  6564 D MusicLeanback: onDestroy
08-28 09:26:03.043  1911  3754 I ActivityManager: Killing 31886:com.google.android.apps.enterprise.dmagent/u0a38 (adj 15): empty #17
08-28 09:26:03.052  1911  2044 D WifiService: Client connection lost with reason: 4
08-28 09:26:03.076  1911  1920 I chatty  : uid=1000(system) HeapTaskDaemon expire 1 line
08-28 09:26:03.093  1911  2789 D ActivityManager: cleanUpApplicationRecord -- 31886
08-28 09:26:04.064  1433  1974 D audio_hw_primary: out_set_parameters: enter: usecase(1: low-latency-playback) kvpairs: routing=2
08-28 09:26:04.085  1433  1974 D audio_hw_primary: select_devices: out_snd_device(2: speaker) in_snd_device(0: none)
08-28 09:26:04.085  1433  1974 D msm8974_platform: platform_send_audio_calibration: sending audio calibration for snd_device(2) acdb_id(15)
08-28 09:26:04.085  1433  1974 D audio_hw_primary: enable_snd_device: snd_device(2: speaker)
08-28 09:26:04.087  1433  1974 D audio_hw_primary: enable_audio_route: apply and update mixer path: low-latency-playback
08-28 09:26:04.727  1433  1974 D audio_hw_primary: out_set_parameters: enter: usecase(1: low-latency-playback) kvpairs: routing=2
08-28 09:26:04.742  1911  3819 W InputMethodManagerService: Window already focused, ignoring focus gain of: com.android.internal.view.IInputMethodClient$Stub$Proxy@5251440 attribute=null, token = android.os.BinderProxy@b1a17f5
08-28 09:26:04.823  2097  2367 D OpenGLRenderer: endAllStagingAnimators on 0x9d032700 (RippleDrawable) with handle 0x9c93bd90
08-28 09:26:05.356  6564  6564 D MusicLifecycle: com.google.android.music.autocache.AutoCacheSchedulingService$EnablingReceiver generated event: Broadcast received with context android.app.ReceiverRestrictedContext@e33b4df and intent Intent { act=com.google.android.music.START_DOWNLOAD_SCHEDULING flg=0x10 cmp=com.google.android.music/.autocache.AutoCacheSchedulingService$EnablingReceiver }
08-28 09:26:05.356  6564  6564 I MusicLeanback: EnablingReceiver action:com.google.android.music.START_DOWNLOAD_SCHEDULING
08-28 09:26:05.367  6564  6564 D MusicLifecycle: com.google.android.music.autocache.AutoCacheSchedulingService generated event: Service created
08-28 09:26:05.367  6564  6564 D MusicLeanback: onCreate
08-28 09:26:05.367  6564  6564 D MusicLifecycle: com.google.android.music.autocache.AutoCacheSchedulingService generated event: Service started with intent Intent { act=com.google.android.music.leanback.APP_IN_USE cmp=com.google.android.music/.autocache.AutoCacheSchedulingService (has extras) }
08-28 09:26:05.368  6564  6564 D MusicLifecycle: com.google.android.music.wear.WearBroadcastReceiver generated event: Broadcast received with context android.app.ReceiverRestrictedContext@e33b4df and intent Intent { act=com.google.android.music.START_DOWNLOAD_SCHEDULING flg=0x10 cmp=com.google.android.music/.wear.WearBroadcastReceiver }
08-28 09:26:05.373  6564  6838 D MusicLeanback: Service action:com.google.android.music.leanback.APP_IN_USE
08-28 09:26:05.373  6564  6730 W WearSignatureVerifier: No package com.google.android.wearable.app.cn
08-28 09:26:05.375  6564  6838 D MusicLeanback: State: lastUpdateTrigger=Wed Dec 31 16:00:00 PST 1969, currentUpdateTrigger=Wed Dec 31 16:00:00 PST 1969, scheduledTrigger=Wed Dec 31 16:00:00 PST 1969, currentUpdateRefreshedMixes=false, initializedMixes=false, sourceAccount=0, lastAttempt=Wed Dec 31 16:00:00 PST 1969, appUseTime=Wed Dec 31 16:00:00 PST 1969, connectivityRecoveryTime=Wed Dec 31 16:00:00 PST 1969
08-28 09:26:05.376  6564  6838 W MusicLeanback: No valid account for suggested mixes
08-28 09:26:05.376  6564  6730 W WearSignatureVerifier: No package com.google.android.wearable.app.cn
08-28 09:26:05.377  6564  6730 W WearSignatureVerifier: No package com.google.android.wearable.app.cn
08-28 09:26:05.378  6564  6730 W WearSignatureVerifier: No package com.google.android.wearable.app.cn
08-28 09:26:05.382  6564  6564 W WearSignatureVerifier: No package com.google.android.wearable.app.cn
08-28 09:26:05.383  6564  6839 E GmsUtils: Failed to connect to Google API client: ConnectionResult{statusCode=API_UNAVAILABLE, resolution=null, message=null}
08-28 09:26:05.383  6564  6603 V TrackCacheManager: Removed 0 stale ephemeral files
08-28 09:26:05.385  6564  6838 I MusicLeanback: Conditions not met for autocaching. okToAttempt=false
08-28 09:26:05.385  6564  6838 I MusicLeanback: Stop autocaching.
08-28 09:26:05.385  6564  6838 D MusicLeanback: handleMessage: msg{ when=0 what=5 arg1=1 target=com.google.android.music.download.AbstractSchedulingService$ServiceWorker };mState=NOT_STARTED
08-28 09:26:05.386  6564  6564 D MusicLifecycle: com.google.android.music.autocache.AutoCacheSchedulingService generated event: Service destroyed
08-28 09:26:05.386  6564  6564 D MusicLeanback: onDestroy
08-28 09:26:05.519  6564  6716 I MediaStoreImporter: Update: incremental Added music: 0 Updated music: 0 Deleted music: 0 Created playlists: 0 Updated playlists: 0 Deleted playlists: 0 Inserted playlist items: 0 Deleted playlist items: 0 Removed orphaned playlist items: 0
08-28 09:26:05.519  6564  6564 D MusicLifecycle: com.google.android.music.download.EncapsulatedBroadcastReceiver$1 generated event: Broadcast received with context com.google.android.music.ui.PhoneMusicApplication@1b6f309 and intent Intent { act=com.google.android.music.IMPORT_COMPLETE flg=0x10 }
08-28 09:26:05.520  6564  6564 D MusicLifecycle: com.google.android.music.wear.WearBroadcastReceiver generated event: Broadcast received with context android.app.ReceiverRestrictedContext@e33b4df and intent Intent { act=com.google.android.music.IMPORT_COMPLETE flg=0x10 cmp=com.google.android.music/.wear.WearBroadcastReceiver }
08-28 09:26:05.529  6564  6730 W WearSignatureVerifier: No package com.google.android.wearable.app.cn
08-28 09:26:05.530  6564  6730 W WearSignatureVerifier: No package com.google.android.wearable.app.cn
08-28 09:26:05.531  6564  6730 W WearSignatureVerifier: No package com.google.android.wearable.app.cn
08-28 09:26:05.531  6564  6730 W WearSignatureVerifier: No package com.google.android.wearable.app.cn
08-28 09:26:05.534  5085  5984 I chatty  : uid=10010(com.google.android.gms) Binder_7 expire 1 line
08-28 09:26:05.535  6564  6564 W WearSignatureVerifier: No package com.google.android.wearable.app.cn
08-28 09:26:05.535  6564  6841 E GmsUtils: Failed to connect to Google API client: ConnectionResult{statusCode=API_UNAVAILABLE, resolution=null, message=null}
08-28 09:26:06.380  1911  4213 I ActivityManager: Killing 32499:com.google.corplogin.android/u0a86 (adj 15): empty #17
08-28 09:26:06.399  1911  4287 D ActivityManager: cleanUpApplicationRecord -- 32499
08-28 09:26:07.879  1433  1974 D audio_hw_primary: disable_audio_route: reset and update mixer path: low-latency-playback
08-28 09:26:07.879  1433  1974 D audio_hw_primary: disable_snd_device: snd_device(2: speaker)
08-28 09:26:08.318 31593  1853 I chatty  : uid=10054(com.google.android.talk) Hangouts Concur expire 6 lines
08-28 09:26:08.389  2451  2465 E PhoneInterfaceManager: [PhoneIntfMgr] getIccId: No UICC
08-28 09:26:08.399  4966  6866 I chatty  : uid=10010(com.google.android.gms) expire 3 lines
08-28 09:26:08.465  4966  6869 I chatty  : uid=10010(com.google.android.gms) expire 1 line
08-28 09:26:08.527  5085  5094 I chatty  : uid=10010(com.google.android.gms) HeapTaskDaemon expire 1 line
08-28 09:26:08.530  4966  6871 I chatty  : uid=10010(com.google.android.gms) expire 3 lines
08-28 09:26:17.174  1911  2045 D ConnectivityService: updateNetworkScore for NetworkAgentInfo [WIFI () - 165] to 56
08-28 09:26:17.327  1911  4213 I ActivityManager: START u0 {act=android.intent.action.MAIN cat=[android.intent.category.LAUNCHER] flg=0x10200000 cmp=com.chrome.dev/com.google.android.apps.chrome.Main bnds=[12,374][276,655] (has extras)} from uid 10026 on display 0
08-28 09:26:17.344  1433  1974 D audio_hw_primary: out_set_parameters: enter: usecase(1: low-latency-playback) kvpairs: routing=2
08-28 09:26:17.365  1433  1974 D audio_hw_primary: select_devices: out_snd_device(2: speaker) in_snd_device(0: none)
08-28 09:26:17.365  1433  1974 D msm8974_platform: platform_send_audio_calibration: sending audio calibration for snd_device(2) acdb_id(15)
08-28 09:26:17.365  1433  1974 D audio_hw_primary: enable_snd_device: snd_device(2: speaker)
08-28 09:26:17.366  1433  1974 D audio_hw_primary: enable_audio_route: apply and update mixer path: low-latency-playback
08-28 09:26:17.456  1911  2651 D ConnectivityService: listenForNetwork for Listen from uid/pid:10084/29316 for NetworkRequest [ id=315, legacyType=-1, [ Capabilities: INTERNET&NOT_RESTRICTED&TRUSTED] ]
08-28 09:26:17.483 29316 29316 I cr_InstantAppsHandler: Not handling with Instant Apps (other)
08-28 09:26:17.487  1911  3816 I ActivityManager: START u0 {act=android.intent.action.MAIN cat=[android.intent.category.LAUNCHER] flg=0x14002000 cmp=com.chrome.dev/org.chromium.chrome.browser.ChromeTabbedActivity bnds=[12,374][276,655] (has extras)} from uid 10084 on display 0
08-28 09:26:17.496  1911  3816 I ActivityManager: Killing 9080:com.google.android.apps.gcs/u0a9 (adj 15): empty #17
08-28 09:26:17.507  1911  2044 D WifiService: Client connection lost with reason: 4
08-28 09:26:17.514  1911  4213 D ActivityManager: cleanUpApplicationRecord -- 9080
08-28 09:26:17.526 29316 29316 W GmsClientEvents: unregisterConnectionCallbacks(): listener com.google.android.apps.chrome.payments.AndroidPayPaymentInstrument@68ca78d not found
08-28 09:26:17.526 29316 29316 W GmsClientEvents: unregisterConnectionFailedListener(): listener com.google.android.apps.chrome.payments.AndroidPayPaymentInstrument@68ca78d not found
08-28 09:26:17.596 29316 29316 I chromium: [INFO:CONSOLE(129)] "Uncaught (in promise) TypeError: err.toJSON is not a function", source: https://androidpayweb.firebaseapp.com/button-direct.html (129)
08-28 09:26:17.630  3754  3754 I chatty  : uid=1000(system) Binder_9 expire 2 lines
08-28 09:26:18.059  7259  6063 I PBSessionCacheImpl: Deleted sessionId[908392573019] from persistence.
08-28 09:26:18.064  7259  7259 I MicroDetector: Keeping mic open: false
08-28 09:26:18.064  7259  6072 I DeviceStateChecker: DeviceStateChecker cancelled
08-28 09:26:18.109  7259  6063 I AudioController: internalShutdown
08-28 09:26:18.109  7259  6063 I MicrophoneInputStream: mic_close com.google.android.apps.gsa.speech.audio.af@ccee7fb
08-28 09:26:18.109  7259  6138 E AudioRecord-JNI: Error -4 during AudioRecord native read
08-28 09:26:18.110  7259 22564 I MicroRecognitionRunner: Stopping hotword detection.
08-28 09:26:18.148  1433  6633 D audio_hw_primary: disable_audio_route: reset and update mixer path: audio-record
08-28 09:26:18.148  1433  6633 D audio_hw_primary: disable_snd_device: snd_device(61: voice-rec-mic)
08-28 09:26:18.155  7259  3686 I MicroRecognitionRunner: Detection finished
08-28 09:26:20.178  1911  2045 D ConnectivityService: updateNetworkScore for NetworkAgentInfo [WIFI () - 165] to 60
08-28 09:26:20.555  1433  1974 D audio_hw_primary: disable_audio_route: reset and update mixer path: low-latency-playback
08-28 09:26:20.555  1433  1974 D audio_hw_primary: disable_snd_device: snd_device(2: speaker)
08-28 09:26:20.906  4966  6963 I chatty  : uid=10010(com.google.android.gms) expire 3 lines
08-28 09:26:20.924  4966  6954 I chatty  : uid=10010(com.google.android.gms) expire 15 lines
08-28 09:26:20.925  4966  6953 I chatty  : uid=10010(com.google.android.gms) expire 9 lines
08-28 09:26:22.077 29316 29316 I chromium: [INFO:CONSOLE(0)] "Favicon not found for PaymentRequest UI. User may not recognize the website.", source: https://androidpayweb.firebaseapp.com/button-direct.html (0)
08-28 09:26:22.135  1911  2185 I ActivityManager: START u0 {act=com.google.android.gms.wallet.ib.INSTANT_BUY flg=0x10000 pkg=com.google.android.gms cmp=com.google.android.gms/.wallet.ib.IbActivity (has extras)} from uid 10010 on display 0
08-28 09:26:22.200  1911  2045 D ConnectivityService: releasing NetworkRequest NetworkRequest [ id=315, legacyType=-1, [ Capabilities: INTERNET&NOT_RESTRICTED&TRUSTED] ]
08-28 09:26:22.314 29316  6994 W X       : [TiclService] Ticl being stopped: Client: <ApplicationClientIdP: client_type=1018 client_name=896c9474-99a4-485e-86c6-2d15f1861bf0>, \n\006\n\004\010\003\020\001\022\022\tN\253\330F$.\222\261\021\245O\314\247)\210\345\037\032\007\010\212\"\020\003\030\001, <RunState: 2>
08-28 09:26:22.355  1911  1934 I UsageStatsService: User[0] Flushing usage stats to disk
08-28 09:26:22.440  1923  1923 I chatty  : uid=1000(system) Binder_1 expire 2 lines
08-28 09:26:22.508  1911  1950 I chatty  : uid=1000(system) android.display expire 1 line
08-28 09:26:22.500  1925  1925 I chatty  : uid=1000(system) Binder_2 expire 2 lines
08-28 09:26:23.394  5085  6398 I chatty  : uid=10010(com.google.android.gms) Places expire 1 line
08-28 09:26:24.553  1433  1974 D audio_hw_primary: out_set_parameters: enter: usecase(1: low-latency-playback) kvpairs: routing=2
08-28 09:26:24.563  1433  1974 D audio_hw_primary: select_devices: out_snd_device(2: speaker) in_snd_device(0: none)
08-28 09:26:24.563  1433  1974 D msm8974_platform: platform_send_audio_calibration: sending audio calibration for snd_device(2) acdb_id(15)
08-28 09:26:24.563  1433  1974 D audio_hw_primary: enable_snd_device: snd_device(2: speaker)
08-28 09:26:24.572  1433  1974 D audio_hw_primary: enable_audio_route: apply and update mixer path: low-latency-playback
08-28 09:26:24.679 30300 30309 I chatty  : uid=10010(com.google.android.gms) HeapTaskDaemon expire 1 line
08-28 09:26:24.693  5085  5384 I chatty  : uid=10010(com.google.android.gms) highpool[0] expire 1 line
08-28 09:26:24.748  5085  5385 I chatty  : uid=10010(com.google.android.gms) highpool[1] expire 5 lines
08-28 09:26:25.569 30300 30300 I chatty  : uid=10010 com.google.android.gms.ui expire 1 line
08-28 09:26:25.650  4966  7062 I chatty  : uid=10010(com.google.android.gms) expire 3 lines
08-28 09:26:25.730  2383  2383 I chatty  : uid=1000(system) Binder_5 expire 2 lines
08-28 09:26:25.931  4966  7071 I chatty  : uid=10010(com.google.android.gms) expire 3 lines
08-28 09:26:27.354  1433  1974 D audio_hw_primary: out_set_parameters: enter: usecase(1: low-latency-playback) kvpairs: routing=2
08-28 09:26:27.365  1911  3817 W InputMethodManagerService: Window already focused, ignoring focus gain of: com.android.internal.view.IInputMethodClient$Stub$Proxy@b9b4d89 attribute=null, token = android.os.BinderProxy@35f5c4
08-28 09:26:27.388  1433  1974 D AudioFlinger: mixer(0xb40c0000) throttle end: throttle time(7)
08-28 09:26:30.464  1911 25008 I chatty  : uid=1000(system) Thread-1977 expire 2 lines
08-28 09:26:30.527  1433  1974 D audio_hw_primary: disable_audio_route: reset and update mixer path: low-latency-playback
08-28 09:26:30.527  1433  1974 D audio_hw_primary: disable_snd_device: snd_device(2: speaker)
08-28 09:26:31.658  7259  7095 I EventLogSendingHelper: Sending log events.
08-28 09:26:33.434 31593  2179 I chatty  : uid=10054(com.google.android.talk) Hangouts Concur expire 5 lines
08-28 09:26:33.480  4966  7121 I chatty  : uid=10010(com.google.android.gms) expire 3 lines
08-28 09:26:33.491  4966  7123 I chatty  : uid=10010(com.google.android.gms) expire 2 lines
08-28 09:26:33.495  4966  7124 I chatty  : uid=10010(com.google.android.gms) expire 7 lines
08-28 09:26:33.524  1911  1920 I chatty  : uid=1000(system) HeapTaskDaemon expire 1 line
08-28 09:26:33.526  2451  3229 E PhoneInterfaceManager: [PhoneIntfMgr] getIccId: No UICC
08-28 09:26:35.649  4966  2887 I chatty  : uid=10010(com.google.android.gms) highpool[30] expire 5 lines
08-28 09:26:35.710  4966  5496 I chatty  : uid=10010(com.google.android.gms) lowpool[95] expire 9 lines
08-28 09:26:35.769  4966  6328 I chatty  : uid=10010(com.google.android.gms) lowpool[97] expire 3 lines
08-28 09:26:35.824  4966  2861 I chatty  : uid=10010(com.google.android.gms) highpool[17] expire 3 lines
08-28 09:26:38.295  1911  2045 D ConnectivityService: updateNetworkScore for NetworkAgentInfo [WIFI () - 165] to 56
08-28 09:26:47.356  1911  2045 D ConnectivityService: updateNetworkScore for NetworkAgentInfo [WIFI () - 165] to 60
08-28 09:26:48.332  1433  1974 D audio_hw_primary: out_set_parameters: enter: usecase(1: low-latency-playback) kvpairs: routing=2
08-28 09:26:48.342  1433  1974 D audio_hw_primary: select_devices: out_snd_device(2: speaker) in_snd_device(0: none)
08-28 09:26:48.342  1433  1974 D msm8974_platform: platform_send_audio_calibration: sending audio calibration for snd_device(2) acdb_id(15)
08-28 09:26:48.342  1433  1974 D audio_hw_primary: enable_snd_device: snd_device(2: speaker)
08-28 09:26:48.346  1433  1974 D audio_hw_primary: enable_audio_route: apply and update mixer path: low-latency-playback
08-28 09:26:48.917 30300 30300 I chatty  : uid=10010 com.google.android.gms.ui expire 19 lines
08-28 09:26:48.922 29316 29316 W GmsClientEvents: unregisterConnectionCallbacks(): listener com.google.android.apps.chrome.payments.AndroidPayPaymentInstrument@9236144 not found
08-28 09:26:48.922 29316 29316 W GmsClientEvents: unregisterConnectionFailedListener(): listener com.google.android.apps.chrome.payments.AndroidPayPaymentInstrument@9236144 not found
08-28 09:26:48.934  1911  2492 D ConnectivityService: listenForNetwork for Listen from uid/pid:10084/29316 for NetworkRequest [ id=316, legacyType=-1, [ Capabilities: INTERNET&NOT_RESTRICTED&TRUSTED] ]
08-28 09:26:48.979 29316 29316 I chromium: [INFO:CONSOLE(129)] "Uncaught (in promise) TypeError: err.toJSON is not a function", source: https://androidpayweb.firebaseapp.com/button-direct.html (129)
08-28 09:26:48.970  2651  2651 I chatty  : uid=1000(system) Binder_7 expire 2 lines
08-28 09:26:50.882  4966  7278 I chatty  : uid=10010(com.google.android.gms) expire 3 lines
08-28 09:26:50.894  4966  7236 I chatty  : uid=10010(com.google.android.gms) expire 10 lines
08-28 09:26:50.939  4966  7225 I chatty  : uid=10010(com.google.android.gms) expire 14 lines
08-28 09:26:51.548  1433  1974 D audio_hw_primary: disable_audio_route: reset and update mixer path: low-latency-playback
08-28 09:26:51.548  1433  1974 D audio_hw_primary: disable_snd_device: snd_device(2: speaker)
08-28 09:26:51.684 29316 29316 I chromium: [INFO:CONSOLE(0)] "Favicon not found for PaymentRequest UI. User may not recognize the website.", source: https://androidpayweb.firebaseapp.com/button-direct.html (0)
08-28 09:26:51.741  1911  4192 I ActivityManager: START u0 {act=com.google.android.gms.wallet.ib.INSTANT_BUY flg=0x10000 pkg=com.google.android.gms cmp=com.google.android.gms/.wallet.ib.IbActivity (has extras)} from uid 10010 on display 0
08-28 09:26:51.816  1911  2045 D ConnectivityService: releasing NetworkRequest NetworkRequest [ id=316, legacyType=-1, [ Capabilities: INTERNET&NOT_RESTRICTED&TRUSTED] ]
08-28 09:26:51.890  3817  3817 I chatty  : uid=1000(system) Binder_B expire 2 lines
08-28 09:26:51.909 29316  7312 W X       : [TiclService] Ticl being stopped: Client: <ApplicationClientIdP: client_type=1018 client_name=896c9474-99a4-485e-86c6-2d15f1861bf0>, \n\006\n\004\010\003\020\001\022\022\tN\253\330F$.\222\261\021\245O\314\247)\210\345\037\032\007\010\212\"\020\003\030\001, <RunState: 2>
08-28 09:26:51.967  1911  1950 I chatty  : uid=1000(system) android.display expire 1 line
08-28 09:26:51.960  2383  2383 I chatty  : uid=1000(system) Binder_5 expire 2 lines
08-28 09:26:53.432  7259  3686 W GmsLocationProvider: Error removing location updates: 16
08-28 09:26:53.629  1433  1974 D audio_hw_primary: out_set_parameters: enter: usecase(1: low-latency-playback) kvpairs: routing=2
08-28 09:26:53.639  1433  1974 D audio_hw_primary: select_devices: out_snd_device(2: speaker) in_snd_device(0: none)
08-28 09:26:53.639  1433  1974 D msm8974_platform: platform_send_audio_calibration: sending audio calibration for snd_device(2) acdb_id(15)
08-28 09:26:53.639  1433  1974 D audio_hw_primary: enable_snd_device: snd_device(2: speaker)
08-28 09:26:53.642  1433  1974 D audio_hw_primary: enable_audio_route: apply and update mixer path: low-latency-playback
08-28 09:26:53.648  5085  5384 I chatty  : uid=10010(com.google.android.gms) highpool[0] expire 1 line
08-28 09:26:53.697  5085  5385 I chatty  : uid=10010(com.google.android.gms) highpool[1] expire 5 lines
08-28 09:26:54.613  4966  7364 I chatty  : uid=10010(com.google.android.gms) expire 3 lines
08-28 09:26:54.720  2789  2789 I chatty  : uid=1000(system) Binder_8 expire 2 lines
08-28 09:26:54.867  4966  7377 I chatty  : uid=10010(com.google.android.gms) expire 3 lines
08-28 09:26:54.923  1911 25008 I chatty  : uid=1000(system) Thread-1977 expire 2 lines
08-28 09:26:56.091  1911  3754 W InputMethodManagerService: Window already focused, ignoring focus gain of: com.android.internal.view.IInputMethodClient$Stub$Proxy@86ede9d attribute=null, token = android.os.BinderProxy@4b78b9
08-28 09:26:56.094  1433  1974 D audio_hw_primary: out_set_parameters: enter: usecase(1: low-latency-playback) kvpairs: routing=2
08-28 09:26:57.424  1433  1974 D audio_hw_primary: out_set_parameters: enter: usecase(1: low-latency-playback) kvpairs: routing=2
08-28 09:26:57.461  1433  1974 D AudioFlinger: mixer(0xb40c0000) throttle end: throttle time(4)
08-28 09:26:57.965 29316 29316 W GmsClientEvents: unregisterConnectionCallbacks(): listener com.google.android.apps.chrome.payments.AndroidPayPaymentInstrument@2eaaf2a not found
08-28 09:26:57.965 29316 29316 W GmsClientEvents: unregisterConnectionFailedListener(): listener com.google.android.apps.chrome.payments.AndroidPayPaymentInstrument@2eaaf2a not found
08-28 09:26:57.980  1911  4192 D ConnectivityService: listenForNetwork for Listen from uid/pid:10084/29316 for NetworkRequest [ id=317, legacyType=-1, [ Capabilities: INTERNET&NOT_RESTRICTED&TRUSTED] ]
08-28 09:26:58.020  3819  3819 I chatty  : uid=1000(system) Binder_C expire 2 lines
08-28 09:26:58.027 29316 29316 I chromium: [INFO:CONSOLE(129)] "Uncaught (in promise) TypeError: err.toJSON is not a function", source: https://androidpayweb.firebaseapp.com/button-direct.html (129)
08-28 09:26:59.833  1911 25008 I chatty  : uid=1000(system) Thread-1977 expire 2 lines
08-28 09:27:00.602  1433  1974 D audio_hw_primary: disable_audio_route: reset and update mixer path: low-latency-playback
08-28 09:27:00.602  1433  1974 D audio_hw_primary: disable_snd_device: snd_device(2: speaker)
08-28 09:27:14.556  1911  2045 D ConnectivityService: updateNetworkScore for NetworkAgentInfo [WIFI () - 165] to 56
08-28 09:27:17.240  3817  3817 I chatty  : uid=1000(system) Binder_B expire 2 lines
08-28 09:27:17.256 31593 31631 I chatty  : uid=10054(com.google.android.talk) Hangouts Concur expire 3 lines
08-28 09:27:17.308 31593  1834 I chatty  : uid=10054(com.google.android.talk) Hangouts Concur expire 2 lines
08-28 09:27:17.328  4966  7435 I chatty  : uid=10010(com.google.android.gms) expire 3 lines
08-28 09:27:17.340  4966  7419 I chatty  : uid=10010(com.google.android.gms) expire 8 lines
08-28 09:27:17.382  4966  7443 I chatty  : uid=10010(com.google.android.gms) expire 1 line
08-28 09:27:17.435 31593 31629 I chatty  : uid=10054(com.google.android.talk) Hangouts Concur expire 1 line
08-28 09:27:21.114  1911 25008 I chatty  : uid=1000(system) Thread-1977 expire 2 lines
08-28 09:27:24.912 31593 31636 I chatty  : uid=10054(com.google.android.talk) Hangouts Concur expire 12 lines
08-28 09:27:24.921 31593  2179 I chatty  : uid=10054(com.google.android.talk) Hangouts Concur expire 12 lines
08-28 09:27:24.924 31593 31637 I chatty  : uid=10054(com.google.android.talk) Hangouts Concur expire 10 lines
08-28 09:27:24.971  4966  7478 I chatty  : uid=10010(com.google.android.gms) expire 3 lines
08-28 09:27:24.981  4966  7480 I chatty  : uid=10010(com.google.android.gms) expire 94 lines
08-28 09:27:25.013  4966  7481 I chatty  : uid=10010(com.google.android.gms) expire 21 lines
08-28 09:27:25.066  1911  1920 I chatty  : uid=1000(system) HeapTaskDaemon expire 1 line
08-28 09:27:28.789 31593  1854 I chatty  : uid=10054(com.google.android.talk) Hangouts Concur expire 8 lines
08-28 09:27:28.805 31593  2181 I chatty  : uid=10054(com.google.android.talk) Hangouts Concur expire 16 lines
08-28 09:27:28.808 31593  1853 I chatty  : uid=10054(com.google.android.talk) Hangouts Concur expire 10 lines
08-28 09:27:28.880  4966  7507 I chatty  : uid=10010(com.google.android.gms) expire 3 lines
08-28 09:27:30.042 31593  1834 I chatty  : uid=10054(com.google.android.talk) Hangouts Concur expire 10 lines
08-28 09:27:30.107  4966  7532 I chatty  : uid=10010(com.google.android.gms) expire 3 lines
08-28 09:27:30.226  4966  7534 I chatty  : uid=10010(com.google.android.gms) expire 3 lines
08-28 09:27:30.263  5085  5754 I chatty  : uid=10010(com.google.android.gms) netscheduler-qu expire 3 lines
08-28 09:27:31.916  2451  2465 E PhoneInterfaceManager: [PhoneIntfMgr] getIccId: No UICC
08-28 09:27:31.935  4966  7552 I chatty  : uid=10010(com.google.android.gms) expire 3 lines
08-28 09:27:32.086  4966  7568 I chatty  : uid=10010(com.google.android.gms) expire 3 lines
08-28 09:27:32.189 31593 31684 I chatty  : uid=10054(com.google.android.talk) Hangouts Concur expire 5 lines
08-28 09:27:32.214  1433  5229 D NuPlayerDriver: reset(0xb42348e0)
08-28 09:27:32.214  1433  5229 D NuPlayerDriver: notifyListener_l(0xb42348e0), (8, 0, 0)
08-28 09:27:32.214  1433  7571 D NuPlayerDriver: notifyResetComplete(0xb42348e0)
08-28 09:27:32.283 31593  7572 I chatty  : uid=10054(com.google.android.talk) expire 1 line
08-28 09:27:32.570 31593 31631 I chatty  : uid=10054(com.google.android.talk) Hangouts Concur expire 2 lines
08-28 09:27:32.612  4966  7587 I chatty  : uid=10010(com.google.android.gms) expire 3 lines
08-28 09:27:32.681  1911  2045 D ConnectivityService: updateNetworkScore for NetworkAgentInfo [WIFI () - 165] to 60
08-28 09:27:32.701 31593 31630 I chatty  : uid=10054(com.google.android.talk) Hangouts Concur expire 4 lines
08-28 09:27:32.736  4966  7594 I chatty  : uid=10010(com.google.android.gms) expire 3 lines
08-28 09:27:33.842  4966  7604 I chatty  : uid=10010(com.google.android.gms) expire 3 lines
08-28 09:27:34.225 31593 31593 I chatty  : uid=10054(com.google.android.talk) expire 2 lines
08-28 09:27:34.226 31593 31662 I chatty  : uid=10054(com.google.android.talk) Hangouts Concur expire 3 lines
08-28 09:27:35.369  5004  7616 I chatty  : uid=10010(com.google.android.gms) com.google.process.gapps expire 1 line
08-28 09:27:35.397  4966  7617 I chatty  : uid=10010(com.google.android.gms) expire 3 lines
08-28 09:27:35.461  9189  7639 I Gmail   : GMS Sync started for account: -478513533
08-28 09:27:35.471  9189  7639 I Gmail   : notifyAccountChanged
08-28 09:27:35.472  9189  9224 I Gmail   : getAccountsCursor
08-28 09:27:35.679  9189  7639 I Gmail   : MainSyncRequestProto: lowestBkwdConvoId: 0, highestHandledServerOp: 13641322, normalSync: true
08-28 09:27:35.695  1911  2045 D ConnectivityService: updateNetworkScore for NetworkAgentInfo [WIFI () - 165] to 56
08-28 09:27:35.870  9189  7639 I ag-dm   : Setting caribou server data layer preference: LEGACY, for account -478513533
08-28 09:27:35.959  9189  7639 I Gmail   : MainSyncRequestProto: lowestBkwdConvoId: 0, highestHandledServerOp: 13641623, normalSync: true
08-28 09:27:36.706  9189  7639 I ag-dm   : Setting caribou server data layer preference: LEGACY, for account -478513533
08-28 09:27:36.851  9189  7639 E Gmail   : Dictionary checksum mismatch for conversation 1576022503029051826. Expected 399dd2a but was 63ecde24
08-28 09:27:36.851  9189  7639 W Gmail   : handleConversationProto: Could not deflate conversation 1576022503029051826. marking conversation as dirty
08-28 09:27:36.971  9189  7639 I Gmail   : MainSyncRequestProto: lowestBkwdConvoId: 0, highestHandledServerOp: 13641623, normalSync: true
08-28 09:27:37.627  9189  7639 I ag-dm   : Setting caribou server data layer preference: LEGACY, for account -478513533
08-28 09:27:37.772  9189  7639 W Gmail   : handleConversationProto: Dirty conversation 1576022503029051826 synced successfully. Marking as dirty in DB
08-28 09:27:37.934  9189  7639 I Gmail   : MainSyncRequestProto: lowestBkwdConvoId: 0, highestHandledServerOp: 13641626, normalSync: true
08-28 09:27:37.935  9189  7639 I Gmail   : lowestBackward conversation id 0
08-28 09:27:38.016  4966  2861 I chatty  : uid=10010(com.google.android.gms) highpool[17] expire 1 line
08-28 09:27:38.018  4966  2887 I chatty  : uid=10010(com.google.android.gms) highpool[30] expire 1 line
08-28 09:27:38.033  9189  7639 I Gmail   : AppDataSearch: minSeqNo=161521, maxSeqNo=165722, lastCommittedSequence=165687
08-28 09:27:38.070  4966   725 I chatty  : uid=10010(com.google.android.gms) lowpool[75] expire 5 lines
08-28 09:27:38.163  9189  7639 I Gmail   : Sending provider changed intent: Intent { act=android.intent.action.PROVIDER_CHANGED dat=content://gmail-ls/unread/^sq_ig_i_notification (has extras) }
08-28 09:27:38.169  9189  7639 I Gmail   : notifyAccountChanged
08-28 09:27:38.175  9189  9204 I Gmail   : getAccountsCursor
08-28 09:27:38.175  9189  7639 I ag-dm   : Setting last running data layer: LEGACY, for account -478513533
08-28 09:27:38.179  9189  7639 W Gmail   : Sync complete for account: -478513533
08-28 09:27:38.630  4966  7670 I chatty  : uid=10010(com.google.android.gms) expire 3 lines
08-28 09:27:38.711  1911  2045 D ConnectivityService: updateNetworkScore for NetworkAgentInfo [WIFI () - 165] to 60
08-28 09:27:38.738  5085  5094 I chatty  : uid=10010(com.google.android.gms) HeapTaskDaemon expire 1 line
08-28 09:27:38.751  4966  7683 I chatty  : uid=10010(com.google.android.gms) expire 3 lines
08-28 09:27:39.524  4966  7702 I chatty  : uid=10010(com.google.android.gms) expire 3 lines
08-28 09:27:39.614  4966  7710 I chatty  : uid=10010(com.google.android.gms) expire 3 lines
08-28 09:27:40.464 31593 31637 I chatty  : uid=10054(com.google.android.talk) Hangouts Concur expire 6 lines
08-28 09:27:40.512  4966  7717 I chatty  : uid=10010(com.google.android.gms) expire 3 lines
08-28 09:27:40.591  4966  7729 I chatty  : uid=10010(com.google.android.gms) expire 3 lines
08-28 09:27:44.215  2451  2465 E PhoneInterfaceManager: [PhoneIntfMgr] getIccId: No UICC
08-28 09:27:44.225  4966  7741 I chatty  : uid=10010(com.google.android.gms) expire 3 lines
08-28 09:27:44.254  4966  7481 I chatty  : uid=10010(com.google.android.gms) expire 19 lines
08-28 09:27:44.256  4966  7480 I chatty  : uid=10010(com.google.android.gms) expire 22 lines
08-28 09:27:44.889  4966  7779 I chatty  : uid=10010(com.google.android.gms) expire 3 lines
08-28 09:27:44.995  4966  7795 I chatty  : uid=10010(com.google.android.gms) expire 3 lines
08-28 09:27:47.155 31593 31636 I chatty  : uid=10054(com.google.android.talk) Hangouts Concur expire 1 line
08-28 09:27:47.194  4966  7831 I chatty  : uid=10010(com.google.android.gms) expire 3 lines
08-28 09:27:49.121  4966  7840 I chatty  : uid=10010(com.google.android.gms) expire 3 lines
08-28 09:27:49.229  4966  4975 I chatty  : uid=10010(com.google.android.gms) HeapTaskDaemon expire 1 line
08-28 09:27:56.094  2451  2465 E PhoneInterfaceManager: [PhoneIntfMgr] getIccId: No UICC
08-28 09:27:56.133  4966  7901 I chatty  : uid=10010(com.google.android.gms) expire 3 lines
08-28 09:27:56.142  4966  7902 I chatty  : uid=10010(com.google.android.gms) expire 13 lines
08-28 09:27:56.204 31593 31629 I chatty  : uid=10054(com.google.android.talk) Hangouts Concur expire 3 lines
08-28 09:27:56.216  1433  7953 D NuPlayerDriver: reset(0xb4234e20)
08-28 09:27:56.216  1433  7953 D NuPlayerDriver: notifyListener_l(0xb4234e20), (8, 0, 0)
08-28 09:27:56.216  1433  7904 D NuPlayerDriver: notifyResetComplete(0xb4234e20)
08-28 09:27:56.242  4966  7905 I chatty  : uid=10010(com.google.android.gms) expire 3 lines
08-28 09:27:56.263  1911 25008 I chatty  : uid=1000(system) Thread-1977 expire 1 line
08-28 09:27:58.313 31593 31660 I chatty  : uid=10054(com.google.android.talk) Hangouts Concur expire 3 lines
08-28 09:28:03.260  1433  1974 D audio_hw_primary: out_set_parameters: enter: usecase(1: low-latency-playback) kvpairs: routing=2
08-28 09:28:03.267  1911  2034 I ActivityManager: START u0 {act=android.intent.action.MAIN cat=[android.intent.category.HOME] flg=0x10200000 cmp=com.google.android.googlequicksearchbox/com.google.android.launcher.GEL (has extras)} from uid 1000 on display 0
08-28 09:28:03.271  1433  1974 D audio_hw_primary: select_devices: out_snd_device(2: speaker) in_snd_device(0: none)
08-28 09:28:03.271  1433  1974 D msm8974_platform: platform_send_audio_calibration: sending audio calibration for snd_device(2) acdb_id(15)
08-28 09:28:03.271  1433  1974 D audio_hw_primary: enable_snd_device: snd_device(2: speaker)
08-28 09:28:03.274  1433  1974 D audio_hw_primary: enable_audio_route: apply and update mixer path: low-latency-playback
08-28 09:28:03.321 17865 17865 E LegacyNowServiceClient: skipping logEndstates, service is null
08-28 09:28:03.360  4213  4213 I chatty  : uid=1000(system) Binder_F expire 2 lines
08-28 09:28:03.493  1911  2045 D ConnectivityService: releasing NetworkRequest NetworkRequest [ id=317, legacyType=-1, [ Capabilities: INTERNET&NOT_RESTRICTED&TRUSTED] ]
08-28 09:28:03.498 28457 28520 I PlayCommon: [4506] com.google.android.play.a.g.e(244): Preparing logs for uploading
